Archive member included to satisfy reference by file (symbol)

C:/Program Files/SEGGER/SEGGER Embedded Studio for ARM 6.30/lib/libc_v7em_fpv4_sp_d16_hard_t_le_eabi_balanced.a(strasmops_arm.o)
                              Output/Debug/Obj/06oos_centerTest/i2c.o (memcpy)
C:/Program Files/SEGGER/SEGGER Embedded Studio for ARM 6.30/lib/libc_v7em_fpv4_sp_d16_hard_t_le_eabi_balanced.a(strops.o)
                              Output/Debug/Obj/06oos_centerTest/ccms.o (memcmp)
C:/Program Files/SEGGER/SEGGER Embedded Studio for ARM 6.30/lib/libc_v7em_fpv4_sp_d16_hard_t_le_eabi_balanced.a(prinops.o)
                              Output/Debug/Obj/06oos_centerTest/openserial.o (snprintf)
C:/Program Files/SEGGER/SEGGER Embedded Studio for ARM 6.30/lib/libc_v7em_fpv4_sp_d16_hard_t_le_eabi_balanced.a(__SEGGER_RTL_vfprintf_long.o)
                              (__SEGGER_RTL_vfprintf_long)
C:/Program Files/SEGGER/SEGGER Embedded Studio for ARM 6.30/lib/libc_v7em_fpv4_sp_d16_hard_t_le_eabi_balanced.a(__SEGGER_RTL_vfscanf_long.o)
                              (__SEGGER_RTL_vfscanf_long)
C:/Program Files/SEGGER/SEGGER Embedded Studio for ARM 6.30/lib/libc_v7em_fpv4_sp_d16_hard_t_le_eabi_balanced.a(fileops.o)
                              C:/Program Files/SEGGER/SEGGER Embedded Studio for ARM 6.30/lib/libc_v7em_fpv4_sp_d16_hard_t_le_eabi_balanced.a(prinops.o) (fwrite)
C:/Program Files/SEGGER/SEGGER Embedded Studio for ARM 6.30/lib/libc_v7em_fpv4_sp_d16_hard_t_le_eabi_balanced.a(heapops.o)
                              C:/Program Files/SEGGER/SEGGER Embedded Studio for ARM 6.30/lib/libc_v7em_fpv4_sp_d16_hard_t_le_eabi_balanced.a(strops.o) (malloc)
C:/Program Files/SEGGER/SEGGER Embedded Studio for ARM 6.30/lib/libc_v7em_fpv4_sp_d16_hard_t_le_eabi_balanced.a(intasmops_arm.o)
                              C:/Program Files/SEGGER/SEGGER Embedded Studio for ARM 6.30/lib/libc_v7em_fpv4_sp_d16_hard_t_le_eabi_balanced.a(__SEGGER_RTL_vfprintf_long.o) (__aeabi_uldivmod)
C:/Program Files/SEGGER/SEGGER Embedded Studio for ARM 6.30/lib/libc_v7em_fpv4_sp_d16_hard_t_le_eabi_balanced.a(mbops.o)
                              C:/Program Files/SEGGER/SEGGER Embedded Studio for ARM 6.30/lib/libc_v7em_fpv4_sp_d16_hard_t_le_eabi_balanced.a(prinops.o) (__SEGGER_RTL_current_locale)
C:/Program Files/SEGGER/SEGGER Embedded Studio for ARM 6.30/lib/libc_v7em_fpv4_sp_d16_hard_t_le_eabi_balanced.a(sortops.o)
                              C:/Program Files/SEGGER/SEGGER Embedded Studio for ARM 6.30/lib/libc_v7em_fpv4_sp_d16_hard_t_le_eabi_balanced.a(mbops.o) (bsearch)
C:/Program Files/SEGGER/SEGGER Embedded Studio for ARM 6.30/lib/libc_v7em_fpv4_sp_d16_hard_t_le_eabi_balanced.a(timeops.o)
                              C:/Program Files/SEGGER/SEGGER Embedded Studio for ARM 6.30/lib/libc_v7em_fpv4_sp_d16_hard_t_le_eabi_balanced.a(mbops.o) (__SEGGER_RTL_string_list_encode)
C:/Program Files/SEGGER/SEGGER Embedded Studio for ARM 6.30/lib/libc_v7em_fpv4_sp_d16_hard_t_le_eabi_balanced.a(utilops.o)
                              C:/Program Files/SEGGER/SEGGER Embedded Studio for ARM 6.30/lib/libc_v7em_fpv4_sp_d16_hard_t_le_eabi_balanced.a(__SEGGER_RTL_vfscanf_long.o) (__SEGGER_RTL_digit)
C:/Program Files/SEGGER/SEGGER Embedded Studio for ARM 6.30/lib/libc_v7em_fpv4_sp_d16_hard_t_le_eabi_balanced.a(errno.o)
                              C:/Program Files/SEGGER/SEGGER Embedded Studio for ARM 6.30/lib/libc_v7em_fpv4_sp_d16_hard_t_le_eabi_balanced.a(fileops.o) (__aeabi_errno_addr)
C:/Program Files/SEGGER/SEGGER Embedded Studio for ARM 6.30/lib/libc_v7em_fpv4_sp_d16_hard_t_le_eabi_balanced.a(floatasmops_arm.o)
                              C:/Program Files/SEGGER/SEGGER Embedded Studio for ARM 6.30/lib/libc_v7em_fpv4_sp_d16_hard_t_le_eabi_balanced.a(utilops.o) (__aeabi_dmul)
C:/Program Files/SEGGER/SEGGER Embedded Studio for ARM 6.30/lib/libc_v7em_fpv4_sp_d16_hard_t_le_eabi_balanced.a(intops.o)
                              C:/Program Files/SEGGER/SEGGER Embedded Studio for ARM 6.30/lib/libc_v7em_fpv4_sp_d16_hard_t_le_eabi_balanced.a(timeops.o) (div)
C:/Program Files/SEGGER/SEGGER Embedded Studio for ARM 6.30/lib/heapops_basic_v7em_little.a(heapops_basic.o)
                              C:/Program Files/SEGGER/SEGGER Embedded Studio for ARM 6.30/lib/libc_v7em_fpv4_sp_d16_hard_t_le_eabi_balanced.a(heapops.o) (__SEGGER_RTL_alloc)

Discarded input sections

 .group         0x0000000000000000        0xc Output/Debug/Obj/06oos_centerTest/06oos_centerTest.o
 .group         0x0000000000000000        0xc Output/Debug/Obj/06oos_centerTest/06oos_centerTest.o
 .group         0x0000000000000000        0xc Output/Debug/Obj/06oos_centerTest/06oos_centerTest.o
 .group         0x0000000000000000        0xc Output/Debug/Obj/06oos_centerTest/06oos_centerTest.o
 .group         0x0000000000000000        0xc Output/Debug/Obj/06oos_centerTest/06oos_centerTest.o
 .group         0x0000000000000000        0xc Output/Debug/Obj/06oos_centerTest/06oos_centerTest.o
[...]
Memory Configuration

Name             Origin             Length             Attributes
UNPLACED_SECTIONS 0x0000000100000000 0x0000000000000000 xw
RAM1             0x0000000020000000 0x0000000000040000 xw
FLASH1           0x0000000000000000 0x0000000000100000 xw
*default*        0x0000000000000000 0xffffffffffffffff

Linker script and memory map

                0x0000000000013204                __SEGGER_RTL_vfprintf = __SEGGER_RTL_vfprintf_long
                0x0000000000000000                __SEGGER_RTL_vfscanf = __SEGGER_RTL_vfscanf_long
                0x0000000020000000                __RAM1_segment_start__ = 0x20000000
                0x0000000020040000                __RAM1_segment_end__ = 0x20040000
                0x0000000000040000                __RAM1_segment_size__ = 0x40000
                0x0000000000000000                __FLASH1_segment_start__ = 0x0
                0x0000000000100000                __FLASH1_segment_end__ = 0x100000
                0x0000000000100000                __FLASH1_segment_size__ = 0x100000
                0x0000000000002000                __HEAPSIZE__ = 0x2000
                0x0000000000000000                __STACKSIZE_PROCESS__ = 0x0
                0x0000000000002000                __STACKSIZE__ = 0x2000
                0x0000000020000000                __vectors_ram_load_start__ = 0x20000000

.vectors_ram    0x0000000020000000        0x0
                0x0000000020000000                __vectors_ram_start__ = .
                0x0000000020000000                __app_ram_start__ = __vectors_ram_start__
 *(.vectors_ram .vectors_ram.*)
                0x0000000020000000                __vectors_ram_end__ = (__vectors_ram_start__ + SIZEOF (.vectors_ram))
                0x0000000000000000                __vectors_ram_size__ = SIZEOF (.vectors_ram)
                0x0000000020000000                __vectors_ram_load_end__ = __vectors_ram_end__
                0x0000000000000001                . = ASSERT (((__vectors_ram_start__ == __vectors_ram_end__) || ((__vectors_ram_end__ - __RAM1_segment_start__) <= __RAM1_segment_size__)), error: .vectors_ram is too large to fit in RAM1 memory segment)
                0x0000000020000000                __nrf_sections_run_load_start__ = ALIGN (__vectors_ram_end__, 0x4)

.nrf_sections_run
                0x0000000020000000        0x0
                0x0000000020000000                __nrf_sections_run_start__ = .
                0x0000000020000000                __start_nrf_sections_run = __nrf_sections_run_start__
 *(.nrf_sections_run .nrf_sections_run.*)
                0x0000000020000000                __nrf_sections_run_end__ = (__nrf_sections_run_start__ + SIZEOF (.nrf_sections_run))
                0x0000000000000000                __nrf_sections_run_size__ = SIZEOF (.nrf_sections_run)
                0x0000000020000000                __nrf_sections_run_load_end__ = __nrf_sections_run_end__
                0x0000000000000001                . = ASSERT (((__nrf_sections_run_start__ == __nrf_sections_run_end__) || ((__nrf_sections_run_end__ - __RAM1_segment_start__) <= __RAM1_segment_size__)), error: .nrf_sections_run is too large to fit in RAM1 memory segment)
                0x0000000000000000                __vectors_load_start__ = 0x0

.vectors        0x0000000000000000      0x200
                0x0000000000000000                __vectors_start__ = .
 *(.vectors .vectors.*)
 .vectors       0x0000000000000000      0x200 Output/Debug/Obj/06oos_centerTest/ses_startup_nrf52840.o
                0x0000000000000000                _vectors
                0x0000000000000200                __vectors_end__ = (__vectors_start__ + SIZEOF (.vectors))
                0x0000000000000200                __vectors_size__ = SIZEOF (.vectors)
                0x0000000000000200                __vectors_load_end__ = __vectors_end__
                0x0000000000000001                . = ASSERT (((__vectors_start__ == __vectors_end__) || ((__vectors_end__ - __FLASH1_segment_start__) <= __FLASH1_segment_size__)), error: .vectors is too large to fit in FLASH1 memory segment)
                0x0000000000000200                __init_load_start__ = ALIGN (__vectors_end__, 0x4)

.init           0x0000000000000200      0x1ac
                0x0000000000000200                __init_start__ = .
 *(.init .init.*)
 .init          0x0000000000000200       0x18 Output/Debug/Obj/06oos_centerTest/ses_startup_nrf52840.o
                0x0000000000000200                NMI_Handler
                0x0000000000000202                HardFault_Handler
                0x0000000000000204                MemoryManagement_Handler
                0x0000000000000206                BusFault_Handler
                0x0000000000000208                UsageFault_Handler
                0x000000000000020a                SVC_Handler
                0x000000000000020c                DebugMon_Handler
                0x000000000000020e                PendSV_Handler
                0x0000000000000210                SysTick_Handler
                0x0000000000000212                QSPI_IRQHandler
                0x0000000000000212                POWER_CLOCK_IRQHandler
                0x0000000000000212                PDM_IRQHandler
                0x0000000000000212                TEMP_IRQHandler
                0x0000000000000212                QDEC_IRQHandler
                0x0000000000000212                GPIOTE_IRQHandler
                0x0000000000000212                PWM3_IRQHandler
                0x0000000000000212                FPU_IRQHandler
                0x0000000000000212                USBD_IRQHandler
                0x0000000000000212                SPIM0_SPIS0_TWIM0_TWIS0_SPI0_TWI0_IRQHandler
                0x0000000000000212                PWM1_IRQHandler
                0x0000000000000212                TIMER4_IRQHandler
                0x0000000000000212                CRYPTOCELL_IRQHandler
                0x0000000000000212                I2S_IRQHandler
                0x0000000000000212                TIMER3_IRQHandler
                0x0000000000000212                TIMER0_IRQHandler
                0x0000000000000212                UARTE1_IRQHandler
                0x0000000000000212                Dummy_Handler
                0x0000000000000212                TIMER1_IRQHandler
                0x0000000000000212                SPIM3_IRQHandler
                0x0000000000000212                PWM2_IRQHandler
                0x0000000000000212                ECB_IRQHandler
                0x0000000000000212                SPIM1_SPIS1_TWIM1_TWIS1_SPI1_TWI1_IRQHandler
                0x0000000000000212                SAADC_IRQHandler
                0x0000000000000212                CCM_AAR_IRQHandler
                0x0000000000000212                WDT_IRQHandler
                0x0000000000000212                SWI2_EGU2_IRQHandler
                0x0000000000000212                SWI5_EGU5_IRQHandler
                0x0000000000000212                RNG_IRQHandler
                0x0000000000000212                RTC2_IRQHandler
                0x0000000000000212                PWM0_IRQHandler
                0x0000000000000212                SWI3_EGU3_IRQHandler
                0x0000000000000212                RTC1_IRQHandler
                0x0000000000000212                SWI1_EGU1_IRQHandler
                0x0000000000000212                SPIM2_SPIS2_SPI2_IRQHandler
                0x0000000000000212                NFCT_IRQHandler
                0x0000000000000212                SWI4_EGU4_IRQHandler
                0x0000000000000212                MWU_IRQHandler
                0x0000000000000212                TIMER2_IRQHandler
                0x0000000000000212                COMP_LPCOMP_IRQHandler
                0x0000000000000214                nRFInitialize
 .init          0x0000000000000218       0x44 Output/Debug/Obj/06oos_centerTest/ses_startup_nrf_common.o
                0x0000000000000218                Reset_Handler
                0x000000000000021c                afterInitialize
 .init          0x000000000000025c      0x150 Output/Debug/Obj/06oos_centerTest/thumb_crt0.o
                0x000000000000025c                _start
                0x0000000000000306                exit
                0x00000000000003ac                __init_end__ = (__init_start__ + SIZEOF (.init))
                0x00000000000001ac                __init_size__ = SIZEOF (.init)
                0x00000000000003ac                __init_load_end__ = __init_end__
                0x0000000000000001                . = ASSERT (((__init_start__ == __init_end__) || ((__init_end__ - __FLASH1_segment_start__) <= __FLASH1_segment_size__)), error: .init is too large to fit in FLASH1 memory segment)
                0x00000000000003ac                __init_rodata_load_start__ = ALIGN (__init_end__, 0x4)

.init_rodata    0x00000000000003ac        0x0
                0x00000000000003ac                __init_rodata_start__ = .
 *(.init_rodata .init_rodata.*)
                0x00000000000003ac                __init_rodata_end__ = (__init_rodata_start__ + SIZEOF (.init_rodata))
                0x0000000000000000                __init_rodata_size__ = SIZEOF (.init_rodata)
                0x00000000000003ac                __init_rodata_load_end__ = __init_rodata_end__
                0x0000000000000001                . = ASSERT (((__init_rodata_start__ == __init_rodata_end__) || ((__init_rodata_end__ - __FLASH1_segment_start__) <= __FLASH1_segment_size__)), error: .init_rodata is too large to fit in FLASH1 memory segment)
                0x00000000000003ac                __text_load_start__ = ALIGN (__init_rodata_end__, 0x4)

.text           0x00000000000003ac    0x135d4
                0x00000000000003ac                __text_start__ = .
 *(.text .text.* .gnu.linkonce.t.* .glue_7t .glue_7 .gcc_except_table .ARM.extab* .gnu.linkonce.armextab.*)
 .glue_7        0x00000000000003ac        0x0 linker stubs
 .glue_7t       0x00000000000003ac        0x0 linker stubs
 .text.mote_main
                0x00000000000003ac       0x24 Output/Debug/Obj/06oos_centerTest/06oos_centerTest.o
                0x00000000000003ac                mote_main
 .text.iphc_init
                0x00000000000003d0        0x4 Output/Debug/Obj/06oos_centerTest/06oos_centerTest.o
                0x00000000000003d0                iphc_init
 .text.iphc_sendDone
                0x00000000000003d4       0x10 Output/Debug/Obj/06oos_centerTest/06oos_centerTest.o
                0x00000000000003d4                iphc_sendDone
 .text.iphc_receive
                0x00000000000003e4        0xa Output/Debug/Obj/06oos_centerTest/06oos_centerTest.o
                0x00000000000003e4                iphc_receive
 .text.forwarding_init
                0x00000000000003ee        0x4 Output/Debug/Obj/06oos_centerTest/06oos_centerTest.o
                0x00000000000003ee                forwarding_init
 .text.openbridge_init
                0x00000000000003f2        0x4 Output/Debug/Obj/06oos_centerTest/06oos_centerTest.o
                0x00000000000003f2                openbridge_init
 .text.openbridge_triggerData
                0x00000000000003f6        0x4 Output/Debug/Obj/06oos_centerTest/06oos_centerTest.o
                0x00000000000003f6                openbridge_triggerData
 .text.icmpv6_init
                0x00000000000003fa        0x4 Output/Debug/Obj/06oos_centerTest/06oos_centerTest.o
                0x00000000000003fa                icmpv6_init
 .text.icmpv6rpl_init
                0x00000000000003fe        0x4 Output/Debug/Obj/06oos_centerTest/06oos_centerTest.o
                0x00000000000003fe                icmpv6rpl_init
 .text.icmpv6rpl_writeDODAGid
                0x0000000000000402        0xa Output/Debug/Obj/06oos_centerTest/06oos_centerTest.o
                0x0000000000000402                icmpv6rpl_writeDODAGid
 .text.icmpv6rpl_getPreferredParentEui64
                0x000000000000040c       0x3c Output/Debug/Obj/06oos_centerTest/06oos_centerTest.o
                0x000000000000040c                icmpv6rpl_getPreferredParentEui64
 .text.icmpv6rpl_isPreferredParent
                0x0000000000000448       0x40 Output/Debug/Obj/06oos_centerTest/06oos_centerTest.o
                0x0000000000000448                icmpv6rpl_isPreferredParent
 .text.icmpv6rpl_getMyDAGrank
                0x0000000000000488        0x6 Output/Debug/Obj/06oos_centerTest/06oos_centerTest.o
                0x0000000000000488                icmpv6rpl_getMyDAGrank
 .text.icmpv6rpl_daoSent
                0x000000000000048e        0x6 Output/Debug/Obj/06oos_centerTest/06oos_centerTest.o
                0x000000000000048e                icmpv6rpl_daoSent
 .text.icmpv6rpl_updateMyDAGrankAndParentSelection
                0x0000000000000494        0x4 Output/Debug/Obj/06oos_centerTest/06oos_centerTest.o
                0x0000000000000494                icmpv6rpl_updateMyDAGrankAndParentSelection
 .text.openapps_init
                0x0000000000000498        0x4 Output/Debug/Obj/06oos_centerTest/06oos_centerTest.o
                0x0000000000000498                openapps_init
 .text.openweb_init
                0x000000000000049c        0x4 Output/Debug/Obj/06oos_centerTest/06oos_centerTest.o
                0x000000000000049c                openweb_init
 .text.__NVIC_SystemReset
                0x00000000000004a0       0x28 Output/Debug/Obj/06oos_centerTest/board.o
 .text.main     0x00000000000004c8        0xc Output/Debug/Obj/06oos_centerTest/board.o
                0x00000000000004c8                main
 .text.board_init
                0x00000000000004d4       0x42 Output/Debug/Obj/06oos_centerTest/board.o
                0x00000000000004d4                board_init
 .text.board_sleep
                0x0000000000000516        0x8 Output/Debug/Obj/06oos_centerTest/board.o
                0x0000000000000516                board_sleep
 .text.board_reset
                0x000000000000051e        0x6 Output/Debug/Obj/06oos_centerTest/board.o
                0x000000000000051e                board_reset
 .text.enable_dcdc
                0x0000000000000524       0x30 Output/Debug/Obj/06oos_centerTest/board.o
                0x0000000000000524                enable_dcdc
 .text.debugpins_init
                0x0000000000000554       0x4c Output/Debug/Obj/06oos_centerTest/debugpins.o
                0x0000000000000554                debugpins_init
 .text.debugpins_frame_toggle
                0x00000000000005a0       0x2e Output/Debug/Obj/06oos_centerTest/debugpins.o
                0x00000000000005a0                debugpins_frame_toggle
 .text.debugpins_slot_toggle
                0x00000000000005ce       0x2e Output/Debug/Obj/06oos_centerTest/debugpins.o
                0x00000000000005ce                debugpins_slot_toggle
 .text.debugpins_fsm_set
                0x00000000000005fc       0x10 Output/Debug/Obj/06oos_centerTest/debugpins.o
                0x00000000000005fc                debugpins_fsm_set
 .text.debugpins_fsm_clr
                0x000000000000060c       0x10 Output/Debug/Obj/06oos_centerTest/debugpins.o
                0x000000000000060c                debugpins_fsm_clr
 .text.debugpins_fsm_toggle
                0x000000000000061c       0x2e Output/Debug/Obj/06oos_centerTest/debugpins.o
                0x000000000000061c                debugpins_fsm_toggle
 .text.debugpins_task_set
                0x000000000000064a       0x10 Output/Debug/Obj/06oos_centerTest/debugpins.o
                0x000000000000064a                debugpins_task_set
 .text.debugpins_task_clr
                0x000000000000065a       0x10 Output/Debug/Obj/06oos_centerTest/debugpins.o
                0x000000000000065a                debugpins_task_clr
 .text.debugpins_isr_set
                0x000000000000066a       0x10 Output/Debug/Obj/06oos_centerTest/debugpins.o
                0x000000000000066a                debugpins_isr_set
 .text.debugpins_isr_clr
                0x000000000000067a       0x10 Output/Debug/Obj/06oos_centerTest/debugpins.o
                0x000000000000067a                debugpins_isr_clr
 .text.debugpins_radio_set
                0x000000000000068a       0x10 Output/Debug/Obj/06oos_centerTest/debugpins.o
                0x000000000000068a                debugpins_radio_set
 .text.debugpins_radio_clr
                0x000000000000069a       0x10 Output/Debug/Obj/06oos_centerTest/debugpins.o
                0x000000000000069a                debugpins_radio_clr
 .text.eui64_get
                0x00000000000006aa       0x88 Output/Debug/Obj/06oos_centerTest/eui64.o
                0x00000000000006aa                eui64_get
 *fill*         0x0000000000000732        0x2 
 .text.i2c_init
                0x0000000000000734       0x4c Output/Debug/Obj/06oos_centerTest/i2c.o
                0x0000000000000734                i2c_init
 .text.nrf_gpio_cfg_input
                0x0000000000000780       0x3c Output/Debug/Obj/06oos_centerTest/i2c.o
                0x0000000000000780                nrf_gpio_cfg_input
 .text.leds_init
                0x00000000000007bc       0x3a Output/Debug/Obj/06oos_centerTest/leds.o
                0x00000000000007bc                leds_init
 .text.leds_error_off
                0x00000000000007f6       0x10 Output/Debug/Obj/06oos_centerTest/leds.o
                0x00000000000007f6                leds_error_off
 .text.leds_error_toggle
                0x0000000000000806       0x2e Output/Debug/Obj/06oos_centerTest/leds.o
                0x0000000000000806                leds_error_toggle
 .text.leds_sync_off
                0x0000000000000834       0x10 Output/Debug/Obj/06oos_centerTest/leds.o
                0x0000000000000834                leds_sync_off
 .text.leds_sync_on
                0x0000000000000844       0x10 Output/Debug/Obj/06oos_centerTest/leds.o
                0x0000000000000844                leds_sync_on
 .text.leds_sync_toggle
                0x0000000000000854       0x2e Output/Debug/Obj/06oos_centerTest/leds.o
                0x0000000000000854                leds_sync_toggle
 .text.leds_radio_off
                0x0000000000000882       0x10 Output/Debug/Obj/06oos_centerTest/leds.o
                0x0000000000000882                leds_radio_off
 .text.leds_radio_on
                0x0000000000000892       0x10 Output/Debug/Obj/06oos_centerTest/leds.o
                0x0000000000000892                leds_radio_on
 .text.leds_debug_off
                0x00000000000008a2       0x10 Output/Debug/Obj/06oos_centerTest/leds.o
                0x00000000000008a2                leds_debug_off
 .text.leds_debug_on
                0x00000000000008b2       0x10 Output/Debug/Obj/06oos_centerTest/leds.o
                0x00000000000008b2                leds_debug_on
 .text.leds_all_off
                0x00000000000008c2       0x16 Output/Debug/Obj/06oos_centerTest/leds.o
                0x00000000000008c2                leds_all_off
 .text.leds_error_blink
                0x00000000000008d8       0x48 Output/Debug/Obj/06oos_centerTest/leds.o
                0x00000000000008d8                leds_error_blink
 .text.__NVIC_EnableIRQ
                0x0000000000000920       0x34 Output/Debug/Obj/06oos_centerTest/radio.o
 .text.__NVIC_DisableIRQ
                0x0000000000000954       0x44 Output/Debug/Obj/06oos_centerTest/radio.o
 .text.__NVIC_ClearPendingIRQ
                0x0000000000000998       0x38 Output/Debug/Obj/06oos_centerTest/radio.o
 .text.__NVIC_SetPriority
                0x00000000000009d0       0x50 Output/Debug/Obj/06oos_centerTest/radio.o
 .text.radio_ble_init
                0x0000000000000a20       0xb0 Output/Debug/Obj/06oos_centerTest/radio.o
                0x0000000000000a20                radio_ble_init
 .text.radio_setStartFrameCb
                0x0000000000000ad0       0x14 Output/Debug/Obj/06oos_centerTest/radio.o
                0x0000000000000ad0                radio_setStartFrameCb
 .text.radio_setEndFrameCb
                0x0000000000000ae4       0x14 Output/Debug/Obj/06oos_centerTest/radio.o
                0x0000000000000ae4                radio_setEndFrameCb
 .text.radio_ble_setFrequency
                0x0000000000000af8       0x40 Output/Debug/Obj/06oos_centerTest/radio.o
                0x0000000000000af8                radio_ble_setFrequency
 .text.radio_rfOn
                0x0000000000000b38       0x1c Output/Debug/Obj/06oos_centerTest/radio.o
                0x0000000000000b38                radio_rfOn
 .text.radio_rfOff
                0x0000000000000b54       0x3c Output/Debug/Obj/06oos_centerTest/radio.o
                0x0000000000000b54                radio_rfOff
 .text.radio_ble_loadPacket
                0x0000000000000b90       0x60 Output/Debug/Obj/06oos_centerTest/radio.o
                0x0000000000000b90                radio_ble_loadPacket
 .text.radio_txEnable
                0x0000000000000bf0       0x3c Output/Debug/Obj/06oos_centerTest/radio.o
                0x0000000000000bf0                radio_txEnable
 .text.radio_txNow
                0x0000000000000c2c       0x18 Output/Debug/Obj/06oos_centerTest/radio.o
                0x0000000000000c2c                radio_txNow
 .text.radio_rxEnable
                0x0000000000000c44       0x3c Output/Debug/Obj/06oos_centerTest/radio.o
                0x0000000000000c44                radio_rxEnable
 .text.radio_rxNow
                0x0000000000000c80       0x24 Output/Debug/Obj/06oos_centerTest/radio.o
                0x0000000000000c80                radio_rxNow
 .text.radio_ble_getReceivedFrame
                0x0000000000000ca4       0x84 Output/Debug/Obj/06oos_centerTest/radio.o
                0x0000000000000ca4                radio_ble_getReceivedFrame
 .text.ble_channel_to_frequency
                0x0000000000000d28       0x7e Output/Debug/Obj/06oos_centerTest/radio.o
 *fill*         0x0000000000000da6        0x2 
 .text.radio_isr
                0x0000000000000da8       0x74 Output/Debug/Obj/06oos_centerTest/radio.o
                0x0000000000000da8                radio_isr
 .text.RADIO_IRQHandler
                0x0000000000000e1c       0x12 Output/Debug/Obj/06oos_centerTest/radio.o
                0x0000000000000e1c                RADIO_IRQHandler
 *fill*         0x0000000000000e2e        0x2 
 .text.sctimer_init
                0x0000000000000e30       0xb0 Output/Debug/Obj/06oos_centerTest/sctimer.o
                0x0000000000000e30                sctimer_init
 .text.sctimer_set_callback
                0x0000000000000ee0       0x14 Output/Debug/Obj/06oos_centerTest/sctimer.o
                0x0000000000000ee0                sctimer_set_callback
 .text.sctimer_setCompare
                0x0000000000000ef4       0x68 Output/Debug/Obj/06oos_centerTest/sctimer.o
                0x0000000000000ef4                sctimer_setCompare
 .text.sctimer_readCounter
                0x0000000000000f5c       0x10 Output/Debug/Obj/06oos_centerTest/sctimer.o
                0x0000000000000f5c                sctimer_readCounter
 .text.RTC0_IRQHandler
                0x0000000000000f6c       0x38 Output/Debug/Obj/06oos_centerTest/sctimer.o
                0x0000000000000f6c                RTC0_IRQHandler
 .text.SWI0_EGU0_IRQHandler
                0x0000000000000fa4       0x38 Output/Debug/Obj/06oos_centerTest/sctimer.o
                0x0000000000000fa4                SWI0_EGU0_IRQHandler
 .text.nrf52_errata_36
                0x0000000000000fdc       0x64 Output/Debug/Obj/06oos_centerTest/system_nrf52840.o
 .text.nrf52_errata_66
                0x0000000000001040       0x64 Output/Debug/Obj/06oos_centerTest/system_nrf52840.o
 .text.nrf52_errata_98
                0x00000000000010a4       0x64 Output/Debug/Obj/06oos_centerTest/system_nrf52840.o
 .text.nrf52_errata_103
                0x0000000000001108       0x64 Output/Debug/Obj/06oos_centerTest/system_nrf52840.o
 .text.nrf52_errata_115
                0x000000000000116c       0x64 Output/Debug/Obj/06oos_centerTest/system_nrf52840.o
 .text.nrf52_errata_120
                0x00000000000011d0       0x64 Output/Debug/Obj/06oos_centerTest/system_nrf52840.o
 .text.nrf52_errata_136
                0x0000000000001234       0x64 Output/Debug/Obj/06oos_centerTest/system_nrf52840.o
 .text.nrf52_errata_249
                0x0000000000001298       0x64 Output/Debug/Obj/06oos_centerTest/system_nrf52840.o
 .text.nrf52_handle_approtect
                0x00000000000012fc       0x20 Output/Debug/Obj/06oos_centerTest/system_nrf52840.o
 .text.SystemCoreClockUpdate
                0x000000000000131c       0x14 Output/Debug/Obj/06oos_centerTest/system_nrf52840.o
                0x000000000000131c                SystemCoreClockUpdate
 .text.SystemInit
                0x0000000000001330      0x1e4 Output/Debug/Obj/06oos_centerTest/system_nrf52840.o
                0x0000000000001330                SystemInit
 .text.uart_init
                0x0000000000001514       0x90 Output/Debug/Obj/06oos_centerTest/uart.o
                0x0000000000001514                uart_init
 .text.uart_setCallbacks
                0x00000000000015a4       0x1c Output/Debug/Obj/06oos_centerTest/uart.o
                0x00000000000015a4                uart_setCallbacks
 .text.uart_enableInterrupts
                0x00000000000015c0       0x10 Output/Debug/Obj/06oos_centerTest/uart.o
                0x00000000000015c0                uart_enableInterrupts
 .text.uart_setCTS
                0x00000000000015d0       0x2c Output/Debug/Obj/06oos_centerTest/uart.o
                0x00000000000015d0                uart_setCTS
 .text.uart_writeByte
                0x00000000000015fc       0x54 Output/Debug/Obj/06oos_centerTest/uart.o
                0x00000000000015fc                uart_writeByte
 .text.uart_readByte
                0x0000000000001650       0x10 Output/Debug/Obj/06oos_centerTest/uart.o
                0x0000000000001650                uart_readByte
 .text.UARTE0_UART0_IRQHandler
                0x0000000000001660       0x40 Output/Debug/Obj/06oos_centerTest/uart.o
                0x0000000000001660                UARTE0_UART0_IRQHandler
 .text.uart_tx_isr
                0x00000000000016a0       0x44 Output/Debug/Obj/06oos_centerTest/uart.o
                0x00000000000016a0                uart_tx_isr
 .text.uart_rx_isr
                0x00000000000016e4       0x20 Output/Debug/Obj/06oos_centerTest/uart.o
                0x00000000000016e4                uart_rx_isr
 .text.crcIteration
                0x0000000000001704       0x38 Output/Debug/Obj/06oos_centerTest/openhdlc.o
                0x0000000000001704                crcIteration
 .text.openserial_init
                0x000000000000173c       0x98 Output/Debug/Obj/06oos_centerTest/openserial.o
                0x000000000000173c                openserial_init
 .text.openserial_printLog
                0x00000000000017d4       0xd4 Output/Debug/Obj/06oos_centerTest/openserial.o
                0x00000000000017d4                openserial_printLog
 .text.openserial_printData
                0x00000000000018a8       0x56 Output/Debug/Obj/06oos_centerTest/openserial.o
                0x00000000000018a8                openserial_printData
 *fill*         0x00000000000018fe        0x2 
 .text.openserial_root_printf
                0x0000000000001900      0x20c Output/Debug/Obj/06oos_centerTest/openserial.o
                0x0000000000001900                openserial_root_printf
 .text.openserial_leader_printf
                0x0000000000001b0c      0x20c Output/Debug/Obj/06oos_centerTest/openserial.o
                0x0000000000001b0c                openserial_leader_printf
 .text.openserial_member_printf
                0x0000000000001d18      0x20c Output/Debug/Obj/06oos_centerTest/openserial.o
                0x0000000000001d18                openserial_member_printf
 .text.openserial_mysf_printf
                0x0000000000001f24      0x1f8 Output/Debug/Obj/06oos_centerTest/openserial.o
                0x0000000000001f24                openserial_mysf_printf
 .text.openserial_getInputBuffer
                0x000000000000211c       0x88 Output/Debug/Obj/06oos_centerTest/openserial.o
                0x000000000000211c                openserial_getInputBuffer
 .text.openserial_flush
                0x00000000000021a4       0x88 Output/Debug/Obj/06oos_centerTest/openserial.o
                0x00000000000021a4                openserial_flush
 .text.openserial_inhibitStart
                0x000000000000222c       0x14 Output/Debug/Obj/06oos_centerTest/openserial.o
                0x000000000000222c                openserial_inhibitStart
 .text.openserial_inhibitStop
                0x0000000000002240       0x1c Output/Debug/Obj/06oos_centerTest/openserial.o
                0x0000000000002240                openserial_inhibitStop
 .text.internal_openserial_print
                0x000000000000225c       0xbc Output/Debug/Obj/06oos_centerTest/openserial.o
                0x000000000000225c                internal_openserial_print
 .text.openserial_handleRxFrame
                0x0000000000002318      0x108 Output/Debug/Obj/06oos_centerTest/openserial.o
                0x0000000000002318                openserial_handleRxFrame
 .text.openserial_handleEcho
                0x0000000000002420       0x20 Output/Debug/Obj/06oos_centerTest/openserial.o
                0x0000000000002420                openserial_handleEcho
 .text.openserial_board_reset_cb
                0x0000000000002440       0x16 Output/Debug/Obj/06oos_centerTest/openserial.o
                0x0000000000002440                openserial_board_reset_cb
 *fill*         0x0000000000002456        0x2 
 .text.outputHdlcOpen
                0x0000000000002458       0x44 Output/Debug/Obj/06oos_centerTest/openserial.o
                0x0000000000002458                outputHdlcOpen
 .text.outputHdlcWrite
                0x000000000000249c       0xac Output/Debug/Obj/06oos_centerTest/openserial.o
                0x000000000000249c                outputHdlcWrite
 .text.outputHdlcClose
                0x0000000000002548       0x6c Output/Debug/Obj/06oos_centerTest/openserial.o
                0x0000000000002548                outputHdlcClose
 .text.inputHdlcOpen
                0x00000000000025b4       0x1c Output/Debug/Obj/06oos_centerTest/openserial.o
                0x00000000000025b4                inputHdlcOpen
 .text.inputHdlcWrite
                0x00000000000025d0       0x84 Output/Debug/Obj/06oos_centerTest/openserial.o
                0x00000000000025d0                inputHdlcWrite
 .text.inputHdlcClose
                0x0000000000002654       0x30 Output/Debug/Obj/06oos_centerTest/openserial.o
                0x0000000000002654                inputHdlcClose
 .text.task_printInputBufferOverflow
                0x0000000000002684       0x1c Output/Debug/Obj/06oos_centerTest/openserial.o
                0x0000000000002684                task_printInputBufferOverflow
 .text.task_printWrongCRCInput
                0x00000000000026a0       0x1c Output/Debug/Obj/06oos_centerTest/openserial.o
                0x00000000000026a0                task_printWrongCRCInput
 .text.isr_openserial_tx
                0x00000000000026bc       0xb0 Output/Debug/Obj/06oos_centerTest/openserial.o
                0x00000000000026bc                isr_openserial_tx
 .text.isr_openserial_rx
                0x000000000000276c       0xf0 Output/Debug/Obj/06oos_centerTest/openserial.o
                0x000000000000276c                isr_openserial_rx
 .text.opentimers_init
                0x000000000000285c       0x20 Output/Debug/Obj/06oos_centerTest/opentimers.o
                0x000000000000285c                opentimers_init
 .text.opentimers_create
                0x000000000000287c       0xe0 Output/Debug/Obj/06oos_centerTest/opentimers.o
                0x000000000000287c                opentimers_create
 .text.opentimers_scheduleIn
                0x000000000000295c      0x2c4 Output/Debug/Obj/06oos_centerTest/opentimers.o
                0x000000000000295c                opentimers_scheduleIn
 .text.opentimers_scheduleAbsolute
                0x0000000000002c20      0x2b4 Output/Debug/Obj/06oos_centerTest/opentimers.o
                0x0000000000002c20                opentimers_scheduleAbsolute
 .text.opentimers_cancel
                0x0000000000002ed4       0x48 Output/Debug/Obj/06oos_centerTest/opentimers.o
                0x0000000000002ed4                opentimers_cancel
 .text.opentimers_getValue
                0x0000000000002f1c        0xc Output/Debug/Obj/06oos_centerTest/opentimers.o
                0x0000000000002f1c                opentimers_getValue
 .text.opentimers_getCurrentCompareValue
                0x0000000000002f28       0x10 Output/Debug/Obj/06oos_centerTest/opentimers.o
                0x0000000000002f28                opentimers_getCurrentCompareValue
 .text.opentimers_timer_callback
                0x0000000000002f38      0x4ec Output/Debug/Obj/06oos_centerTest/opentimers.o
                0x0000000000002f38                opentimers_timer_callback
 .text.scheduler_start
                0x0000000000003424       0x50 Output/Debug/Obj/06oos_centerTest/scheduler.o
                0x0000000000003424                scheduler_start
 .text.scheduler_push_task
                0x0000000000003474       0xa0 Output/Debug/Obj/06oos_centerTest/scheduler.o
                0x0000000000003474                scheduler_push_task
 .text.ieee802154_prependHeader
                0x0000000000003514      0x3ca Output/Debug/Obj/06oos_centerTest/IEEE802154.o
                0x0000000000003514                ieee802154_prependHeader
 *fill*         0x00000000000038de        0x2 
 .text.ieee802154_retrieveHeader
                0x00000000000038e0      0x584 Output/Debug/Obj/06oos_centerTest/IEEE802154.o
                0x00000000000038e0                ieee802154_retrieveHeader
 .text.IEEE802154_security_init
                0x0000000000003e64       0x40 Output/Debug/Obj/06oos_centerTest/IEEE802154_security.o
                0x0000000000003e64                IEEE802154_security_init
 .text.IEEE802154_security_getBeaconKeyIndex
                0x0000000000003ea4        0xc Output/Debug/Obj/06oos_centerTest/IEEE802154_security.o
                0x0000000000003ea4                IEEE802154_security_getBeaconKeyIndex
 .text.IEEE802154_security_getDataKeyIndex
                0x0000000000003eb0        0xc Output/Debug/Obj/06oos_centerTest/IEEE802154_security.o
                0x0000000000003eb0                IEEE802154_security_getDataKeyIndex
 .text.IEEE802154_security_setBeaconKey
                0x0000000000003ebc       0x38 Output/Debug/Obj/06oos_centerTest/IEEE802154_security.o
                0x0000000000003ebc                IEEE802154_security_setBeaconKey
 .text.IEEE802154_security_setDataKey
                0x0000000000003ef4       0x38 Output/Debug/Obj/06oos_centerTest/IEEE802154_security.o
                0x0000000000003ef4                IEEE802154_security_setDataKey
 .text.IEEE802154_security_isConfigured
                0x0000000000003f2c       0x2c Output/Debug/Obj/06oos_centerTest/IEEE802154_security.o
                0x0000000000003f2c                IEEE802154_security_isConfigured
 .text.IEEE802154_security_prependAuxiliarySecurityHeader
                0x0000000000003f58        0xc Output/Debug/Obj/06oos_centerTest/IEEE802154_security.o
                0x0000000000003f58                IEEE802154_security_prependAuxiliarySecurityHeader
 .text.IEEE802154_security_outgoingFrameSecurity
                0x0000000000003f64        0xc Output/Debug/Obj/06oos_centerTest/IEEE802154_security.o
                0x0000000000003f64                IEEE802154_security_outgoingFrameSecurity
 .text.IEEE802154_security_incomingFrame
                0x0000000000003f70        0xc Output/Debug/Obj/06oos_centerTest/IEEE802154_security.o
                0x0000000000003f70                IEEE802154_security_incomingFrame
 .text.IEEE802154_security_getSecurityLevel
                0x0000000000003f7c        0xc Output/Debug/Obj/06oos_centerTest/IEEE802154_security.o
                0x0000000000003f7c                IEEE802154_security_getSecurityLevel
 .text.IEEE802154_security_acceptableLevel
                0x0000000000003f88        0xe Output/Debug/Obj/06oos_centerTest/IEEE802154_security.o
                0x0000000000003f88                IEEE802154_security_acceptableLevel
 *fill*         0x0000000000003f96        0x2 
 .text.ieee154e_init
                0x0000000000003f98       0xf4 Output/Debug/Obj/06oos_centerTest/IEEE802154E.o
                0x0000000000003f98                ieee154e_init
 .text.ieee154e_asnDiff
                0x000000000000408c       0xa8 Output/Debug/Obj/06oos_centerTest/IEEE802154E.o
                0x000000000000408c                ieee154e_asnDiff
 .text.ieee154e_orderToASNStructure
                0x0000000000004134       0x4e Output/Debug/Obj/06oos_centerTest/IEEE802154E.o
                0x0000000000004134                ieee154e_orderToASNStructure
 *fill*         0x0000000000004182        0x2 
 .text.isr_ieee154e_newSlot
                0x0000000000004184       0x90 Output/Debug/Obj/06oos_centerTest/IEEE802154E.o
                0x0000000000004184                isr_ieee154e_newSlot
 .text.isr_ieee154e_timer
                0x0000000000004214      0x12c Output/Debug/Obj/06oos_centerTest/IEEE802154E.o
                0x0000000000004214                isr_ieee154e_timer
 .text.isr_ieee154e_inhibitStart
                0x0000000000004340       0x16 Output/Debug/Obj/06oos_centerTest/IEEE802154E.o
                0x0000000000004340                isr_ieee154e_inhibitStart
 *fill*         0x0000000000004356        0x2 
 .text.ieee154e_startOfFrame
                0x0000000000004358       0xe8 Output/Debug/Obj/06oos_centerTest/IEEE802154E.o
                0x0000000000004358                ieee154e_startOfFrame
 .text.ieee154e_endOfFrame
                0x0000000000004440       0xd4 Output/Debug/Obj/06oos_centerTest/IEEE802154E.o
                0x0000000000004440                ieee154e_endOfFrame
 .text.activity_synchronize_newSlot
                0x0000000000004514      0x190 Output/Debug/Obj/06oos_centerTest/IEEE802154E.o
                0x0000000000004514                activity_synchronize_newSlot
 .text.activity_synchronize_startOfFrame
                0x00000000000046a4       0x44 Output/Debug/Obj/06oos_centerTest/IEEE802154E.o
                0x00000000000046a4                activity_synchronize_startOfFrame
 .text.activity_synchronize_endOfFrame
                0x00000000000046e8      0x3a4 Output/Debug/Obj/06oos_centerTest/IEEE802154E.o
                0x00000000000046e8                activity_synchronize_endOfFrame
 .text.ieee154e_processIEs
                0x0000000000004a8c       0xa0 Output/Debug/Obj/06oos_centerTest/IEEE802154E.o
                0x0000000000004a8c                ieee154e_processIEs
 .text.activity_ti1ORri1
                0x0000000000004b2c      0x45c Output/Debug/Obj/06oos_centerTest/IEEE802154E.o
                0x0000000000004b2c                activity_ti1ORri1
 .text.activity_ti2
                0x0000000000004f88       0xa8 Output/Debug/Obj/06oos_centerTest/IEEE802154E.o
                0x0000000000004f88                activity_ti2
 .text.activity_tie1
                0x0000000000005030       0x30 Output/Debug/Obj/06oos_centerTest/IEEE802154E.o
                0x0000000000005030                activity_tie1
 .text.activity_ti3
                0x0000000000005060       0x40 Output/Debug/Obj/06oos_centerTest/IEEE802154E.o
                0x0000000000005060                activity_ti3
 .text.activity_tie2
                0x00000000000050a0       0x30 Output/Debug/Obj/06oos_centerTest/IEEE802154E.o
                0x00000000000050a0                activity_tie2
 .text.activity_ti4
                0x00000000000050d0       0x68 Output/Debug/Obj/06oos_centerTest/IEEE802154E.o
                0x00000000000050d0                activity_ti4
 .text.activity_tie3
                0x0000000000005138       0x30 Output/Debug/Obj/06oos_centerTest/IEEE802154E.o
                0x0000000000005138                activity_tie3
 .text.activity_ti5
                0x0000000000005168       0xd4 Output/Debug/Obj/06oos_centerTest/IEEE802154E.o
                0x0000000000005168                activity_ti5
 .text.activity_ti6
                0x000000000000523c       0x64 Output/Debug/Obj/06oos_centerTest/IEEE802154E.o
                0x000000000000523c                activity_ti6
 .text.activity_tie4
                0x00000000000052a0       0x30 Output/Debug/Obj/06oos_centerTest/IEEE802154E.o
                0x00000000000052a0                activity_tie4
 .text.activity_ti7
                0x00000000000052d0       0x40 Output/Debug/Obj/06oos_centerTest/IEEE802154E.o
                0x00000000000052d0                activity_ti7
 .text.activity_tie5
                0x0000000000005310       0x84 Output/Debug/Obj/06oos_centerTest/IEEE802154E.o
                0x0000000000005310                activity_tie5
 .text.activity_ti8
                0x0000000000005394       0x68 Output/Debug/Obj/06oos_centerTest/IEEE802154E.o
                0x0000000000005394                activity_ti8
 .text.activity_tie6
                0x00000000000053fc       0x30 Output/Debug/Obj/06oos_centerTest/IEEE802154E.o
                0x00000000000053fc                activity_tie6
 .text.activity_ti9
                0x000000000000542c      0x248 Output/Debug/Obj/06oos_centerTest/IEEE802154E.o
                0x000000000000542c                activity_ti9
 .text.activity_ri2
                0x0000000000005674       0x64 Output/Debug/Obj/06oos_centerTest/IEEE802154E.o
                0x0000000000005674                activity_ri2
 .text.activity_rie1
                0x00000000000056d8       0x30 Output/Debug/Obj/06oos_centerTest/IEEE802154E.o
                0x00000000000056d8                activity_rie1
 .text.activity_ri3
                0x0000000000005708       0x40 Output/Debug/Obj/06oos_centerTest/IEEE802154E.o
                0x0000000000005708                activity_ri3
 .text.activity_rie2
                0x0000000000005748        0xa Output/Debug/Obj/06oos_centerTest/IEEE802154E.o
                0x0000000000005748                activity_rie2
 *fill*         0x0000000000005752        0x2 
 .text.activity_ri4
                0x0000000000005754       0x70 Output/Debug/Obj/06oos_centerTest/IEEE802154E.o
                0x0000000000005754                activity_ri4
 .text.activity_rie3
                0x00000000000057c4       0x30 Output/Debug/Obj/06oos_centerTest/IEEE802154E.o
                0x00000000000057c4                activity_rie3
 .text.activity_ri5
                0x00000000000057f4      0x378 Output/Debug/Obj/06oos_centerTest/IEEE802154E.o
                0x00000000000057f4                activity_ri5
 .text.activity_ri6
                0x0000000000005b6c      0x1bc Output/Debug/Obj/06oos_centerTest/IEEE802154E.o
                0x0000000000005b6c                activity_ri6
 .text.activity_rie4
                0x0000000000005d28       0x30 Output/Debug/Obj/06oos_centerTest/IEEE802154E.o
                0x0000000000005d28                activity_rie4
 .text.activity_ri7
                0x0000000000005d58       0x40 Output/Debug/Obj/06oos_centerTest/IEEE802154E.o
                0x0000000000005d58                activity_ri7
 .text.activity_rie5
                0x0000000000005d98       0x30 Output/Debug/Obj/06oos_centerTest/IEEE802154E.o
                0x0000000000005d98                activity_rie5
 .text.activity_ri8
                0x0000000000005dc8       0x68 Output/Debug/Obj/06oos_centerTest/IEEE802154E.o
                0x0000000000005dc8                activity_ri8
 .text.activity_rie6
                0x0000000000005e30       0x30 Output/Debug/Obj/06oos_centerTest/IEEE802154E.o
                0x0000000000005e30                activity_rie6
 .text.activity_ri9
                0x0000000000005e60       0x90 Output/Debug/Obj/06oos_centerTest/IEEE802154E.o
                0x0000000000005e60                activity_ri9
 .text.isValidRxFrame
                0x0000000000005ef0       0x68 Output/Debug/Obj/06oos_centerTest/IEEE802154E.o
                0x0000000000005ef0                isValidRxFrame
 .text.isValidAck
                0x0000000000005f58       0x6a Output/Debug/Obj/06oos_centerTest/IEEE802154E.o
                0x0000000000005f58                isValidAck
 *fill*         0x0000000000005fc2        0x2 
 .text.incrementAsnOffset
                0x0000000000005fc4       0xb0 Output/Debug/Obj/06oos_centerTest/IEEE802154E.o
                0x0000000000005fc4                incrementAsnOffset
 .text.ieee154e_resetAsn
                0x0000000000006074       0x30 Output/Debug/Obj/06oos_centerTest/IEEE802154E.o
                0x0000000000006074                ieee154e_resetAsn
 .text.ieee154e_getAsn
                0x00000000000060a4       0x60 Output/Debug/Obj/06oos_centerTest/IEEE802154E.o
                0x00000000000060a4                ieee154e_getAsn
 .text.ieee154e_getTimeCorrection
                0x0000000000006104       0x1c Output/Debug/Obj/06oos_centerTest/IEEE802154E.o
                0x0000000000006104                ieee154e_getTimeCorrection
 .text.joinPriorityStoreFromEB
                0x0000000000006120       0x2c Output/Debug/Obj/06oos_centerTest/IEEE802154E.o
                0x0000000000006120                joinPriorityStoreFromEB
 .text.isValidJoin
                0x000000000000614c       0xc8 Output/Debug/Obj/06oos_centerTest/IEEE802154E.o
                0x000000000000614c                isValidJoin
 .text.isValidEbFormat
                0x0000000000006214      0x48c Output/Debug/Obj/06oos_centerTest/IEEE802154E.o
                0x0000000000006214                isValidEbFormat
 .text.asnStoreFromEB
                0x00000000000066a0       0x50 Output/Debug/Obj/06oos_centerTest/IEEE802154E.o
                0x00000000000066a0                asnStoreFromEB
 .text.ieee154e_syncSlotOffset
                0x00000000000066f0       0xec Output/Debug/Obj/06oos_centerTest/IEEE802154E.o
                0x00000000000066f0                ieee154e_syncSlotOffset
 .text.timeslotTemplateIDStoreFromEB
                0x00000000000067dc       0x1c Output/Debug/Obj/06oos_centerTest/IEEE802154E.o
                0x00000000000067dc                timeslotTemplateIDStoreFromEB
 .text.channelhoppingTemplateIDStoreFromEB
                0x00000000000067f8       0x1c Output/Debug/Obj/06oos_centerTest/IEEE802154E.o
                0x00000000000067f8                channelhoppingTemplateIDStoreFromEB
 .text.synchronizePacket
                0x0000000000006814       0xd4 Output/Debug/Obj/06oos_centerTest/IEEE802154E.o
                0x0000000000006814                synchronizePacket
 .text.synchronizeAck
                0x00000000000068e8       0x90 Output/Debug/Obj/06oos_centerTest/IEEE802154E.o
                0x00000000000068e8                synchronizeAck
 .text.changeIsSync
                0x0000000000006978       0x38 Output/Debug/Obj/06oos_centerTest/IEEE802154E.o
                0x0000000000006978                changeIsSync
 .text.notif_sendDone
                0x00000000000069b0       0x90 Output/Debug/Obj/06oos_centerTest/IEEE802154E.o
                0x00000000000069b0                notif_sendDone
 .text.notif_receive
                0x0000000000006a40       0x74 Output/Debug/Obj/06oos_centerTest/IEEE802154E.o
                0x0000000000006a40                notif_receive
 .text.resetStats
                0x0000000000006ab4       0x48 Output/Debug/Obj/06oos_centerTest/IEEE802154E.o
                0x0000000000006ab4                resetStats
 .text.updateStats
                0x0000000000006afc       0x3c Output/Debug/Obj/06oos_centerTest/IEEE802154E.o
                0x0000000000006afc                updateStats
 .text.calculateFrequency
                0x0000000000006b38       0x44 Output/Debug/Obj/06oos_centerTest/IEEE802154E.o
                0x0000000000006b38                calculateFrequency
 .text.changeState
                0x0000000000006b7c       0x88 Output/Debug/Obj/06oos_centerTest/IEEE802154E.o
                0x0000000000006b7c                changeState
 .text.handleRadioAndTiming
                0x0000000000006c04       0xd0 Output/Debug/Obj/06oos_centerTest/IEEE802154E.o
 .text.handlePacketsAndBuffers
                0x0000000000006cd4       0xc4 Output/Debug/Obj/06oos_centerTest/IEEE802154E.o
 .text.handleCellManagement
                0x0000000000006d98       0xd4 Output/Debug/Obj/06oos_centerTest/IEEE802154E.o
 .text.finalizeSlot
                0x0000000000006e6c       0x60 Output/Debug/Obj/06oos_centerTest/IEEE802154E.o
 .text.ieee154e_isSynch
                0x0000000000006ecc        0xc Output/Debug/Obj/06oos_centerTest/IEEE802154E.o
                0x0000000000006ecc                ieee154e_isSynch
 .text.endSlot  0x0000000000006ed8       0x16 Output/Debug/Obj/06oos_centerTest/IEEE802154E.o
                0x0000000000006ed8                endSlot
 .text.topology_isAcceptablePacket
                0x0000000000006eee        0xc Output/Debug/Obj/06oos_centerTest/topology.o
                0x0000000000006eee                topology_isAcceptablePacket
 *fill*         0x0000000000006efa        0x2 
 .text.center_init
                0x0000000000006efc       0x68 Output/Debug/Obj/06oos_centerTest/center_schedule.o
                0x0000000000006efc                center_init
 .text.center_addSlot_reserve
                0x0000000000006f64       0x70 Output/Debug/Obj/06oos_centerTest/center_schedule.o
                0x0000000000006f64                center_addSlot_reserve
 .text.center_addSlot
                0x0000000000006fd4       0x56 Output/Debug/Obj/06oos_centerTest/center_schedule.o
                0x0000000000006fd4                center_addSlot
 *fill*         0x000000000000702a        0x2 
 .text.center_sendFrame
                0x000000000000702c       0x44 Output/Debug/Obj/06oos_centerTest/center_schedule.o
                0x000000000000702c                center_sendFrame
 .text.center_receiveFrame
                0x0000000000007070       0x44 Output/Debug/Obj/06oos_centerTest/center_schedule.o
                0x0000000000007070                center_receiveFrame
 .text.center_processBeacon
                0x00000000000070b4       0x3c Output/Debug/Obj/06oos_centerTest/center_schedule.o
                0x00000000000070b4                center_processBeacon
 .text.center_processDesync
                0x00000000000070f0       0x30 Output/Debug/Obj/06oos_centerTest/center_schedule.o
                0x00000000000070f0                center_processDesync
 .text.center_handleCommand
                0x0000000000007120       0x18 Output/Debug/Obj/06oos_centerTest/center_schedule.o
                0x0000000000007120                center_handleCommand
 .text.center_init_leader
                0x0000000000007138       0xc8 Output/Debug/Obj/06oos_centerTest/center_schedule_leader.o
                0x0000000000007138                center_init_leader
 .text.center_leader_sendFrame
                0x0000000000007200       0xc0 Output/Debug/Obj/06oos_centerTest/center_schedule_leader.o
                0x0000000000007200                center_leader_sendFrame
 .text.center_leader_receiveFrame
                0x00000000000072c0      0x290 Output/Debug/Obj/06oos_centerTest/center_schedule_leader.o
                0x00000000000072c0                center_leader_receiveFrame
 .text.center_leader_setParent
                0x0000000000007550       0x24 Output/Debug/Obj/06oos_centerTest/center_schedule_leader.o
                0x0000000000007550                center_leader_setParent
 .text.center_leader_getParent
                0x0000000000007574        0xc Output/Debug/Obj/06oos_centerTest/center_schedule_leader.o
                0x0000000000007574                center_leader_getParent
 .text.leader_handleJoinRequest
                0x0000000000007580      0x144 Output/Debug/Obj/06oos_centerTest/center_schedule_leader.o
 .text.leader_handleCommand
                0x00000000000076c4      0x118 Output/Debug/Obj/06oos_centerTest/center_schedule_leader.o
                0x00000000000076c4                leader_handleCommand
 .text.update_slot_resources
                0x00000000000077dc      0x140 Output/Debug/Obj/06oos_centerTest/center_schedule_leader.o
 .text.leader_handleSchedule
                0x000000000000791c       0x80 Output/Debug/Obj/06oos_centerTest/center_schedule_leader.o
 .text.do_allocation
                0x000000000000799c      0x2b0 Output/Debug/Obj/06oos_centerTest/center_schedule_leader.o
 .text.leader_processSensorData
                0x0000000000007c4c      0x148 Output/Debug/Obj/06oos_centerTest/center_schedule_leader.o
 .text.check_collection_complete
                0x0000000000007d94       0x8c Output/Debug/Obj/06oos_centerTest/center_schedule_leader.o
 .text.send_aggregated_data
                0x0000000000007e20      0x18c Output/Debug/Obj/06oos_centerTest/center_schedule_leader.o
 .text.collection_timeout_handler
                0x0000000000007fac       0x28 Output/Debug/Obj/06oos_centerTest/center_schedule_leader.o
 .text.reset_collection_state
                0x0000000000007fd4       0x78 Output/Debug/Obj/06oos_centerTest/center_schedule_leader.o
 .text.leader_updateMemberState
                0x000000000000804c      0x21c Output/Debug/Obj/06oos_centerTest/center_schedule_leader.o
 .text.leader_notifyMemberStateChange
                0x0000000000008268      0x1f8 Output/Debug/Obj/06oos_centerTest/center_schedule_leader.o
 .text.leader_checkMembersOnline
                0x0000000000008460       0x20 Output/Debug/Obj/06oos_centerTest/center_schedule_leader.o
 .text.leader_checkMemberStatus
                0x0000000000008480       0xf4 Output/Debug/Obj/06oos_centerTest/center_schedule_leader.o
 .text.leader_notifyError
                0x0000000000008574       0xb0 Output/Debug/Obj/06oos_centerTest/center_schedule_leader.o
 .text.leader_initSchedule
                0x0000000000008624      0x2a0 Output/Debug/Obj/06oos_centerTest/center_schedule_leader.o
 .text.leader_sendCommand
                0x00000000000088c4      0x144 Output/Debug/Obj/06oos_centerTest/center_schedule_leader.o
 .text.isOkToSendEB
                0x0000000000008a08        0xc Output/Debug/Obj/06oos_centerTest/center_schedule_leader.o
                0x0000000000008a08                isOkToSendEB
 .text.center_init_member
                0x0000000000008a14      0x168 Output/Debug/Obj/06oos_centerTest/center_schedule_member.o
                0x0000000000008a14                center_init_member
 .text.center_member_receiveFrame
                0x0000000000008b7c      0x19c Output/Debug/Obj/06oos_centerTest/center_schedule_member.o
                0x0000000000008b7c                center_member_receiveFrame
 .text.center_member_setParent
                0x0000000000008d18       0x24 Output/Debug/Obj/06oos_centerTest/center_schedule_member.o
                0x0000000000008d18                center_member_setParent
 .text.center_member_getParent
                0x0000000000008d3c        0xc Output/Debug/Obj/06oos_centerTest/center_schedule_member.o
                0x0000000000008d3c                center_member_getParent
 .text.member_task_cb
                0x0000000000008d48       0x38 Output/Debug/Obj/06oos_centerTest/center_schedule_member.o
 .text.member_sendJoinRequest
                0x0000000000008d80       0xc4 Output/Debug/Obj/06oos_centerTest/center_schedule_member.o
 .text.member_processBeacon
                0x0000000000008e44       0x64 Output/Debug/Obj/06oos_centerTest/center_schedule_member.o
                0x0000000000008e44                member_processBeacon
 .text.member_processDesync
                0x0000000000008ea8       0x10 Output/Debug/Obj/06oos_centerTest/center_schedule_member.o
                0x0000000000008ea8                member_processDesync
 .text.member_getTimeSinceLastBeacon
                0x0000000000008eb8       0x24 Output/Debug/Obj/06oos_centerTest/center_schedule_member.o
 .text.member_handleSchedule
                0x0000000000008edc      0x13c Output/Debug/Obj/06oos_centerTest/center_schedule_member.o
 .text.member_checkConnection
                0x0000000000009018       0x30 Output/Debug/Obj/06oos_centerTest/center_schedule_member.o
 .text.member_enterLostState
                0x0000000000009048       0x30 Output/Debug/Obj/06oos_centerTest/center_schedule_member.o
 .text.member_clearSchedule
                0x0000000000009078       0x14 Output/Debug/Obj/06oos_centerTest/center_schedule_member.o
 .text.member_notifyError
                0x000000000000908c       0xcc Output/Debug/Obj/06oos_centerTest/center_schedule_member.o
 .text.center_member_sendFrame
                0x0000000000009158       0xc0 Output/Debug/Obj/06oos_centerTest/center_schedule_member.o
                0x0000000000009158                center_member_sendFrame
 .text.root_initSchedule
                0x0000000000009218      0x160 Output/Debug/Obj/06oos_centerTest/center_schedule_root.o
 .text.center_init_root
                0x0000000000009378       0xb8 Output/Debug/Obj/06oos_centerTest/center_schedule_root.o
                0x0000000000009378                center_init_root
 .text.root_timer_cb
                0x0000000000009430       0x16 Output/Debug/Obj/06oos_centerTest/center_schedule_root.o
 *fill*         0x0000000000009446        0x2 
 .text.center_root_receiveFrame
                0x0000000000009448      0x124 Output/Debug/Obj/06oos_centerTest/center_schedule_root.o
                0x0000000000009448                center_root_receiveFrame
 .text.center_root_sendFrame
                0x000000000000956c       0xec Output/Debug/Obj/06oos_centerTest/center_schedule_root.o
                0x000000000000956c                center_root_sendFrame
 .text.root_task_cb
                0x0000000000009658        0xa Output/Debug/Obj/06oos_centerTest/center_schedule_root.o
 .text.root_sendToPC
                0x0000000000009662       0xa2 Output/Debug/Obj/06oos_centerTest/center_schedule_root.o
 .text.root_handleCommand
                0x0000000000009704       0xfc Output/Debug/Obj/06oos_centerTest/center_schedule_root.o
                0x0000000000009704                root_handleCommand
 .text.root_handleControl
                0x0000000000009800       0x36 Output/Debug/Obj/06oos_centerTest/center_schedule_root.o
 *fill*         0x0000000000009836        0x2 
 .text.root_sendStartCommand
                0x0000000000009838       0xf8 Output/Debug/Obj/06oos_centerTest/center_schedule_root.o
 .text.root_handleResourceConfig
                0x0000000000009930      0x340 Output/Debug/Obj/06oos_centerTest/center_schedule_root.o
 .text.root_handleScheduleAck
                0x0000000000009c70       0x64 Output/Debug/Obj/06oos_centerTest/center_schedule_root.o
 .text.root_handleStartAck
                0x0000000000009cd4       0x58 Output/Debug/Obj/06oos_centerTest/center_schedule_root.o
 .text.root_processSensorData
                0x0000000000009d2c       0xe8 Output/Debug/Obj/06oos_centerTest/center_schedule_root.o
 .text.root_notifyLeaderStateChange
                0x0000000000009e14       0xb8 Output/Debug/Obj/06oos_centerTest/center_schedule_root.o
 .text.root_checkLeaderStatus
                0x0000000000009ecc       0x9c Output/Debug/Obj/06oos_centerTest/center_schedule_root.o
 .text.root_handleStateReport
                0x0000000000009f68      0x118 Output/Debug/Obj/06oos_centerTest/center_schedule_root.o
 .text.root_handleError
                0x000000000000a080       0xd4 Output/Debug/Obj/06oos_centerTest/center_schedule_root.o
 .text.root_handleMacTest
                0x000000000000a154       0xec Output/Debug/Obj/06oos_centerTest/center_schedule_root.o
 .text.root_handleMacTestResponse
                0x000000000000a240       0x38 Output/Debug/Obj/06oos_centerTest/center_schedule_root.o
 .text.root_initTaskHandler
                0x000000000000a278      0x234 Output/Debug/Obj/06oos_centerTest/center_schedule_tasks.o
                0x000000000000a278                root_initTaskHandler
 .text.root_taskChooseLeader
                0x000000000000a4ac      0x184 Output/Debug/Obj/06oos_centerTest/center_schedule_tasks.o
                0x000000000000a4ac                root_taskChooseLeader
 .text.root_calcTaskResource
                0x000000000000a630      0x1f4 Output/Debug/Obj/06oos_centerTest/center_schedule_tasks.o
                0x000000000000a630                root_calcTaskResource
 .text.root_getResourceSendTask
                0x000000000000a824      0x43c Output/Debug/Obj/06oos_centerTest/center_schedule_tasks.o
                0x000000000000a824                root_getResourceSendTask
 .text.root_assignTask
                0x000000000000ac60      0x31c Output/Debug/Obj/06oos_centerTest/center_schedule_tasks.o
                0x000000000000ac60                root_assignTask
 .text.root_handleTask
                0x000000000000af7c      0x1b4 Output/Debug/Obj/06oos_centerTest/center_schedule_tasks.o
                0x000000000000af7c                root_handleTask
 .text.root_handleTaskResponse
                0x000000000000b130      0x294 Output/Debug/Obj/06oos_centerTest/center_schedule_tasks.o
                0x000000000000b130                root_handleTaskResponse
 .text.root_releaseTaskResources
                0x000000000000b3c4      0x260 Output/Debug/Obj/06oos_centerTest/center_schedule_tasks.o
 .text.root_handleTaskProgress
                0x000000000000b624      0x10c Output/Debug/Obj/06oos_centerTest/center_schedule_tasks.o
                0x000000000000b624                root_handleTaskProgress
 .text.leader_initTaskHandler
                0x000000000000b730      0x1c4 Output/Debug/Obj/06oos_centerTest/center_schedule_tasks.o
                0x000000000000b730                leader_initTaskHandler
 .text.leader_taskChooseMember
                0x000000000000b8f4       0xc4 Output/Debug/Obj/06oos_centerTest/center_schedule_tasks.o
                0x000000000000b8f4                leader_taskChooseMember
 .text.leader_slotAllocation
                0x000000000000b9b8      0x3c4 Output/Debug/Obj/06oos_centerTest/center_schedule_tasks.o
                0x000000000000b9b8                leader_slotAllocation
 .text.leader_assignTaskPrepare
                0x000000000000bd7c      0x1e0 Output/Debug/Obj/06oos_centerTest/center_schedule_tasks.o
                0x000000000000bd7c                leader_assignTaskPrepare
 .text.leader_handleTask
                0x000000000000bf5c      0x2a4 Output/Debug/Obj/06oos_centerTest/center_schedule_tasks.o
                0x000000000000bf5c                leader_handleTask
 .text.leader_handleTaskProgress
                0x000000000000c200      0x1f0 Output/Debug/Obj/06oos_centerTest/center_schedule_tasks.o
                0x000000000000c200                leader_handleTaskProgress
 .text.leader_taskCompleted
                0x000000000000c3f0      0x1a8 Output/Debug/Obj/06oos_centerTest/center_schedule_tasks.o
                0x000000000000c3f0                leader_taskCompleted
 .text.member_initTaskHandler
                0x000000000000c598       0xb0 Output/Debug/Obj/06oos_centerTest/center_schedule_tasks.o
                0x000000000000c598                member_initTaskHandler
 .text.member_handleTask
                0x000000000000c648      0x324 Output/Debug/Obj/06oos_centerTest/center_schedule_tasks.o
                0x000000000000c648                member_handleTask
 .text.member_notifTaskProgress
                0x000000000000c96c      0x110 Output/Debug/Obj/06oos_centerTest/center_schedule_tasks.o
                0x000000000000c96c                member_notifTaskProgress
 .text.member_sendProgress
                0x000000000000ca7c       0x80 Output/Debug/Obj/06oos_centerTest/center_schedule_tasks.o
                0x000000000000ca7c                member_sendProgress
 .text.task_queue_init
                0x000000000000cafc       0x40 Output/Debug/Obj/06oos_centerTest/center_schedule_tasks.o
                0x000000000000cafc                task_queue_init
 .text.task_queue_isEmpty
                0x000000000000cb3c       0x34 Output/Debug/Obj/06oos_centerTest/center_schedule_tasks.o
                0x000000000000cb3c                task_queue_isEmpty
 .text.task_queue_isFull
                0x000000000000cb70       0x38 Output/Debug/Obj/06oos_centerTest/center_schedule_tasks.o
                0x000000000000cb70                task_queue_isFull
 .text.task_queue_enqueue
                0x000000000000cba8       0x80 Output/Debug/Obj/06oos_centerTest/center_schedule_tasks.o
                0x000000000000cba8                task_queue_enqueue
 .text.task_queue_dequeue
                0x000000000000cc28       0x90 Output/Debug/Obj/06oos_centerTest/center_schedule_tasks.o
                0x000000000000cc28                task_queue_dequeue
 .text.task_queue_peek
                0x000000000000ccb8       0x58 Output/Debug/Obj/06oos_centerTest/center_schedule_tasks.o
                0x000000000000ccb8                task_queue_peek
 .text.task_queue_loop
                0x000000000000cd10       0x74 Output/Debug/Obj/06oos_centerTest/center_schedule_tasks.o
                0x000000000000cd10                task_queue_loop
 .text.task_queue_clear
                0x000000000000cd84       0x34 Output/Debug/Obj/06oos_centerTest/center_schedule_tasks.o
                0x000000000000cd84                task_queue_clear
 .text.task_findAvailSlots
                0x000000000000cdb8       0x6c Output/Debug/Obj/06oos_centerTest/center_schedule_tasks.o
                0x000000000000cdb8                task_findAvailSlots
 .text.task_findFirstInactive
                0x000000000000ce24       0xa8 Output/Debug/Obj/06oos_centerTest/center_schedule_tasks.o
                0x000000000000ce24                task_findFirstInactive
 .text.task_findFreeTaskContainer
                0x000000000000cecc       0xcc Output/Debug/Obj/06oos_centerTest/center_schedule_tasks.o
                0x000000000000cecc                task_findFreeTaskContainer
 .text.task_freeTaskContainer
                0x000000000000cf98       0x48 Output/Debug/Obj/06oos_centerTest/center_schedule_tasks.o
                0x000000000000cf98                task_freeTaskContainer
 .text.task_getFreeTaskList
                0x000000000000cfe0       0xdc Output/Debug/Obj/06oos_centerTest/center_schedule_tasks.o
                0x000000000000cfe0                task_getFreeTaskList
 .text.task_rslotToSlot
                0x000000000000d0bc       0xf6 Output/Debug/Obj/06oos_centerTest/center_schedule_tasks.o
                0x000000000000d0bc                task_rslotToSlot
 *fill*         0x000000000000d1b2        0x2 
 .text.task_slotToCslot
                0x000000000000d1b4       0xb4 Output/Debug/Obj/06oos_centerTest/center_schedule_tasks.o
                0x000000000000d1b4                task_slotToCslot
 .text.task_mayStart
                0x000000000000d268      0x148 Output/Debug/Obj/06oos_centerTest/center_schedule_tasks.o
                0x000000000000d268                task_mayStart
 .text.task_getGlobalTask
                0x000000000000d3b0       0x18 Output/Debug/Obj/06oos_centerTest/center_schedule_tasks.o
                0x000000000000d3b0                task_getGlobalTask
 .text.task_getPredefinedTask
                0x000000000000d3c8       0x30 Output/Debug/Obj/06oos_centerTest/center_schedule_tasks.o
                0x000000000000d3c8                task_getPredefinedTask
 .text.task_freeRootResources
                0x000000000000d3f8      0x15c Output/Debug/Obj/06oos_centerTest/center_schedule_tasks.o
 .text.task_freeLeaderResources
                0x000000000000d554      0x144 Output/Debug/Obj/06oos_centerTest/center_schedule_tasks.o
 .text.task_freeMemberResources
                0x000000000000d698       0xdc Output/Debug/Obj/06oos_centerTest/center_schedule_tasks.o
 .text.task_freeAll
                0x000000000000d774       0x54 Output/Debug/Obj/06oos_centerTest/center_schedule_tasks.o
                0x000000000000d774                task_freeAll
 .text.msf_updateCellsElapsed
                0x000000000000d7c8       0x10 Output/Debug/Obj/06oos_centerTest/msf.o
                0x000000000000d7c8                msf_updateCellsElapsed
 .text.msf_updateCellsUsed
                0x000000000000d7d8       0x50 Output/Debug/Obj/06oos_centerTest/msf.o
                0x000000000000d7d8                msf_updateCellsUsed
 .text.neighbors_init
                0x000000000000d828       0x18 Output/Debug/Obj/06oos_centerTest/neighbors.o
                0x000000000000d828                neighbors_init
 .text.neighbors_getNumNeighbors
                0x000000000000d840       0x54 Output/Debug/Obj/06oos_centerTest/neighbors.o
                0x000000000000d840                neighbors_getNumNeighbors
 .text.neighbors_getKANeighbor
                0x000000000000d894       0x68 Output/Debug/Obj/06oos_centerTest/neighbors.o
                0x000000000000d894                neighbors_getKANeighbor
 .text.neighbors_getSequenceNumber
                0x000000000000d8fc       0x68 Output/Debug/Obj/06oos_centerTest/neighbors.o
                0x000000000000d8fc                neighbors_getSequenceNumber
 .text.neighbors_indicateRx
                0x000000000000d964      0x2c8 Output/Debug/Obj/06oos_centerTest/neighbors.o
                0x000000000000d964                neighbors_indicateRx
 .text.neighbors_indicateTx
                0x000000000000dc2c      0x1f8 Output/Debug/Obj/06oos_centerTest/neighbors.o
                0x000000000000dc2c                neighbors_indicateTx
 .text.neighbors_updateSequenceNumber
                0x000000000000de24       0xb8 Output/Debug/Obj/06oos_centerTest/neighbors.o
                0x000000000000de24                neighbors_updateSequenceNumber
 .text.neighbors_resetSequenceNumber
                0x000000000000dedc       0x6c Output/Debug/Obj/06oos_centerTest/neighbors.o
                0x000000000000dedc                neighbors_resetSequenceNumber
 .text.neighbors_getNeighborEui64
                0x000000000000df48       0x88 Output/Debug/Obj/06oos_centerTest/neighbors.o
                0x000000000000df48                neighbors_getNeighborEui64
 .text.neighbors_updateBackoff
                0x000000000000dfd0       0xe4 Output/Debug/Obj/06oos_centerTest/neighbors.o
                0x000000000000dfd0                neighbors_updateBackoff
 .text.neighbors_decreaseBackoff
                0x000000000000e0b4       0x9c Output/Debug/Obj/06oos_centerTest/neighbors.o
                0x000000000000e0b4                neighbors_decreaseBackoff
 .text.neighbors_backoffHitZero
                0x000000000000e150       0x8c Output/Debug/Obj/06oos_centerTest/neighbors.o
                0x000000000000e150                neighbors_backoffHitZero
 .text.neighbors_resetBackoff
                0x000000000000e1dc       0x84 Output/Debug/Obj/06oos_centerTest/neighbors.o
                0x000000000000e1dc                neighbors_resetBackoff
 .text.registerNewNeighbor
                0x000000000000e260      0x2c8 Output/Debug/Obj/06oos_centerTest/neighbors.o
                0x000000000000e260                registerNewNeighbor
 .text.isNeighbor
                0x000000000000e528       0x46 Output/Debug/Obj/06oos_centerTest/neighbors.o
                0x000000000000e528                isNeighbor
 *fill*         0x000000000000e56e        0x2 
 .text.isThisRowMatching
                0x000000000000e570       0x7c Output/Debug/Obj/06oos_centerTest/neighbors.o
                0x000000000000e570                isThisRowMatching
 .text.schedule_init
                0x000000000000e5ec       0xac Output/Debug/Obj/06oos_centerTest/schedule.o
                0x000000000000e5ec                schedule_init
 .text.schedule_startDAGroot
                0x000000000000e698       0x7c Output/Debug/Obj/06oos_centerTest/schedule.o
                0x000000000000e698                schedule_startDAGroot
 .text.schedule_setFrameLength
                0x000000000000e714       0x38 Output/Debug/Obj/06oos_centerTest/schedule.o
                0x000000000000e714                schedule_setFrameLength
 .text.schedule_setFrameHandle
                0x000000000000e74c       0x24 Output/Debug/Obj/06oos_centerTest/schedule.o
                0x000000000000e74c                schedule_setFrameHandle
 .text.schedule_setFrameNumber
                0x000000000000e770       0x24 Output/Debug/Obj/06oos_centerTest/schedule.o
                0x000000000000e770                schedule_setFrameNumber
 .text.schedule_getSlotInfo
                0x000000000000e794       0xa4 Output/Debug/Obj/06oos_centerTest/schedule.o
                0x000000000000e794                schedule_getSlotInfo
 .text.schedule_addActiveSlot
                0x000000000000e838      0x1dc Output/Debug/Obj/06oos_centerTest/schedule.o
                0x000000000000e838                schedule_addActiveSlot
 .text.schedule_removeActiveSlot
                0x000000000000ea14      0x104 Output/Debug/Obj/06oos_centerTest/schedule.o
                0x000000000000ea14                schedule_removeActiveSlot
 .text.schedule_isSlotOffsetAvailable
                0x000000000000eb18       0x60 Output/Debug/Obj/06oos_centerTest/schedule.o
                0x000000000000eb18                schedule_isSlotOffsetAvailable
 .text.schedule_removeAllMoveableCells
                0x000000000000eb78      0x32c Output/Debug/Obj/06oos_centerTest/schedule.o
                0x000000000000eb78                schedule_removeAllMoveableCells
 .text.schedule_removeAllNegotiatedCellsToNeighbor
                0x000000000000eea4       0xc4 Output/Debug/Obj/06oos_centerTest/schedule.o
                0x000000000000eea4                schedule_removeAllNegotiatedCellsToNeighbor
 .text.schedule_getNumberOfFreeEntries
                0x000000000000ef68       0x5c Output/Debug/Obj/06oos_centerTest/schedule.o
                0x000000000000ef68                schedule_getNumberOfFreeEntries
 .text.schedule_hasNegotiatedCellToNeighbor
                0x000000000000efc4       0xb0 Output/Debug/Obj/06oos_centerTest/schedule.o
                0x000000000000efc4                schedule_hasNegotiatedCellToNeighbor
 .text.schedule_syncSlotOffset
                0x000000000000f074       0x34 Output/Debug/Obj/06oos_centerTest/schedule.o
                0x000000000000f074                schedule_syncSlotOffset
 .text.schedule_advanceSlot
                0x000000000000f0a8       0x20 Output/Debug/Obj/06oos_centerTest/schedule.o
                0x000000000000f0a8                schedule_advanceSlot
 .text.schedule_getNextActiveSlotOffset
                0x000000000000f0c8       0x28 Output/Debug/Obj/06oos_centerTest/schedule.o
                0x000000000000f0c8                schedule_getNextActiveSlotOffset
 .text.schedule_getFrameLength
                0x000000000000f0f0       0x24 Output/Debug/Obj/06oos_centerTest/schedule.o
                0x000000000000f0f0                schedule_getFrameLength
 .text.schedule_getType
                0x000000000000f114       0x24 Output/Debug/Obj/06oos_centerTest/schedule.o
                0x000000000000f114                schedule_getType
 .text.schedule_getShared
                0x000000000000f138       0x24 Output/Debug/Obj/06oos_centerTest/schedule.o
                0x000000000000f138                schedule_getShared
 .text.schedule_getIsAutoCell
                0x000000000000f15c       0x24 Output/Debug/Obj/06oos_centerTest/schedule.o
                0x000000000000f15c                schedule_getIsAutoCell
 .text.schedule_getNeighbor
                0x000000000000f180       0x2c Output/Debug/Obj/06oos_centerTest/schedule.o
                0x000000000000f180                schedule_getNeighbor
 .text.schedule_getSlottOffset
                0x000000000000f1ac       0x28 Output/Debug/Obj/06oos_centerTest/schedule.o
                0x000000000000f1ac                schedule_getSlottOffset
 .text.schedule_getChannelOffset
                0x000000000000f1d4       0x24 Output/Debug/Obj/06oos_centerTest/schedule.o
                0x000000000000f1d4                schedule_getChannelOffset
 .text.schedule_getOkToSend
                0x000000000000f1f8       0x94 Output/Debug/Obj/06oos_centerTest/schedule.o
                0x000000000000f1f8                schedule_getOkToSend
 .text.schedule_resetBackoff
                0x000000000000f28c       0x20 Output/Debug/Obj/06oos_centerTest/schedule.o
                0x000000000000f28c                schedule_resetBackoff
 .text.schedule_indicateRx
                0x000000000000f2ac       0x3c Output/Debug/Obj/06oos_centerTest/schedule.o
                0x000000000000f2ac                schedule_indicateRx
 .text.schedule_indicateTx
                0x000000000000f2e8      0x12c Output/Debug/Obj/06oos_centerTest/schedule.o
                0x000000000000f2e8                schedule_indicateTx
 .text.schedule_getOneCellAfterOffset
                0x000000000000f414       0xa4 Output/Debug/Obj/06oos_centerTest/schedule.o
                0x000000000000f414                schedule_getOneCellAfterOffset
 .text.schedule_resetEntry
                0x000000000000f4b8       0x72 Output/Debug/Obj/06oos_centerTest/schedule.o
                0x000000000000f4b8                schedule_resetEntry
 .text.schedule_resetBackupEntry
                0x000000000000f52a       0x6c Output/Debug/Obj/06oos_centerTest/schedule.o
                0x000000000000f52a                schedule_resetBackupEntry
 *fill*         0x000000000000f596        0x2 
 .text.sixtop_init
                0x000000000000f598       0xc0 Output/Debug/Obj/06oos_centerTest/sixtop.o
                0x000000000000f598                sixtop_init
 .text.sixtop_send
                0x000000000000f658       0x62 Output/Debug/Obj/06oos_centerTest/sixtop.o
                0x000000000000f658                sixtop_send
 *fill*         0x000000000000f6ba        0x2 
 .text.task_sixtopNotifSendDone
                0x000000000000f6bc       0xd0 Output/Debug/Obj/06oos_centerTest/sixtop.o
                0x000000000000f6bc                task_sixtopNotifSendDone
 .text.task_sixtopNotifReceive
                0x000000000000f78c      0x144 Output/Debug/Obj/06oos_centerTest/sixtop.o
                0x000000000000f78c                task_sixtopNotifReceive
 .text.sixtop_send_internal
                0x000000000000f8d0       0x8c Output/Debug/Obj/06oos_centerTest/sixtop.o
                0x000000000000f8d0                sixtop_send_internal
 .text.sixtop_sendingEb_timer_cb
                0x000000000000f95c       0x16 Output/Debug/Obj/06oos_centerTest/sixtop.o
                0x000000000000f95c                sixtop_sendingEb_timer_cb
 .text.sixtop_maintenance_timer_cb
                0x000000000000f972       0x16 Output/Debug/Obj/06oos_centerTest/sixtop.o
                0x000000000000f972                sixtop_maintenance_timer_cb
 .text.sixtop_timeout_timer_cb
                0x000000000000f988       0x16 Output/Debug/Obj/06oos_centerTest/sixtop.o
                0x000000000000f988                sixtop_timeout_timer_cb
 .text.timer_sixtop_sendEb_fired
                0x000000000000f99e       0x1a Output/Debug/Obj/06oos_centerTest/sixtop.o
                0x000000000000f99e                timer_sixtop_sendEb_fired
 .text.timer_sixtop_management_fired
                0x000000000000f9b8       0x50 Output/Debug/Obj/06oos_centerTest/sixtop.o
                0x000000000000f9b8                timer_sixtop_management_fired
 .text.sixtop_sendEB
                0x000000000000fa08      0x204 Output/Debug/Obj/06oos_centerTest/sixtop.o
                0x000000000000fa08                sixtop_sendEB
 .text.sixtop_sendKA
                0x000000000000fc0c       0xe0 Output/Debug/Obj/06oos_centerTest/sixtop.o
                0x000000000000fc0c                sixtop_sendKA
 .text.timer_sixtop_six2six_timeout_fired
                0x000000000000fcec       0x48 Output/Debug/Obj/06oos_centerTest/sixtop.o
                0x000000000000fcec                timer_sixtop_six2six_timeout_fired
 .text.sixtop_six2six_sendDone
                0x000000000000fd34      0x1d4 Output/Debug/Obj/06oos_centerTest/sixtop.o
                0x000000000000fd34                sixtop_six2six_sendDone
 .text.sixtop_processIEs
                0x000000000000ff08      0x1f4 Output/Debug/Obj/06oos_centerTest/sixtop.o
                0x000000000000ff08                sixtop_processIEs
 .text.sixtop_six2six_notifyReceive
                0x00000000000100fc     0x1478 Output/Debug/Obj/06oos_centerTest/sixtop.o
                0x00000000000100fc                sixtop_six2six_notifyReceive
 .text.sixtop_addCells
                0x0000000000011574       0xea Output/Debug/Obj/06oos_centerTest/sixtop.o
                0x0000000000011574                sixtop_addCells
 .text.sixtop_removeCells
                0x000000000001165e       0xcc Output/Debug/Obj/06oos_centerTest/sixtop.o
                0x000000000001165e                sixtop_removeCells
 .text.sixtop_areAvailableCellsToBeScheduled
                0x000000000001172a       0xe0 Output/Debug/Obj/06oos_centerTest/sixtop.o
                0x000000000001172a                sixtop_areAvailableCellsToBeScheduled
 .text.sixtop_areAvailableCellsToBeRemoved
                0x000000000001180a      0x16a Output/Debug/Obj/06oos_centerTest/sixtop.o
                0x000000000001180a                sixtop_areAvailableCellsToBeRemoved
 .text.idmanager_init
                0x0000000000011974      0x104 Output/Debug/Obj/06oos_centerTest/idmanager.o
                0x0000000000011974                idmanager_init
 .text.idmanager_getIsDAGroot
                0x0000000000011a78       0x20 Output/Debug/Obj/06oos_centerTest/idmanager.o
                0x0000000000011a78                idmanager_getIsDAGroot
 .text.idmanager_setIsDAGroot
                0x0000000000011a98       0x30 Output/Debug/Obj/06oos_centerTest/idmanager.o
                0x0000000000011a98                idmanager_setIsDAGroot
 .text.idmanager_getIsSlotSkip
                0x0000000000011ac8       0x24 Output/Debug/Obj/06oos_centerTest/idmanager.o
                0x0000000000011ac8                idmanager_getIsSlotSkip
 .text.idmanager_getMyID
                0x0000000000011aec       0x84 Output/Debug/Obj/06oos_centerTest/idmanager.o
                0x0000000000011aec                idmanager_getMyID
 .text.idmanager_setMyID
                0x0000000000011b70       0xcc Output/Debug/Obj/06oos_centerTest/idmanager.o
                0x0000000000011b70                idmanager_setMyID
 .text.idmanager_isMyAddress
                0x0000000000011c3c      0x104 Output/Debug/Obj/06oos_centerTest/idmanager.o
                0x0000000000011c3c                idmanager_isMyAddress
 .text.idmanager_triggerAboutRoot
                0x0000000000011d40      0x114 Output/Debug/Obj/06oos_centerTest/idmanager.o
                0x0000000000011d40                idmanager_triggerAboutRoot
 .text.openqueue_init
                0x0000000000011e54       0x44 Output/Debug/Obj/06oos_centerTest/openqueue.o
                0x0000000000011e54                openqueue_init
 .text.debugPrint_queue
                0x0000000000011e98       0xa4 Output/Debug/Obj/06oos_centerTest/openqueue.o
                0x0000000000011e98                debugPrint_queue
 .text.openqueue_getFreePacketBuffer
                0x0000000000011f3c       0xc8 Output/Debug/Obj/06oos_centerTest/openqueue.o
                0x0000000000011f3c                openqueue_getFreePacketBuffer
 .text.openqueue_freePacketBuffer
                0x0000000000012004       0xa4 Output/Debug/Obj/06oos_centerTest/openqueue.o
                0x0000000000012004                openqueue_freePacketBuffer
 .text.openqueue_removeAllCreatedBy
                0x00000000000120a8       0x80 Output/Debug/Obj/06oos_centerTest/openqueue.o
                0x00000000000120a8                openqueue_removeAllCreatedBy
 .text.openqueue_sixtopGetSentPacket
                0x0000000000012128       0x74 Output/Debug/Obj/06oos_centerTest/openqueue.o
                0x0000000000012128                openqueue_sixtopGetSentPacket
 .text.openqueue_sixtopGetReceivedPacket
                0x000000000001219c       0x74 Output/Debug/Obj/06oos_centerTest/openqueue.o
                0x000000000001219c                openqueue_sixtopGetReceivedPacket
 .text.openqueue_getNum6PResp
                0x0000000000012210       0x88 Output/Debug/Obj/06oos_centerTest/openqueue.o
                0x0000000000012210                openqueue_getNum6PResp
 .text.openqueue_remove6PrequestToNeighbor
                0x0000000000012298       0xb4 Output/Debug/Obj/06oos_centerTest/openqueue.o
                0x0000000000012298                openqueue_remove6PrequestToNeighbor
 .text.openqueue_isHighPriorityEntryEnough
                0x000000000001234c       0x7c Output/Debug/Obj/06oos_centerTest/openqueue.o
                0x000000000001234c                openqueue_isHighPriorityEntryEnough
 .text.openqueue_macGetBroadcastPacket
                0x00000000000123c8       0x8c Output/Debug/Obj/06oos_centerTest/openqueue.o
                0x00000000000123c8                openqueue_macGetBroadcastPacket
 .text.openqueue_macGetEBPacket
                0x0000000000012454       0x98 Output/Debug/Obj/06oos_centerTest/openqueue.o
                0x0000000000012454                openqueue_macGetEBPacket
 .text.openqueue_macGetKaPacket
                0x00000000000124ec       0xa4 Output/Debug/Obj/06oos_centerTest/openqueue.o
                0x00000000000124ec                openqueue_macGetKaPacket
 .text.openqueue_macGetDIOPacket
                0x0000000000012590       0x98 Output/Debug/Obj/06oos_centerTest/openqueue.o
                0x0000000000012590                openqueue_macGetDIOPacket
 .text.openqueue_macGetUnicastPacket
                0x0000000000012628      0x130 Output/Debug/Obj/06oos_centerTest/openqueue.o
                0x0000000000012628                openqueue_macGetUnicastPacket
 .text.openqueue_reset_entry
                0x0000000000012758       0xa8 Output/Debug/Obj/06oos_centerTest/openqueue.o
                0x0000000000012758                openqueue_reset_entry
 .text.openrandom_init
                0x0000000000012800       0x28 Output/Debug/Obj/06oos_centerTest/openrandom.o
                0x0000000000012800                openrandom_init
 .text.openrandom_get16b
                0x0000000000012828       0x7c Output/Debug/Obj/06oos_centerTest/openrandom.o
                0x0000000000012828                openrandom_get16b
 .text.packetfunctions_mac64bToMac16b
                0x00000000000128a4       0x48 Output/Debug/Obj/06oos_centerTest/packetfunctions.o
                0x00000000000128a4                packetfunctions_mac64bToMac16b
 .text.packetfunctions_isBroadcastMulticast
                0x00000000000128ec       0x9a Output/Debug/Obj/06oos_centerTest/packetfunctions.o
                0x00000000000128ec                packetfunctions_isBroadcastMulticast
 .text.packetfunctions_sameAddress
                0x0000000000012986       0xd4 Output/Debug/Obj/06oos_centerTest/packetfunctions.o
                0x0000000000012986                packetfunctions_sameAddress
 *fill*         0x0000000000012a5a        0x2 
 .text.packetfunctions_readAddress
                0x0000000000012a5c       0xd4 Output/Debug/Obj/06oos_centerTest/packetfunctions.o
                0x0000000000012a5c                packetfunctions_readAddress
 .text.packetfunctions_writeAddress
                0x0000000000012b30       0xd4 Output/Debug/Obj/06oos_centerTest/packetfunctions.o
                0x0000000000012b30                packetfunctions_writeAddress
 .text.packetfunctions_reserveHeader
                0x0000000000012c04       0xce Output/Debug/Obj/06oos_centerTest/packetfunctions.o
                0x0000000000012c04                packetfunctions_reserveHeader
 .text.packetfunctions_tossHeader
                0x0000000000012cd2       0x88 Output/Debug/Obj/06oos_centerTest/packetfunctions.o
                0x0000000000012cd2                packetfunctions_tossHeader
 .text.packetfunctions_reserveFooter
                0x0000000000012d5a       0x5c Output/Debug/Obj/06oos_centerTest/packetfunctions.o
                0x0000000000012d5a                packetfunctions_reserveFooter
 .text.packetfunctions_tossFooter
                0x0000000000012db6       0x56 Output/Debug/Obj/06oos_centerTest/packetfunctions.o
                0x0000000000012db6                packetfunctions_tossFooter
 .text.packetfunctions_duplicatePacket
                0x0000000000012e0c       0x8a Output/Debug/Obj/06oos_centerTest/packetfunctions.o
                0x0000000000012e0c                packetfunctions_duplicatePacket
 .text.openstack_init
                0x0000000000012e96       0x8c Output/Debug/Obj/06oos_centerTest/openstack.o
                0x0000000000012e96                openstack_init
 *fill*         0x0000000000012f22        0x2 
 .text.libc.strlen
                0x0000000000012f24       0x60 C:/Program Files/SEGGER/SEGGER Embedded Studio for ARM 6.30/lib/libc_v7em_fpv4_sp_d16_hard_t_le_eabi_balanced.a(strasmops_arm.o)
                0x0000000000012f24                strlen
 .text.libc.memcpy
                0x0000000000012f84       0x64 C:/Program Files/SEGGER/SEGGER Embedded Studio for ARM 6.30/lib/libc_v7em_fpv4_sp_d16_hard_t_le_eabi_balanced.a(strasmops_arm.o)
                0x0000000000012f84                __aeabi_memcpy
                0x0000000000012f84                memcpy
                0x0000000000012fa6                __aeabi_memcpy8
                0x0000000000012fa6                __aeabi_memcpy4
 .text.libc.__aeabi_memclr
                0x0000000000012fe8       0x68 C:/Program Files/SEGGER/SEGGER Embedded Studio for ARM 6.30/lib/libc_v7em_fpv4_sp_d16_hard_t_le_eabi_balanced.a(strasmops_arm.o)
                0x0000000000012fe8                __aeabi_memclr8
                0x0000000000012fe8                __aeabi_memclr
                0x0000000000012fe8                __aeabi_memclr4
                0x0000000000012fea                __aeabi_memset4
                0x0000000000012fea                __aeabi_memset8
                0x0000000000012fea                __aeabi_memset
                0x0000000000012ff0                memset
 .text.libc.memcmp
                0x0000000000013050       0x46 C:/Program Files/SEGGER/SEGGER Embedded Studio for ARM 6.30/lib/libc_v7em_fpv4_sp_d16_hard_t_le_eabi_balanced.a(strops.o)
                0x0000000000013050                memcmp
 .text.libc.strnlen
                0x0000000000013096       0x4c C:/Program Files/SEGGER/SEGGER Embedded Studio for ARM 6.30/lib/libc_v7em_fpv4_sp_d16_hard_t_le_eabi_balanced.a(strops.o)
                0x0000000000013096                strnlen
 .text.libc.__SEGGER_RTL_putc
                0x00000000000130e2       0x90 C:/Program Files/SEGGER/SEGGER Embedded Studio for ARM 6.30/lib/libc_v7em_fpv4_sp_d16_hard_t_le_eabi_balanced.a(prinops.o)
                0x00000000000130e2                __SEGGER_RTL_putc
 .text.libc.__SEGGER_RTL_prin_flush
                0x0000000000013172       0x16 C:/Program Files/SEGGER/SEGGER Embedded Studio for ARM 6.30/lib/libc_v7em_fpv4_sp_d16_hard_t_le_eabi_balanced.a(prinops.o)
                0x0000000000013172                __SEGGER_RTL_prin_flush
 .text.libc.__SEGGER_RTL_print_padding
                0x0000000000013188       0x1e C:/Program Files/SEGGER/SEGGER Embedded Studio for ARM 6.30/lib/libc_v7em_fpv4_sp_d16_hard_t_le_eabi_balanced.a(prinops.o)
                0x0000000000013188                __SEGGER_RTL_print_padding
 .text.libc.__SEGGER_RTL_pre_padding
                0x00000000000131a6       0x12 C:/Program Files/SEGGER/SEGGER Embedded Studio for ARM 6.30/lib/libc_v7em_fpv4_sp_d16_hard_t_le_eabi_balanced.a(prinops.o)
                0x00000000000131a6                __SEGGER_RTL_pre_padding
 .text.libc.__SEGGER_RTL_init_prin
                0x00000000000131b8       0x18 C:/Program Files/SEGGER/SEGGER Embedded Studio for ARM 6.30/lib/libc_v7em_fpv4_sp_d16_hard_t_le_eabi_balanced.a(prinops.o)
                0x00000000000131b8                __SEGGER_RTL_init_prin
 .text.libc.snprintf
                0x00000000000131d0       0x32 C:/Program Files/SEGGER/SEGGER Embedded Studio for ARM 6.30/lib/libc_v7em_fpv4_sp_d16_hard_t_le_eabi_balanced.a(prinops.o)
                0x00000000000131d0                snprintf
 *fill*         0x0000000000013202        0x2 
 .text.libc.__SEGGER_RTL_vfprintf_long
                0x0000000000013204      0x570 C:/Program Files/SEGGER/SEGGER Embedded Studio for ARM 6.30/lib/libc_v7em_fpv4_sp_d16_hard_t_le_eabi_balanced.a(__SEGGER_RTL_vfprintf_long.o)
                0x0000000000013204                __SEGGER_RTL_vfprintf_long
 .text.libc.__aeabi_uldivmod
                0x0000000000013774      0x130 C:/Program Files/SEGGER/SEGGER Embedded Studio for ARM 6.30/lib/libc_v7em_fpv4_sp_d16_hard_t_le_eabi_balanced.a(intasmops_arm.o)
                0x0000000000013774                __aeabi_uldivmod
 .text.libc.__SEGGER_RTL_current_locale
                0x00000000000138a4       0x1a C:/Program Files/SEGGER/SEGGER Embedded Studio for ARM 6.30/lib/libc_v7em_fpv4_sp_d16_hard_t_le_eabi_balanced.a(mbops.o)
                0x00000000000138a4                __SEGGER_RTL_current_locale
 .text.libc.__SEGGER_RTL_ascii_mbtowc
                0x00000000000138be       0x2e C:/Program Files/SEGGER/SEGGER Embedded Studio for ARM 6.30/lib/libc_v7em_fpv4_sp_d16_hard_t_le_eabi_balanced.a(mbops.o)
                0x00000000000138be                __SEGGER_RTL_ascii_mbtowc
 .text.libc.__SEGGER_RTL_ascii_wctomb
                0x00000000000138ec        0xe C:/Program Files/SEGGER/SEGGER Embedded Studio for ARM 6.30/lib/libc_v7em_fpv4_sp_d16_hard_t_le_eabi_balanced.a(mbops.o)
                0x00000000000138ec                __SEGGER_RTL_ascii_wctomb
 .text.libc.__SEGGER_RTL_ascii_isctype
                0x00000000000138fa       0x20 C:/Program Files/SEGGER/SEGGER Embedded Studio for ARM 6.30/lib/libc_v7em_fpv4_sp_d16_hard_t_le_eabi_balanced.a(mbops.o)
 .text.libc.__SEGGER_RTL_ascii_toupper
                0x000000000001391a        0xc C:/Program Files/SEGGER/SEGGER Embedded Studio for ARM 6.30/lib/libc_v7em_fpv4_sp_d16_hard_t_le_eabi_balanced.a(mbops.o)
 .text.libc.__SEGGER_RTL_ascii_tolower