Archive member included to satisfy reference by file (symbol)

C:/Program Files/SEGGER/SEGGER Embedded Studio for ARM 6.30/lib/libc_v7em_fpv4_sp_d16_hard_t_le_eabi_balanced.a(strasmops_arm.o)
                              Output/Debug/Obj/08oos_memberTest/i2c.o (memcpy)
C:/Program Files/SEGGER/SEGGER Embedded Studio for ARM 6.30/lib/libc_v7em_fpv4_sp_d16_hard_t_le_eabi_balanced.a(strops.o)
                              Output/Debug/Obj/08oos_memberTest/ccms.o (memcmp)
C:/Program Files/SEGGER/SEGGER Embedded Studio for ARM 6.30/lib/libc_v7em_fpv4_sp_d16_hard_t_le_eabi_balanced.a(prinops.o)
                              Output/Debug/Obj/08oos_memberTest/openserial.o (snprintf)
C:/Program Files/SEGGER/SEGGER Embedded Studio for ARM 6.30/lib/libc_v7em_fpv4_sp_d16_hard_t_le_eabi_balanced.a(__SEGGER_RTL_vfprintf_long.o)
                              (__SEGGER_RTL_vfprintf_long)
C:/Program Files/SEGGER/SEGGER Embedded Studio for ARM 6.30/lib/libc_v7em_fpv4_sp_d16_hard_t_le_eabi_balanced.a(__SEGGER_RTL_vfscanf_long.o)
                              (__SEGGER_RTL_vfscanf_long)
C:/Program Files/SEGGER/SEGGER Embedded Studio for ARM 6.30/lib/libc_v7em_fpv4_sp_d16_hard_t_le_eabi_balanced.a(fileops.o)
                              C:/Program Files/SEGGER/SEGGER Embedded Studio for ARM 6.30/lib/libc_v7em_fpv4_sp_d16_hard_t_le_eabi_balanced.a(prinops.o) (fwrite)
C:/Program Files/SEGGER/SEGGER Embedded Studio for ARM 6.30/lib/libc_v7em_fpv4_sp_d16_hard_t_le_eabi_balanced.a(heapops.o)
                              C:/Program Files/SEGGER/SEGGER Embedded Studio for ARM 6.30/lib/libc_v7em_fpv4_sp_d16_hard_t_le_eabi_balanced.a(strops.o) (malloc)
C:/Program Files/SEGGER/SEGGER Embedded Studio for ARM 6.30/lib/libc_v7em_fpv4_sp_d16_hard_t_le_eabi_balanced.a(intasmops_arm.o)
                              C:/Program Files/SEGGER/SEGGER Embedded Studio for ARM 6.30/lib/libc_v7em_fpv4_sp_d16_hard_t_le_eabi_balanced.a(__SEGGER_RTL_vfprintf_long.o) (__aeabi_uldivmod)
C:/Program Files/SEGGER/SEGGER Embedded Studio for ARM 6.30/lib/libc_v7em_fpv4_sp_d16_hard_t_le_eabi_balanced.a(mbops.o)
                              C:/Program Files/SEGGER/SEGGER Embedded Studio for ARM 6.30/lib/libc_v7em_fpv4_sp_d16_hard_t_le_eabi_balanced.a(prinops.o) (__SEGGER_RTL_current_locale)
C:/Program Files/SEGGER/SEGGER Embedded Studio for ARM 6.30/lib/libc_v7em_fpv4_sp_d16_hard_t_le_eabi_balanced.a(sortops.o)
                              C:/Program Files/SEGGER/SEGGER Embedded Studio for ARM 6.30/lib/libc_v7em_fpv4_sp_d16_hard_t_le_eabi_balanced.a(mbops.o) (bsearch)
C:/Program Files/SEGGER/SEGGER Embedded Studio for ARM 6.30/lib/libc_v7em_fpv4_sp_d16_hard_t_le_eabi_balanced.a(timeops.o)
                              C:/Program Files/SEGGER/SEGGER Embedded Studio for ARM 6.30/lib/libc_v7em_fpv4_sp_d16_hard_t_le_eabi_balanced.a(mbops.o) (__SEGGER_RTL_string_list_encode)
C:/Program Files/SEGGER/SEGGER Embedded Studio for ARM 6.30/lib/libc_v7em_fpv4_sp_d16_hard_t_le_eabi_balanced.a(utilops.o)
                              C:/Program Files/SEGGER/SEGGER Embedded Studio for ARM 6.30/lib/libc_v7em_fpv4_sp_d16_hard_t_le_eabi_balanced.a(__SEGGER_RTL_vfscanf_long.o) (__SEGGER_RTL_digit)
C:/Program Files/SEGGER/SEGGER Embedded Studio for ARM 6.30/lib/libc_v7em_fpv4_sp_d16_hard_t_le_eabi_balanced.a(errno.o)
                              C:/Program Files/SEGGER/SEGGER Embedded Studio for ARM 6.30/lib/libc_v7em_fpv4_sp_d16_hard_t_le_eabi_balanced.a(fileops.o) (__aeabi_errno_addr)
C:/Program Files/SEGGER/SEGGER Embedded Studio for ARM 6.30/lib/libc_v7em_fpv4_sp_d16_hard_t_le_eabi_balanced.a(floatasmops_arm.o)
                              C:/Program Files/SEGGER/SEGGER Embedded Studio for ARM 6.30/lib/libc_v7em_fpv4_sp_d16_hard_t_le_eabi_balanced.a(utilops.o) (__aeabi_dmul)
C:/Program Files/SEGGER/SEGGER Embedded Studio for ARM 6.30/lib/libc_v7em_fpv4_sp_d16_hard_t_le_eabi_balanced.a(intops.o)
                              C:/Program Files/SEGGER/SEGGER Embedded Studio for ARM 6.30/lib/libc_v7em_fpv4_sp_d16_hard_t_le_eabi_balanced.a(timeops.o) (div)
C:/Program Files/SEGGER/SEGGER Embedded Studio for ARM 6.30/lib/heapops_basic_v7em_little.a(heapops_basic.o)
                              C:/Program Files/SEGGER/SEGGER Embedded Studio for ARM 6.30/lib/libc_v7em_fpv4_sp_d16_hard_t_le_eabi_balanced.a(heapops.o) (__SEGGER_RTL_alloc)

Discarded input sections

 .group         0x0000000000000000        0xc Output/Debug/Obj/08oos_memberTest/08oos_memberTest.o
 .group         0x0000000000000000        0xc Output/Debug/Obj/08oos_memberTest/08oos_memberTest.o
 .group         0x0000000000000000        0xc Output/Debug/Obj/08oos_memberTest/08oos_memberTest.o
 .group         0x0000000000000000        0xc Output/Debug/Obj/08oos_memberTest/08oos_memberTest.o
 .group         0x0000000000000000        0xc Output/Debug/Obj/08oos_memberTest/08oos_memberTest.o
 .group         0x0000000000000000        0xc Output/Debug/Obj/08oos_memberTest/08oos_memberTest.o
[...]
Memory Configuration

Name             Origin             Length             Attributes
UNPLACED_SECTIONS 0x0000000100000000 0x0000000000000000 xw
RAM1             0x0000000020000000 0x0000000000040000 xw
FLASH1           0x0000000000000000 0x0000000000100000 xw
*default*        0x0000000000000000 0xffffffffffffffff

Linker script and memory map

                0x0000000000013218                __SEGGER_RTL_vfprintf = __SEGGER_RTL_vfprintf_long
                0x0000000000000000                __SEGGER_RTL_vfscanf = __SEGGER_RTL_vfscanf_long
                0x0000000020000000                __RAM1_segment_start__ = 0x20000000
                0x0000000020040000                __RAM1_segment_end__ = 0x20040000
                0x0000000000040000                __RAM1_segment_size__ = 0x40000
                0x0000000000000000                __FLASH1_segment_start__ = 0x0
                0x0000000000100000                __FLASH1_segment_end__ = 0x100000
                0x0000000000100000                __FLASH1_segment_size__ = 0x100000
                0x0000000000002000                __HEAPSIZE__ = 0x2000
                0x0000000000000000                __STACKSIZE_PROCESS__ = 0x0
                0x0000000000002000                __STACKSIZE__ = 0x2000
                0x0000000020000000                __vectors_ram_load_start__ = 0x20000000

.vectors_ram    0x0000000020000000        0x0
                0x0000000020000000                __vectors_ram_start__ = .
                0x0000000020000000                __app_ram_start__ = __vectors_ram_start__
 *(.vectors_ram .vectors_ram.*)
                0x0000000020000000                __vectors_ram_end__ = (__vectors_ram_start__ + SIZEOF (.vectors_ram))
                0x0000000000000000                __vectors_ram_size__ = SIZEOF (.vectors_ram)
                0x0000000020000000                __vectors_ram_load_end__ = __vectors_ram_end__
                0x0000000000000001                . = ASSERT (((__vectors_ram_start__ == __vectors_ram_end__) || ((__vectors_ram_end__ - __RAM1_segment_start__) <= __RAM1_segment_size__)), error: .vectors_ram is too large to fit in RAM1 memory segment)
                0x0000000020000000                __nrf_sections_run_load_start__ = ALIGN (__vectors_ram_end__, 0x4)

.nrf_sections_run
                0x0000000020000000        0x0
                0x0000000020000000                __nrf_sections_run_start__ = .
                0x0000000020000000                __start_nrf_sections_run = __nrf_sections_run_start__
 *(.nrf_sections_run .nrf_sections_run.*)
                0x0000000020000000                __nrf_sections_run_end__ = (__nrf_sections_run_start__ + SIZEOF (.nrf_sections_run))
                0x0000000000000000                __nrf_sections_run_size__ = SIZEOF (.nrf_sections_run)
                0x0000000020000000                __nrf_sections_run_load_end__ = __nrf_sections_run_end__
                0x0000000000000001                . = ASSERT (((__nrf_sections_run_start__ == __nrf_sections_run_end__) || ((__nrf_sections_run_end__ - __RAM1_segment_start__) <= __RAM1_segment_size__)), error: .nrf_sections_run is too large to fit in RAM1 memory segment)
                0x0000000000000000                __vectors_load_start__ = 0x0

.vectors        0x0000000000000000      0x200
                0x0000000000000000                __vectors_start__ = .
 *(.vectors .vectors.*)
 .vectors       0x0000000000000000      0x200 Output/Debug/Obj/08oos_memberTest/ses_startup_nrf52840.o
                0x0000000000000000                _vectors
                0x0000000000000200                __vectors_end__ = (__vectors_start__ + SIZEOF (.vectors))
                0x0000000000000200                __vectors_size__ = SIZEOF (.vectors)
                0x0000000000000200                __vectors_load_end__ = __vectors_end__
                0x0000000000000001                . = ASSERT (((__vectors_start__ == __vectors_end__) || ((__vectors_end__ - __FLASH1_segment_start__) <= __FLASH1_segment_size__)), error: .vectors is too large to fit in FLASH1 memory segment)
                0x0000000000000200                __init_load_start__ = ALIGN (__vectors_end__, 0x4)

.init           0x0000000000000200      0x1ac
                0x0000000000000200                __init_start__ = .
 *(.init .init.*)
 .init          0x0000000000000200       0x18 Output/Debug/Obj/08oos_memberTest/ses_startup_nrf52840.o
                0x0000000000000200                NMI_Handler
                0x0000000000000202                HardFault_Handler
                0x0000000000000204                MemoryManagement_Handler
                0x0000000000000206                BusFault_Handler
                0x0000000000000208                UsageFault_Handler
                0x000000000000020a                SVC_Handler
                0x000000000000020c                DebugMon_Handler
                0x000000000000020e                PendSV_Handler
                0x0000000000000210                SysTick_Handler
                0x0000000000000212                QSPI_IRQHandler
                0x0000000000000212                POWER_CLOCK_IRQHandler
                0x0000000000000212                PDM_IRQHandler
                0x0000000000000212                TEMP_IRQHandler
                0x0000000000000212                QDEC_IRQHandler
                0x0000000000000212                GPIOTE_IRQHandler
                0x0000000000000212                PWM3_IRQHandler
                0x0000000000000212                FPU_IRQHandler
                0x0000000000000212                USBD_IRQHandler
                0x0000000000000212                SPIM0_SPIS0_TWIM0_TWIS0_SPI0_TWI0_IRQHandler
                0x0000000000000212                PWM1_IRQHandler
                0x0000000000000212                TIMER4_IRQHandler
                0x0000000000000212                CRYPTOCELL_IRQHandler
                0x0000000000000212                I2S_IRQHandler
                0x0000000000000212                TIMER3_IRQHandler
                0x0000000000000212                TIMER0_IRQHandler
                0x0000000000000212                UARTE1_IRQHandler
                0x0000000000000212                Dummy_Handler
                0x0000000000000212                TIMER1_IRQHandler
                0x0000000000000212                SPIM3_IRQHandler
                0x0000000000000212                PWM2_IRQHandler
                0x0000000000000212                ECB_IRQHandler
                0x0000000000000212                SPIM1_SPIS1_TWIM1_TWIS1_SPI1_TWI1_IRQHandler
                0x0000000000000212                SAADC_IRQHandler
                0x0000000000000212                CCM_AAR_IRQHandler
                0x0000000000000212                WDT_IRQHandler
                0x0000000000000212                SWI2_EGU2_IRQHandler
                0x0000000000000212                SWI5_EGU5_IRQHandler
                0x0000000000000212                RNG_IRQHandler
                0x0000000000000212                RTC2_IRQHandler
                0x0000000000000212                PWM0_IRQHandler
                0x0000000000000212                SWI3_EGU3_IRQHandler
                0x0000000000000212                RTC1_IRQHandler
                0x0000000000000212                SWI1_EGU1_IRQHandler
                0x0000000000000212                SPIM2_SPIS2_SPI2_IRQHandler
                0x0000000000000212                NFCT_IRQHandler
                0x0000000000000212                SWI4_EGU4_IRQHandler
                0x0000000000000212                MWU_IRQHandler
                0x0000000000000212                TIMER2_IRQHandler
                0x0000000000000212                COMP_LPCOMP_IRQHandler
                0x0000000000000214                nRFInitialize
 .init          0x0000000000000218       0x44 Output/Debug/Obj/08oos_memberTest/ses_startup_nrf_common.o
                0x0000000000000218                Reset_Handler
                0x000000000000021c                afterInitialize
 .init          0x000000000000025c      0x150 Output/Debug/Obj/08oos_memberTest/thumb_crt0.o
                0x000000000000025c                _start
                0x0000000000000306                exit
                0x00000000000003ac                __init_end__ = (__init_start__ + SIZEOF (.init))
                0x00000000000001ac                __init_size__ = SIZEOF (.init)
                0x00000000000003ac                __init_load_end__ = __init_end__
                0x0000000000000001                . = ASSERT (((__init_start__ == __init_end__) || ((__init_end__ - __FLASH1_segment_start__) <= __FLASH1_segment_size__)), error: .init is too large to fit in FLASH1 memory segment)
                0x00000000000003ac                __init_rodata_load_start__ = ALIGN (__init_end__, 0x4)

.init_rodata    0x00000000000003ac        0x0
                0x00000000000003ac                __init_rodata_start__ = .
 *(.init_rodata .init_rodata.*)
                0x00000000000003ac                __init_rodata_end__ = (__init_rodata_start__ + SIZEOF (.init_rodata))
                0x0000000000000000                __init_rodata_size__ = SIZEOF (.init_rodata)
                0x00000000000003ac                __init_rodata_load_end__ = __init_rodata_end__
                0x0000000000000001                . = ASSERT (((__init_rodata_start__ == __init_rodata_end__) || ((__init_rodata_end__ - __FLASH1_segment_start__) <= __FLASH1_segment_size__)), error: .init_rodata is too large to fit in FLASH1 memory segment)
                0x00000000000003ac                __text_load_start__ = ALIGN (__init_rodata_end__, 0x4)

.text           0x00000000000003ac    0x135e8
                0x00000000000003ac                __text_start__ = .
 *(.text .text.* .gnu.linkonce.t.* .glue_7t .glue_7 .gcc_except_table .ARM.extab* .gnu.linkonce.armextab.*)
 .glue_7        0x00000000000003ac        0x0 linker stubs
 .glue_7t       0x00000000000003ac        0x0 linker stubs
 .text.mote_main
                0x00000000000003ac       0x3c Output/Debug/Obj/08oos_memberTest/08oos_memberTest.o
                0x00000000000003ac                mote_main
 .text.iphc_init
                0x00000000000003e8        0x4 Output/Debug/Obj/08oos_memberTest/08oos_memberTest.o
                0x00000000000003e8                iphc_init
 .text.iphc_sendDone
                0x00000000000003ec       0x10 Output/Debug/Obj/08oos_memberTest/08oos_memberTest.o
                0x00000000000003ec                iphc_sendDone
 .text.iphc_receive
                0x00000000000003fc        0xa Output/Debug/Obj/08oos_memberTest/08oos_memberTest.o
                0x00000000000003fc                iphc_receive
 .text.forwarding_init
                0x0000000000000406        0x4 Output/Debug/Obj/08oos_memberTest/08oos_memberTest.o
                0x0000000000000406                forwarding_init
 .text.openbridge_init
                0x000000000000040a        0x4 Output/Debug/Obj/08oos_memberTest/08oos_memberTest.o
                0x000000000000040a                openbridge_init
 .text.openbridge_triggerData
                0x000000000000040e        0x4 Output/Debug/Obj/08oos_memberTest/08oos_memberTest.o
                0x000000000000040e                openbridge_triggerData
 .text.icmpv6_init
                0x0000000000000412        0x4 Output/Debug/Obj/08oos_memberTest/08oos_memberTest.o
                0x0000000000000412                icmpv6_init
 .text.icmpv6rpl_init
                0x0000000000000416        0x4 Output/Debug/Obj/08oos_memberTest/08oos_memberTest.o
                0x0000000000000416                icmpv6rpl_init
 .text.icmpv6rpl_writeDODAGid
                0x000000000000041a        0xa Output/Debug/Obj/08oos_memberTest/08oos_memberTest.o
                0x000000000000041a                icmpv6rpl_writeDODAGid
 .text.icmpv6rpl_getPreferredParentEui64
                0x0000000000000424       0x3c Output/Debug/Obj/08oos_memberTest/08oos_memberTest.o
                0x0000000000000424                icmpv6rpl_getPreferredParentEui64
 .text.icmpv6rpl_isPreferredParent
                0x0000000000000460       0x3a Output/Debug/Obj/08oos_memberTest/08oos_memberTest.o
                0x0000000000000460                icmpv6rpl_isPreferredParent
 .text.icmpv6rpl_getMyDAGrank
                0x000000000000049a        0x6 Output/Debug/Obj/08oos_memberTest/08oos_memberTest.o
                0x000000000000049a                icmpv6rpl_getMyDAGrank
 .text.icmpv6rpl_daoSent
                0x00000000000004a0        0x6 Output/Debug/Obj/08oos_memberTest/08oos_memberTest.o
                0x00000000000004a0                icmpv6rpl_daoSent
 .text.icmpv6rpl_updateMyDAGrankAndParentSelection
                0x00000000000004a6        0x4 Output/Debug/Obj/08oos_memberTest/08oos_memberTest.o
                0x00000000000004a6                icmpv6rpl_updateMyDAGrankAndParentSelection
 .text.openapps_init
                0x00000000000004aa        0x4 Output/Debug/Obj/08oos_memberTest/08oos_memberTest.o
                0x00000000000004aa                openapps_init
 .text.openweb_init
                0x00000000000004ae        0x4 Output/Debug/Obj/08oos_memberTest/08oos_memberTest.o
                0x00000000000004ae                openweb_init
 *fill*         0x00000000000004b2        0x2 
 .text.__NVIC_SystemReset
                0x00000000000004b4       0x28 Output/Debug/Obj/08oos_memberTest/board.o
 .text.main     0x00000000000004dc        0xc Output/Debug/Obj/08oos_memberTest/board.o
                0x00000000000004dc                main
 .text.board_init
                0x00000000000004e8       0x42 Output/Debug/Obj/08oos_memberTest/board.o
                0x00000000000004e8                board_init
 .text.board_sleep
                0x000000000000052a        0x8 Output/Debug/Obj/08oos_memberTest/board.o
                0x000000000000052a                board_sleep
 .text.board_reset
                0x0000000000000532        0x6 Output/Debug/Obj/08oos_memberTest/board.o
                0x0000000000000532                board_reset
 .text.enable_dcdc
                0x0000000000000538       0x30 Output/Debug/Obj/08oos_memberTest/board.o
                0x0000000000000538                enable_dcdc
 .text.debugpins_init
                0x0000000000000568       0x4c Output/Debug/Obj/08oos_memberTest/debugpins.o
                0x0000000000000568                debugpins_init
 .text.debugpins_frame_toggle
                0x00000000000005b4       0x2e Output/Debug/Obj/08oos_memberTest/debugpins.o
                0x00000000000005b4                debugpins_frame_toggle
 .text.debugpins_slot_toggle
                0x00000000000005e2       0x2e Output/Debug/Obj/08oos_memberTest/debugpins.o
                0x00000000000005e2                debugpins_slot_toggle
 .text.debugpins_fsm_set
                0x0000000000000610       0x10 Output/Debug/Obj/08oos_memberTest/debugpins.o
                0x0000000000000610                debugpins_fsm_set
 .text.debugpins_fsm_clr
                0x0000000000000620       0x10 Output/Debug/Obj/08oos_memberTest/debugpins.o
                0x0000000000000620                debugpins_fsm_clr
 .text.debugpins_fsm_toggle
                0x0000000000000630       0x2e Output/Debug/Obj/08oos_memberTest/debugpins.o
                0x0000000000000630                debugpins_fsm_toggle
 .text.debugpins_task_set
                0x000000000000065e       0x10 Output/Debug/Obj/08oos_memberTest/debugpins.o
                0x000000000000065e                debugpins_task_set
 .text.debugpins_task_clr
                0x000000000000066e       0x10 Output/Debug/Obj/08oos_memberTest/debugpins.o
                0x000000000000066e                debugpins_task_clr
 .text.debugpins_isr_set
                0x000000000000067e       0x10 Output/Debug/Obj/08oos_memberTest/debugpins.o
                0x000000000000067e                debugpins_isr_set
 .text.debugpins_isr_clr
                0x000000000000068e       0x10 Output/Debug/Obj/08oos_memberTest/debugpins.o
                0x000000000000068e                debugpins_isr_clr
 .text.debugpins_radio_set
                0x000000000000069e       0x10 Output/Debug/Obj/08oos_memberTest/debugpins.o
                0x000000000000069e                debugpins_radio_set
 .text.debugpins_radio_clr
                0x00000000000006ae       0x10 Output/Debug/Obj/08oos_memberTest/debugpins.o
                0x00000000000006ae                debugpins_radio_clr
 .text.eui64_get
                0x00000000000006be       0x88 Output/Debug/Obj/08oos_memberTest/eui64.o
                0x00000000000006be                eui64_get
 *fill*         0x0000000000000746        0x2 
 .text.i2c_init
                0x0000000000000748       0x4c Output/Debug/Obj/08oos_memberTest/i2c.o
                0x0000000000000748                i2c_init
 .text.nrf_gpio_cfg_input
                0x0000000000000794       0x3c Output/Debug/Obj/08oos_memberTest/i2c.o
                0x0000000000000794                nrf_gpio_cfg_input
 .text.leds_init
                0x00000000000007d0       0x3a Output/Debug/Obj/08oos_memberTest/leds.o
                0x00000000000007d0                leds_init
 .text.leds_error_off
                0x000000000000080a       0x10 Output/Debug/Obj/08oos_memberTest/leds.o
                0x000000000000080a                leds_error_off
 .text.leds_error_toggle
                0x000000000000081a       0x2e Output/Debug/Obj/08oos_memberTest/leds.o
                0x000000000000081a                leds_error_toggle
 .text.leds_sync_off
                0x0000000000000848       0x10 Output/Debug/Obj/08oos_memberTest/leds.o
                0x0000000000000848                leds_sync_off
 .text.leds_sync_on
                0x0000000000000858       0x10 Output/Debug/Obj/08oos_memberTest/leds.o
                0x0000000000000858                leds_sync_on
 .text.leds_sync_toggle
                0x0000000000000868       0x2e Output/Debug/Obj/08oos_memberTest/leds.o
                0x0000000000000868                leds_sync_toggle
 .text.leds_radio_off
                0x0000000000000896       0x10 Output/Debug/Obj/08oos_memberTest/leds.o
                0x0000000000000896                leds_radio_off
 .text.leds_radio_on
                0x00000000000008a6       0x10 Output/Debug/Obj/08oos_memberTest/leds.o
                0x00000000000008a6                leds_radio_on
 .text.leds_debug_off
                0x00000000000008b6       0x10 Output/Debug/Obj/08oos_memberTest/leds.o
                0x00000000000008b6                leds_debug_off
 .text.leds_debug_on
                0x00000000000008c6       0x10 Output/Debug/Obj/08oos_memberTest/leds.o
                0x00000000000008c6                leds_debug_on
 .text.leds_all_off
                0x00000000000008d6       0x16 Output/Debug/Obj/08oos_memberTest/leds.o
                0x00000000000008d6                leds_all_off
 .text.leds_error_blink
                0x00000000000008ec       0x48 Output/Debug/Obj/08oos_memberTest/leds.o
                0x00000000000008ec                leds_error_blink
 .text.__NVIC_EnableIRQ
                0x0000000000000934       0x34 Output/Debug/Obj/08oos_memberTest/radio.o
 .text.__NVIC_DisableIRQ
                0x0000000000000968       0x44 Output/Debug/Obj/08oos_memberTest/radio.o
 .text.__NVIC_ClearPendingIRQ
                0x00000000000009ac       0x38 Output/Debug/Obj/08oos_memberTest/radio.o
 .text.__NVIC_SetPriority
                0x00000000000009e4       0x50 Output/Debug/Obj/08oos_memberTest/radio.o
 .text.radio_ble_init
                0x0000000000000a34       0xb0 Output/Debug/Obj/08oos_memberTest/radio.o
                0x0000000000000a34                radio_ble_init
 .text.radio_setStartFrameCb
                0x0000000000000ae4       0x14 Output/Debug/Obj/08oos_memberTest/radio.o
                0x0000000000000ae4                radio_setStartFrameCb
 .text.radio_setEndFrameCb
                0x0000000000000af8       0x14 Output/Debug/Obj/08oos_memberTest/radio.o
                0x0000000000000af8                radio_setEndFrameCb
 .text.radio_ble_setFrequency
                0x0000000000000b0c       0x40 Output/Debug/Obj/08oos_memberTest/radio.o
                0x0000000000000b0c                radio_ble_setFrequency
 .text.radio_rfOn
                0x0000000000000b4c       0x1c Output/Debug/Obj/08oos_memberTest/radio.o
                0x0000000000000b4c                radio_rfOn
 .text.radio_rfOff
                0x0000000000000b68       0x3c Output/Debug/Obj/08oos_memberTest/radio.o
                0x0000000000000b68                radio_rfOff
 .text.radio_ble_loadPacket
                0x0000000000000ba4       0x60 Output/Debug/Obj/08oos_memberTest/radio.o
                0x0000000000000ba4                radio_ble_loadPacket
 .text.radio_txEnable
                0x0000000000000c04       0x3c Output/Debug/Obj/08oos_memberTest/radio.o
                0x0000000000000c04                radio_txEnable
 .text.radio_txNow
                0x0000000000000c40       0x18 Output/Debug/Obj/08oos_memberTest/radio.o
                0x0000000000000c40                radio_txNow
 .text.radio_rxEnable
                0x0000000000000c58       0x3c Output/Debug/Obj/08oos_memberTest/radio.o
                0x0000000000000c58                radio_rxEnable
 .text.radio_rxNow
                0x0000000000000c94       0x24 Output/Debug/Obj/08oos_memberTest/radio.o
                0x0000000000000c94                radio_rxNow
 .text.radio_ble_getReceivedFrame
                0x0000000000000cb8       0x84 Output/Debug/Obj/08oos_memberTest/radio.o
                0x0000000000000cb8                radio_ble_getReceivedFrame
 .text.ble_channel_to_frequency
                0x0000000000000d3c       0x7e Output/Debug/Obj/08oos_memberTest/radio.o
 *fill*         0x0000000000000dba        0x2 
 .text.radio_isr
                0x0000000000000dbc       0x74 Output/Debug/Obj/08oos_memberTest/radio.o
                0x0000000000000dbc                radio_isr
 .text.RADIO_IRQHandler
                0x0000000000000e30       0x12 Output/Debug/Obj/08oos_memberTest/radio.o
                0x0000000000000e30                RADIO_IRQHandler
 *fill*         0x0000000000000e42        0x2 
 .text.sctimer_init
                0x0000000000000e44       0xb0 Output/Debug/Obj/08oos_memberTest/sctimer.o
                0x0000000000000e44                sctimer_init
 .text.sctimer_set_callback
                0x0000000000000ef4       0x14 Output/Debug/Obj/08oos_memberTest/sctimer.o
                0x0000000000000ef4                sctimer_set_callback
 .text.sctimer_setCompare
                0x0000000000000f08       0x68 Output/Debug/Obj/08oos_memberTest/sctimer.o
                0x0000000000000f08                sctimer_setCompare
 .text.sctimer_readCounter
                0x0000000000000f70       0x10 Output/Debug/Obj/08oos_memberTest/sctimer.o
                0x0000000000000f70                sctimer_readCounter
 .text.RTC0_IRQHandler
                0x0000000000000f80       0x38 Output/Debug/Obj/08oos_memberTest/sctimer.o
                0x0000000000000f80                RTC0_IRQHandler
 .text.SWI0_EGU0_IRQHandler
                0x0000000000000fb8       0x38 Output/Debug/Obj/08oos_memberTest/sctimer.o
                0x0000000000000fb8                SWI0_EGU0_IRQHandler
 .text.nrf52_errata_36
                0x0000000000000ff0       0x64 Output/Debug/Obj/08oos_memberTest/system_nrf52840.o
 .text.nrf52_errata_66
                0x0000000000001054       0x64 Output/Debug/Obj/08oos_memberTest/system_nrf52840.o
 .text.nrf52_errata_98
                0x00000000000010b8       0x64 Output/Debug/Obj/08oos_memberTest/system_nrf52840.o
 .text.nrf52_errata_103
                0x000000000000111c       0x64 Output/Debug/Obj/08oos_memberTest/system_nrf52840.o
 .text.nrf52_errata_115
                0x0000000000001180       0x64 Output/Debug/Obj/08oos_memberTest/system_nrf52840.o
 .text.nrf52_errata_120
                0x00000000000011e4       0x64 Output/Debug/Obj/08oos_memberTest/system_nrf52840.o
 .text.nrf52_errata_136
                0x0000000000001248       0x64 Output/Debug/Obj/08oos_memberTest/system_nrf52840.o
 .text.nrf52_errata_249
                0x00000000000012ac       0x64 Output/Debug/Obj/08oos_memberTest/system_nrf52840.o
 .text.nrf52_handle_approtect
                0x0000000000001310       0x20 Output/Debug/Obj/08oos_memberTest/system_nrf52840.o
 .text.SystemCoreClockUpdate
                0x0000000000001330       0x14 Output/Debug/Obj/08oos_memberTest/system_nrf52840.o
                0x0000000000001330                SystemCoreClockUpdate
 .text.SystemInit
                0x0000000000001344      0x1e4 Output/Debug/Obj/08oos_memberTest/system_nrf52840.o
                0x0000000000001344                SystemInit
 .text.uart_init
                0x0000000000001528       0x90 Output/Debug/Obj/08oos_memberTest/uart.o
                0x0000000000001528                uart_init
 .text.uart_setCallbacks
                0x00000000000015b8       0x1c Output/Debug/Obj/08oos_memberTest/uart.o
                0x00000000000015b8                uart_setCallbacks
 .text.uart_enableInterrupts
                0x00000000000015d4       0x10 Output/Debug/Obj/08oos_memberTest/uart.o
                0x00000000000015d4                uart_enableInterrupts
 .text.uart_setCTS
                0x00000000000015e4       0x2c Output/Debug/Obj/08oos_memberTest/uart.o
                0x00000000000015e4                uart_setCTS
 .text.uart_writeByte
                0x0000000000001610       0x54 Output/Debug/Obj/08oos_memberTest/uart.o
                0x0000000000001610                uart_writeByte
 .text.uart_readByte
                0x0000000000001664       0x10 Output/Debug/Obj/08oos_memberTest/uart.o
                0x0000000000001664                uart_readByte
 .text.UARTE0_UART0_IRQHandler
                0x0000000000001674       0x40 Output/Debug/Obj/08oos_memberTest/uart.o
                0x0000000000001674                UARTE0_UART0_IRQHandler
 .text.uart_tx_isr
                0x00000000000016b4       0x44 Output/Debug/Obj/08oos_memberTest/uart.o
                0x00000000000016b4                uart_tx_isr
 .text.uart_rx_isr
                0x00000000000016f8       0x20 Output/Debug/Obj/08oos_memberTest/uart.o
                0x00000000000016f8                uart_rx_isr
 .text.crcIteration
                0x0000000000001718       0x38 Output/Debug/Obj/08oos_memberTest/openhdlc.o
                0x0000000000001718                crcIteration
 .text.openserial_init
                0x0000000000001750       0x98 Output/Debug/Obj/08oos_memberTest/openserial.o
                0x0000000000001750                openserial_init
 .text.openserial_printLog
                0x00000000000017e8       0xd4 Output/Debug/Obj/08oos_memberTest/openserial.o
                0x00000000000017e8                openserial_printLog
 .text.openserial_printData
                0x00000000000018bc       0x56 Output/Debug/Obj/08oos_memberTest/openserial.o
                0x00000000000018bc                openserial_printData
 *fill*         0x0000000000001912        0x2 
 .text.openserial_root_printf
                0x0000000000001914      0x20c Output/Debug/Obj/08oos_memberTest/openserial.o
                0x0000000000001914                openserial_root_printf
 .text.openserial_leader_printf
                0x0000000000001b20      0x20c Output/Debug/Obj/08oos_memberTest/openserial.o
                0x0000000000001b20                openserial_leader_printf
 .text.openserial_member_printf
                0x0000000000001d2c      0x20c Output/Debug/Obj/08oos_memberTest/openserial.o
                0x0000000000001d2c                openserial_member_printf
 .text.openserial_mysf_printf
                0x0000000000001f38      0x1f8 Output/Debug/Obj/08oos_memberTest/openserial.o
                0x0000000000001f38                openserial_mysf_printf
 .text.openserial_getInputBuffer
                0x0000000000002130       0x88 Output/Debug/Obj/08oos_memberTest/openserial.o
                0x0000000000002130                openserial_getInputBuffer
 .text.openserial_flush
                0x00000000000021b8       0x88 Output/Debug/Obj/08oos_memberTest/openserial.o
                0x00000000000021b8                openserial_flush
 .text.openserial_inhibitStart
                0x0000000000002240       0x14 Output/Debug/Obj/08oos_memberTest/openserial.o
                0x0000000000002240                openserial_inhibitStart
 .text.openserial_inhibitStop
                0x0000000000002254       0x1c Output/Debug/Obj/08oos_memberTest/openserial.o
                0x0000000000002254                openserial_inhibitStop
 .text.internal_openserial_print
                0x0000000000002270       0xbc Output/Debug/Obj/08oos_memberTest/openserial.o
                0x0000000000002270                internal_openserial_print
 .text.openserial_handleRxFrame
                0x000000000000232c      0x108 Output/Debug/Obj/08oos_memberTest/openserial.o
                0x000000000000232c                openserial_handleRxFrame
 .text.openserial_handleEcho
                0x0000000000002434       0x20 Output/Debug/Obj/08oos_memberTest/openserial.o
                0x0000000000002434                openserial_handleEcho
 .text.openserial_board_reset_cb
                0x0000000000002454       0x16 Output/Debug/Obj/08oos_memberTest/openserial.o
                0x0000000000002454                openserial_board_reset_cb
 *fill*         0x000000000000246a        0x2 
 .text.outputHdlcOpen
                0x000000000000246c       0x44 Output/Debug/Obj/08oos_memberTest/openserial.o
                0x000000000000246c                outputHdlcOpen
 .text.outputHdlcWrite
                0x00000000000024b0       0xac Output/Debug/Obj/08oos_memberTest/openserial.o
                0x00000000000024b0                outputHdlcWrite
 .text.outputHdlcClose
                0x000000000000255c       0x6c Output/Debug/Obj/08oos_memberTest/openserial.o
                0x000000000000255c                outputHdlcClose
 .text.inputHdlcOpen
                0x00000000000025c8       0x1c Output/Debug/Obj/08oos_memberTest/openserial.o
                0x00000000000025c8                inputHdlcOpen
 .text.inputHdlcWrite
                0x00000000000025e4       0x84 Output/Debug/Obj/08oos_memberTest/openserial.o
                0x00000000000025e4                inputHdlcWrite
 .text.inputHdlcClose
                0x0000000000002668       0x30 Output/Debug/Obj/08oos_memberTest/openserial.o
                0x0000000000002668                inputHdlcClose
 .text.task_printInputBufferOverflow
                0x0000000000002698       0x1c Output/Debug/Obj/08oos_memberTest/openserial.o
                0x0000000000002698                task_printInputBufferOverflow
 .text.task_printWrongCRCInput
                0x00000000000026b4       0x1c Output/Debug/Obj/08oos_memberTest/openserial.o
                0x00000000000026b4                task_printWrongCRCInput
 .text.isr_openserial_tx
                0x00000000000026d0       0xb0 Output/Debug/Obj/08oos_memberTest/openserial.o
                0x00000000000026d0                isr_openserial_tx
 .text.isr_openserial_rx
                0x0000000000002780       0xf0 Output/Debug/Obj/08oos_memberTest/openserial.o
                0x0000000000002780                isr_openserial_rx
 .text.opentimers_init
                0x0000000000002870       0x20 Output/Debug/Obj/08oos_memberTest/opentimers.o
                0x0000000000002870                opentimers_init
 .text.opentimers_create
                0x0000000000002890       0xe0 Output/Debug/Obj/08oos_memberTest/opentimers.o
                0x0000000000002890                opentimers_create
 .text.opentimers_scheduleIn
                0x0000000000002970      0x2c4 Output/Debug/Obj/08oos_memberTest/opentimers.o
                0x0000000000002970                opentimers_scheduleIn
 .text.opentimers_scheduleAbsolute
                0x0000000000002c34      0x2b4 Output/Debug/Obj/08oos_memberTest/opentimers.o
                0x0000000000002c34                opentimers_scheduleAbsolute
 .text.opentimers_cancel
                0x0000000000002ee8       0x48 Output/Debug/Obj/08oos_memberTest/opentimers.o
                0x0000000000002ee8                opentimers_cancel
 .text.opentimers_getValue
                0x0000000000002f30        0xc Output/Debug/Obj/08oos_memberTest/opentimers.o
                0x0000000000002f30                opentimers_getValue
 .text.opentimers_getCurrentCompareValue
                0x0000000000002f3c       0x10 Output/Debug/Obj/08oos_memberTest/opentimers.o
                0x0000000000002f3c                opentimers_getCurrentCompareValue
 .text.opentimers_timer_callback
                0x0000000000002f4c      0x4ec Output/Debug/Obj/08oos_memberTest/opentimers.o
                0x0000000000002f4c                opentimers_timer_callback
 .text.scheduler_start
                0x0000000000003438       0x50 Output/Debug/Obj/08oos_memberTest/scheduler.o
                0x0000000000003438                scheduler_start
 .text.scheduler_push_task
                0x0000000000003488       0xa0 Output/Debug/Obj/08oos_memberTest/scheduler.o
                0x0000000000003488                scheduler_push_task
 .text.ieee802154_prependHeader
                0x0000000000003528      0x3ca Output/Debug/Obj/08oos_memberTest/IEEE802154.o
                0x0000000000003528                ieee802154_prependHeader
 *fill*         0x00000000000038f2        0x2 
 .text.ieee802154_retrieveHeader
                0x00000000000038f4      0x584 Output/Debug/Obj/08oos_memberTest/IEEE802154.o
                0x00000000000038f4                ieee802154_retrieveHeader
 .text.IEEE802154_security_init
                0x0000000000003e78       0x40 Output/Debug/Obj/08oos_memberTest/IEEE802154_security.o
                0x0000000000003e78                IEEE802154_security_init
 .text.IEEE802154_security_getBeaconKeyIndex
                0x0000000000003eb8        0xc Output/Debug/Obj/08oos_memberTest/IEEE802154_security.o
                0x0000000000003eb8                IEEE802154_security_getBeaconKeyIndex
 .text.IEEE802154_security_getDataKeyIndex
                0x0000000000003ec4        0xc Output/Debug/Obj/08oos_memberTest/IEEE802154_security.o
                0x0000000000003ec4                IEEE802154_security_getDataKeyIndex
 .text.IEEE802154_security_setBeaconKey
                0x0000000000003ed0       0x38 Output/Debug/Obj/08oos_memberTest/IEEE802154_security.o
                0x0000000000003ed0                IEEE802154_security_setBeaconKey
 .text.IEEE802154_security_setDataKey
                0x0000000000003f08       0x38 Output/Debug/Obj/08oos_memberTest/IEEE802154_security.o
                0x0000000000003f08                IEEE802154_security_setDataKey
 .text.IEEE802154_security_isConfigured
                0x0000000000003f40       0x2c Output/Debug/Obj/08oos_memberTest/IEEE802154_security.o
                0x0000000000003f40                IEEE802154_security_isConfigured
 .text.IEEE802154_security_prependAuxiliarySecurityHeader
                0x0000000000003f6c        0xc Output/Debug/Obj/08oos_memberTest/IEEE802154_security.o
                0x0000000000003f6c                IEEE802154_security_prependAuxiliarySecurityHeader
 .text.IEEE802154_security_outgoingFrameSecurity
                0x0000000000003f78        0xc Output/Debug/Obj/08oos_memberTest/IEEE802154_security.o
                0x0000000000003f78                IEEE802154_security_outgoingFrameSecurity
 .text.IEEE802154_security_incomingFrame
                0x0000000000003f84        0xc Output/Debug/Obj/08oos_memberTest/IEEE802154_security.o
                0x0000000000003f84                IEEE802154_security_incomingFrame
 .text.IEEE802154_security_getSecurityLevel
                0x0000000000003f90        0xc Output/Debug/Obj/08oos_memberTest/IEEE802154_security.o
                0x0000000000003f90                IEEE802154_security_getSecurityLevel
 .text.IEEE802154_security_acceptableLevel
                0x0000000000003f9c        0xe Output/Debug/Obj/08oos_memberTest/IEEE802154_security.o
                0x0000000000003f9c                IEEE802154_security_acceptableLevel
 *fill*         0x0000000000003faa        0x2 
 .text.ieee154e_init
                0x0000000000003fac       0xf4 Output/Debug/Obj/08oos_memberTest/IEEE802154E.o
                0x0000000000003fac                ieee154e_init
 .text.ieee154e_asnDiff
                0x00000000000040a0       0xa8 Output/Debug/Obj/08oos_memberTest/IEEE802154E.o
                0x00000000000040a0                ieee154e_asnDiff
 .text.ieee154e_orderToASNStructure
                0x0000000000004148       0x4e Output/Debug/Obj/08oos_memberTest/IEEE802154E.o
                0x0000000000004148                ieee154e_orderToASNStructure
 *fill*         0x0000000000004196        0x2 
 .text.isr_ieee154e_newSlot
                0x0000000000004198       0x90 Output/Debug/Obj/08oos_memberTest/IEEE802154E.o
                0x0000000000004198                isr_ieee154e_newSlot
 .text.isr_ieee154e_timer
                0x0000000000004228      0x12c Output/Debug/Obj/08oos_memberTest/IEEE802154E.o
                0x0000000000004228                isr_ieee154e_timer
 .text.isr_ieee154e_inhibitStart
                0x0000000000004354       0x16 Output/Debug/Obj/08oos_memberTest/IEEE802154E.o
                0x0000000000004354                isr_ieee154e_inhibitStart
 *fill*         0x000000000000436a        0x2 
 .text.ieee154e_startOfFrame
                0x000000000000436c       0xe8 Output/Debug/Obj/08oos_memberTest/IEEE802154E.o
                0x000000000000436c                ieee154e_startOfFrame
 .text.ieee154e_endOfFrame
                0x0000000000004454       0xd4 Output/Debug/Obj/08oos_memberTest/IEEE802154E.o
                0x0000000000004454                ieee154e_endOfFrame
 .text.activity_synchronize_newSlot
                0x0000000000004528      0x190 Output/Debug/Obj/08oos_memberTest/IEEE802154E.o
                0x0000000000004528                activity_synchronize_newSlot
 .text.activity_synchronize_startOfFrame
                0x00000000000046b8       0x44 Output/Debug/Obj/08oos_memberTest/IEEE802154E.o
                0x00000000000046b8                activity_synchronize_startOfFrame
 .text.activity_synchronize_endOfFrame
                0x00000000000046fc      0x3a4 Output/Debug/Obj/08oos_memberTest/IEEE802154E.o
                0x00000000000046fc                activity_synchronize_endOfFrame
 .text.ieee154e_processIEs
                0x0000000000004aa0       0xa0 Output/Debug/Obj/08oos_memberTest/IEEE802154E.o
                0x0000000000004aa0                ieee154e_processIEs
 .text.activity_ti1ORri1
                0x0000000000004b40      0x45c Output/Debug/Obj/08oos_memberTest/IEEE802154E.o
                0x0000000000004b40                activity_ti1ORri1
 .text.activity_ti2
                0x0000000000004f9c       0xa8 Output/Debug/Obj/08oos_memberTest/IEEE802154E.o
                0x0000000000004f9c                activity_ti2
 .text.activity_tie1
                0x0000000000005044       0x30 Output/Debug/Obj/08oos_memberTest/IEEE802154E.o
                0x0000000000005044                activity_tie1
 .text.activity_ti3
                0x0000000000005074       0x40 Output/Debug/Obj/08oos_memberTest/IEEE802154E.o
                0x0000000000005074                activity_ti3
 .text.activity_tie2
                0x00000000000050b4       0x30 Output/Debug/Obj/08oos_memberTest/IEEE802154E.o
                0x00000000000050b4                activity_tie2
 .text.activity_ti4
                0x00000000000050e4       0x68 Output/Debug/Obj/08oos_memberTest/IEEE802154E.o
                0x00000000000050e4                activity_ti4
 .text.activity_tie3
                0x000000000000514c       0x30 Output/Debug/Obj/08oos_memberTest/IEEE802154E.o
                0x000000000000514c                activity_tie3
 .text.activity_ti5
                0x000000000000517c       0xd4 Output/Debug/Obj/08oos_memberTest/IEEE802154E.o
                0x000000000000517c                activity_ti5
 .text.activity_ti6
                0x0000000000005250       0x64 Output/Debug/Obj/08oos_memberTest/IEEE802154E.o
                0x0000000000005250                activity_ti6
 .text.activity_tie4
                0x00000000000052b4       0x30 Output/Debug/Obj/08oos_memberTest/IEEE802154E.o
                0x00000000000052b4                activity_tie4
 .text.activity_ti7
                0x00000000000052e4       0x40 Output/Debug/Obj/08oos_memberTest/IEEE802154E.o
                0x00000000000052e4                activity_ti7
 .text.activity_tie5
                0x0000000000005324       0x84 Output/Debug/Obj/08oos_memberTest/IEEE802154E.o
                0x0000000000005324                activity_tie5
 .text.activity_ti8
                0x00000000000053a8       0x68 Output/Debug/Obj/08oos_memberTest/IEEE802154E.o
                0x00000000000053a8                activity_ti8
 .text.activity_tie6
                0x0000000000005410       0x30 Output/Debug/Obj/08oos_memberTest/IEEE802154E.o
                0x0000000000005410                activity_tie6
 .text.activity_ti9
                0x0000000000005440      0x248 Output/Debug/Obj/08oos_memberTest/IEEE802154E.o
                0x0000000000005440                activity_ti9
 .text.activity_ri2
                0x0000000000005688       0x64 Output/Debug/Obj/08oos_memberTest/IEEE802154E.o
                0x0000000000005688                activity_ri2
 .text.activity_rie1
                0x00000000000056ec       0x30 Output/Debug/Obj/08oos_memberTest/IEEE802154E.o
                0x00000000000056ec                activity_rie1
 .text.activity_ri3
                0x000000000000571c       0x40 Output/Debug/Obj/08oos_memberTest/IEEE802154E.o
                0x000000000000571c                activity_ri3
 .text.activity_rie2
                0x000000000000575c        0xa Output/Debug/Obj/08oos_memberTest/IEEE802154E.o
                0x000000000000575c                activity_rie2
 *fill*         0x0000000000005766        0x2 
 .text.activity_ri4
                0x0000000000005768       0x70 Output/Debug/Obj/08oos_memberTest/IEEE802154E.o
                0x0000000000005768                activity_ri4
 .text.activity_rie3
                0x00000000000057d8       0x30 Output/Debug/Obj/08oos_memberTest/IEEE802154E.o
                0x00000000000057d8                activity_rie3
 .text.activity_ri5
                0x0000000000005808      0x378 Output/Debug/Obj/08oos_memberTest/IEEE802154E.o
                0x0000000000005808                activity_ri5
 .text.activity_ri6
                0x0000000000005b80      0x1bc Output/Debug/Obj/08oos_memberTest/IEEE802154E.o
                0x0000000000005b80                activity_ri6
 .text.activity_rie4
                0x0000000000005d3c       0x30 Output/Debug/Obj/08oos_memberTest/IEEE802154E.o
                0x0000000000005d3c                activity_rie4
 .text.activity_ri7
                0x0000000000005d6c       0x40 Output/Debug/Obj/08oos_memberTest/IEEE802154E.o
                0x0000000000005d6c                activity_ri7
 .text.activity_rie5
                0x0000000000005dac       0x30 Output/Debug/Obj/08oos_memberTest/IEEE802154E.o
                0x0000000000005dac                activity_rie5
 .text.activity_ri8
                0x0000000000005ddc       0x68 Output/Debug/Obj/08oos_memberTest/IEEE802154E.o
                0x0000000000005ddc                activity_ri8
 .text.activity_rie6
                0x0000000000005e44       0x30 Output/Debug/Obj/08oos_memberTest/IEEE802154E.o
                0x0000000000005e44                activity_rie6
 .text.activity_ri9
                0x0000000000005e74       0x90 Output/Debug/Obj/08oos_memberTest/IEEE802154E.o
                0x0000000000005e74                activity_ri9
 .text.isValidRxFrame
                0x0000000000005f04       0x68 Output/Debug/Obj/08oos_memberTest/IEEE802154E.o
                0x0000000000005f04                isValidRxFrame
 .text.isValidAck
                0x0000000000005f6c       0x6a Output/Debug/Obj/08oos_memberTest/IEEE802154E.o
                0x0000000000005f6c                isValidAck
 *fill*         0x0000000000005fd6        0x2 
 .text.incrementAsnOffset
                0x0000000000005fd8       0xb0 Output/Debug/Obj/08oos_memberTest/IEEE802154E.o
                0x0000000000005fd8                incrementAsnOffset
 .text.ieee154e_resetAsn
                0x0000000000006088       0x30 Output/Debug/Obj/08oos_memberTest/IEEE802154E.o
                0x0000000000006088                ieee154e_resetAsn
 .text.ieee154e_getAsn
                0x00000000000060b8       0x60 Output/Debug/Obj/08oos_memberTest/IEEE802154E.o
                0x00000000000060b8                ieee154e_getAsn
 .text.ieee154e_getTimeCorrection
                0x0000000000006118       0x1c Output/Debug/Obj/08oos_memberTest/IEEE802154E.o
                0x0000000000006118                ieee154e_getTimeCorrection
 .text.joinPriorityStoreFromEB
                0x0000000000006134       0x2c Output/Debug/Obj/08oos_memberTest/IEEE802154E.o
                0x0000000000006134                joinPriorityStoreFromEB
 .text.isValidJoin
                0x0000000000006160       0xc8 Output/Debug/Obj/08oos_memberTest/IEEE802154E.o
                0x0000000000006160                isValidJoin
 .text.isValidEbFormat
                0x0000000000006228      0x48c Output/Debug/Obj/08oos_memberTest/IEEE802154E.o
                0x0000000000006228                isValidEbFormat
 .text.asnStoreFromEB
                0x00000000000066b4       0x50 Output/Debug/Obj/08oos_memberTest/IEEE802154E.o
                0x00000000000066b4                asnStoreFromEB
 .text.ieee154e_syncSlotOffset
                0x0000000000006704       0xec Output/Debug/Obj/08oos_memberTest/IEEE802154E.o
                0x0000000000006704                ieee154e_syncSlotOffset
 .text.timeslotTemplateIDStoreFromEB
                0x00000000000067f0       0x1c Output/Debug/Obj/08oos_memberTest/IEEE802154E.o
                0x00000000000067f0                timeslotTemplateIDStoreFromEB
 .text.channelhoppingTemplateIDStoreFromEB
                0x000000000000680c       0x1c Output/Debug/Obj/08oos_memberTest/IEEE802154E.o
                0x000000000000680c                channelhoppingTemplateIDStoreFromEB
 .text.synchronizePacket
                0x0000000000006828       0xd4 Output/Debug/Obj/08oos_memberTest/IEEE802154E.o
                0x0000000000006828                synchronizePacket
 .text.synchronizeAck
                0x00000000000068fc       0x90 Output/Debug/Obj/08oos_memberTest/IEEE802154E.o
                0x00000000000068fc                synchronizeAck
 .text.changeIsSync
                0x000000000000698c       0x38 Output/Debug/Obj/08oos_memberTest/IEEE802154E.o
                0x000000000000698c                changeIsSync
 .text.notif_sendDone
                0x00000000000069c4       0x90 Output/Debug/Obj/08oos_memberTest/IEEE802154E.o
                0x00000000000069c4                notif_sendDone
 .text.notif_receive
                0x0000000000006a54       0x74 Output/Debug/Obj/08oos_memberTest/IEEE802154E.o
                0x0000000000006a54                notif_receive
 .text.resetStats
                0x0000000000006ac8       0x48 Output/Debug/Obj/08oos_memberTest/IEEE802154E.o
                0x0000000000006ac8                resetStats
 .text.updateStats
                0x0000000000006b10       0x3c Output/Debug/Obj/08oos_memberTest/IEEE802154E.o
                0x0000000000006b10                updateStats
 .text.calculateFrequency
                0x0000000000006b4c       0x44 Output/Debug/Obj/08oos_memberTest/IEEE802154E.o
                0x0000000000006b4c                calculateFrequency
 .text.changeState
                0x0000000000006b90       0x88 Output/Debug/Obj/08oos_memberTest/IEEE802154E.o
                0x0000000000006b90                changeState
 .text.handleRadioAndTiming
                0x0000000000006c18       0xd0 Output/Debug/Obj/08oos_memberTest/IEEE802154E.o
 .text.handlePacketsAndBuffers
                0x0000000000006ce8       0xc4 Output/Debug/Obj/08oos_memberTest/IEEE802154E.o
 .text.handleCellManagement
                0x0000000000006dac       0xd4 Output/Debug/Obj/08oos_memberTest/IEEE802154E.o
 .text.finalizeSlot
                0x0000000000006e80       0x60 Output/Debug/Obj/08oos_memberTest/IEEE802154E.o
 .text.ieee154e_isSynch
                0x0000000000006ee0        0xc Output/Debug/Obj/08oos_memberTest/IEEE802154E.o
                0x0000000000006ee0                ieee154e_isSynch
 .text.endSlot  0x0000000000006eec       0x16 Output/Debug/Obj/08oos_memberTest/IEEE802154E.o
                0x0000000000006eec                endSlot
 .text.topology_isAcceptablePacket
                0x0000000000006f02        0xc Output/Debug/Obj/08oos_memberTest/topology.o
                0x0000000000006f02                topology_isAcceptablePacket
 *fill*         0x0000000000006f0e        0x2 
 .text.center_init
                0x0000000000006f10       0x68 Output/Debug/Obj/08oos_memberTest/center_schedule.o
                0x0000000000006f10                center_init
 .text.center_addSlot_reserve
                0x0000000000006f78       0x70 Output/Debug/Obj/08oos_memberTest/center_schedule.o
                0x0000000000006f78                center_addSlot_reserve
 .text.center_addSlot
                0x0000000000006fe8       0x56 Output/Debug/Obj/08oos_memberTest/center_schedule.o
                0x0000000000006fe8                center_addSlot
 *fill*         0x000000000000703e        0x2 
 .text.center_sendFrame
                0x0000000000007040       0x44 Output/Debug/Obj/08oos_memberTest/center_schedule.o
                0x0000000000007040                center_sendFrame
 .text.center_receiveFrame
                0x0000000000007084       0x44 Output/Debug/Obj/08oos_memberTest/center_schedule.o
                0x0000000000007084                center_receiveFrame
 .text.center_processBeacon
                0x00000000000070c8       0x3c Output/Debug/Obj/08oos_memberTest/center_schedule.o
                0x00000000000070c8                center_processBeacon
 .text.center_processDesync
                0x0000000000007104       0x30 Output/Debug/Obj/08oos_memberTest/center_schedule.o
                0x0000000000007104                center_processDesync
 .text.center_handleCommand
                0x0000000000007134       0x18 Output/Debug/Obj/08oos_memberTest/center_schedule.o
                0x0000000000007134                center_handleCommand
 .text.center_init_leader
                0x000000000000714c       0xc8 Output/Debug/Obj/08oos_memberTest/center_schedule_leader.o
                0x000000000000714c                center_init_leader
 .text.center_leader_sendFrame
                0x0000000000007214       0xc0 Output/Debug/Obj/08oos_memberTest/center_schedule_leader.o
                0x0000000000007214                center_leader_sendFrame
 .text.center_leader_receiveFrame
                0x00000000000072d4      0x290 Output/Debug/Obj/08oos_memberTest/center_schedule_leader.o
                0x00000000000072d4                center_leader_receiveFrame
 .text.center_leader_setParent
                0x0000000000007564       0x24 Output/Debug/Obj/08oos_memberTest/center_schedule_leader.o
                0x0000000000007564                center_leader_setParent
 .text.center_leader_getParent
                0x0000000000007588        0xc Output/Debug/Obj/08oos_memberTest/center_schedule_leader.o
                0x0000000000007588                center_leader_getParent
 .text.leader_handleJoinRequest
                0x0000000000007594      0x144 Output/Debug/Obj/08oos_memberTest/center_schedule_leader.o
 .text.leader_handleCommand
                0x00000000000076d8      0x118 Output/Debug/Obj/08oos_memberTest/center_schedule_leader.o
                0x00000000000076d8                leader_handleCommand
 .text.update_slot_resources
                0x00000000000077f0      0x140 Output/Debug/Obj/08oos_memberTest/center_schedule_leader.o
 .text.leader_handleSchedule
                0x0000000000007930       0x80 Output/Debug/Obj/08oos_memberTest/center_schedule_leader.o
 .text.do_allocation
                0x00000000000079b0      0x2b0 Output/Debug/Obj/08oos_memberTest/center_schedule_leader.o
 .text.leader_processSensorData
                0x0000000000007c60      0x148 Output/Debug/Obj/08oos_memberTest/center_schedule_leader.o
 .text.check_collection_complete
                0x0000000000007da8       0x8c Output/Debug/Obj/08oos_memberTest/center_schedule_leader.o
 .text.send_aggregated_data
                0x0000000000007e34      0x18c Output/Debug/Obj/08oos_memberTest/center_schedule_leader.o
 .text.collection_timeout_handler
                0x0000000000007fc0       0x28 Output/Debug/Obj/08oos_memberTest/center_schedule_leader.o
 .text.reset_collection_state
                0x0000000000007fe8       0x78 Output/Debug/Obj/08oos_memberTest/center_schedule_leader.o
 .text.leader_updateMemberState
                0x0000000000008060      0x21c Output/Debug/Obj/08oos_memberTest/center_schedule_leader.o
 .text.leader_notifyMemberStateChange
                0x000000000000827c      0x1f8 Output/Debug/Obj/08oos_memberTest/center_schedule_leader.o
 .text.leader_checkMembersOnline
                0x0000000000008474       0x20 Output/Debug/Obj/08oos_memberTest/center_schedule_leader.o
 .text.leader_checkMemberStatus
                0x0000000000008494       0xf4 Output/Debug/Obj/08oos_memberTest/center_schedule_leader.o
 .text.leader_notifyError
                0x0000000000008588       0xb0 Output/Debug/Obj/08oos_memberTest/center_schedule_leader.o
 .text.leader_initSchedule
                0x0000000000008638      0x2a0 Output/Debug/Obj/08oos_memberTest/center_schedule_leader.o
 .text.leader_sendCommand
                0x00000000000088d8      0x144 Output/Debug/Obj/08oos_memberTest/center_schedule_leader.o
 .text.isOkToSendEB
                0x0000000000008a1c        0xc Output/Debug/Obj/08oos_memberTest/center_schedule_leader.o
                0x0000000000008a1c                isOkToSendEB
 .text.center_init_member
                0x0000000000008a28      0x168 Output/Debug/Obj/08oos_memberTest/center_schedule_member.o
                0x0000000000008a28                center_init_member
 .text.center_member_receiveFrame
                0x0000000000008b90      0x19c Output/Debug/Obj/08oos_memberTest/center_schedule_member.o
                0x0000000000008b90                center_member_receiveFrame
 .text.center_member_setParent
                0x0000000000008d2c       0x24 Output/Debug/Obj/08oos_memberTest/center_schedule_member.o
                0x0000000000008d2c                center_member_setParent
 .text.center_member_getParent
                0x0000000000008d50        0xc Output/Debug/Obj/08oos_memberTest/center_schedule_member.o
                0x0000000000008d50                center_member_getParent
 .text.member_task_cb
                0x0000000000008d5c       0x38 Output/Debug/Obj/08oos_memberTest/center_schedule_member.o
 .text.member_sendJoinRequest
                0x0000000000008d94       0xc4 Output/Debug/Obj/08oos_memberTest/center_schedule_member.o
 .text.member_processBeacon
                0x0000000000008e58       0x64 Output/Debug/Obj/08oos_memberTest/center_schedule_member.o
                0x0000000000008e58                member_processBeacon
 .text.member_processDesync
                0x0000000000008ebc       0x10 Output/Debug/Obj/08oos_memberTest/center_schedule_member.o
                0x0000000000008ebc                member_processDesync
 .text.member_getTimeSinceLastBeacon
                0x0000000000008ecc       0x24 Output/Debug/Obj/08oos_memberTest/center_schedule_member.o
 .text.member_handleSchedule
                0x0000000000008ef0      0x13c Output/Debug/Obj/08oos_memberTest/center_schedule_member.o
 .text.member_checkConnection
                0x000000000000902c       0x30 Output/Debug/Obj/08oos_memberTest/center_schedule_member.o
 .text.member_enterLostState
                0x000000000000905c       0x30 Output/Debug/Obj/08oos_memberTest/center_schedule_member.o
 .text.member_clearSchedule
                0x000000000000908c       0x14 Output/Debug/Obj/08oos_memberTest/center_schedule_member.o
 .text.member_notifyError
                0x00000000000090a0       0xcc Output/Debug/Obj/08oos_memberTest/center_schedule_member.o
 .text.center_member_sendFrame
                0x000000000000916c       0xc0 Output/Debug/Obj/08oos_memberTest/center_schedule_member.o
                0x000000000000916c                center_member_sendFrame
 .text.root_initSchedule
                0x000000000000922c      0x160 Output/Debug/Obj/08oos_memberTest/center_schedule_root.o
 .text.center_init_root
                0x000000000000938c       0xb8 Output/Debug/Obj/08oos_memberTest/center_schedule_root.o
                0x000000000000938c                center_init_root
 .text.root_timer_cb
                0x0000000000009444       0x16 Output/Debug/Obj/08oos_memberTest/center_schedule_root.o
 *fill*         0x000000000000945a        0x2 
 .text.center_root_receiveFrame
                0x000000000000945c      0x124 Output/Debug/Obj/08oos_memberTest/center_schedule_root.o
                0x000000000000945c                center_root_receiveFrame
 .text.center_root_sendFrame
                0x0000000000009580       0xec Output/Debug/Obj/08oos_memberTest/center_schedule_root.o
                0x0000000000009580                center_root_sendFrame
 .text.root_task_cb
                0x000000000000966c        0xa Output/Debug/Obj/08oos_memberTest/center_schedule_root.o
 .text.root_sendToPC
                0x0000000000009676       0xa2 Output/Debug/Obj/08oos_memberTest/center_schedule_root.o
 .text.root_handleCommand
                0x0000000000009718       0xfc Output/Debug/Obj/08oos_memberTest/center_schedule_root.o
                0x0000000000009718                root_handleCommand
 .text.root_handleControl
                0x0000000000009814       0x36 Output/Debug/Obj/08oos_memberTest/center_schedule_root.o
 *fill*         0x000000000000984a        0x2 
 .text.root_sendStartCommand
                0x000000000000984c       0xf8 Output/Debug/Obj/08oos_memberTest/center_schedule_root.o
 .text.root_handleResourceConfig
                0x0000000000009944      0x340 Output/Debug/Obj/08oos_memberTest/center_schedule_root.o
 .text.root_handleScheduleAck
                0x0000000000009c84       0x64 Output/Debug/Obj/08oos_memberTest/center_schedule_root.o
 .text.root_handleStartAck
                0x0000000000009ce8       0x58 Output/Debug/Obj/08oos_memberTest/center_schedule_root.o
 .text.root_processSensorData
                0x0000000000009d40       0xe8 Output/Debug/Obj/08oos_memberTest/center_schedule_root.o
 .text.root_notifyLeaderStateChange
                0x0000000000009e28       0xb8 Output/Debug/Obj/08oos_memberTest/center_schedule_root.o
 .text.root_checkLeaderStatus
                0x0000000000009ee0       0x9c Output/Debug/Obj/08oos_memberTest/center_schedule_root.o
 .text.root_handleStateReport
                0x0000000000009f7c      0x118 Output/Debug/Obj/08oos_memberTest/center_schedule_root.o
 .text.root_handleError
                0x000000000000a094       0xd4 Output/Debug/Obj/08oos_memberTest/center_schedule_root.o
 .text.root_handleMacTest
                0x000000000000a168       0xec Output/Debug/Obj/08oos_memberTest/center_schedule_root.o
 .text.root_handleMacTestResponse
                0x000000000000a254       0x38 Output/Debug/Obj/08oos_memberTest/center_schedule_root.o
 .text.root_initTaskHandler
                0x000000000000a28c      0x234 Output/Debug/Obj/08oos_memberTest/center_schedule_tasks.o
                0x000000000000a28c                root_initTaskHandler
 .text.root_taskChooseLeader
                0x000000000000a4c0      0x184 Output/Debug/Obj/08oos_memberTest/center_schedule_tasks.o
                0x000000000000a4c0                root_taskChooseLeader
 .text.root_calcTaskResource
                0x000000000000a644      0x1f4 Output/Debug/Obj/08oos_memberTest/center_schedule_tasks.o
                0x000000000000a644                root_calcTaskResource
 .text.root_getResourceSendTask
                0x000000000000a838      0x43c Output/Debug/Obj/08oos_memberTest/center_schedule_tasks.o
                0x000000000000a838                root_getResourceSendTask
 .text.root_assignTask
                0x000000000000ac74      0x31c Output/Debug/Obj/08oos_memberTest/center_schedule_tasks.o
                0x000000000000ac74                root_assignTask
 .text.root_handleTask
                0x000000000000af90      0x1b4 Output/Debug/Obj/08oos_memberTest/center_schedule_tasks.o
                0x000000000000af90                root_handleTask
 .text.root_handleTaskResponse
                0x000000000000b144      0x294 Output/Debug/Obj/08oos_memberTest/center_schedule_tasks.o
                0x000000000000b144                root_handleTaskResponse
 .text.root_releaseTaskResources
                0x000000000000b3d8      0x260 Output/Debug/Obj/08oos_memberTest/center_schedule_tasks.o
 .text.root_handleTaskProgress
                0x000000000000b638      0x10c Output/Debug/Obj/08oos_memberTest/center_schedule_tasks.o
                0x000000000000b638                root_handleTaskProgress
 .text.leader_initTaskHandler
                0x000000000000b744      0x1c4 Output/Debug/Obj/08oos_memberTest/center_schedule_tasks.o
                0x000000000000b744                leader_initTaskHandler
 .text.leader_taskChooseMember
                0x000000000000b908       0xc4 Output/Debug/Obj/08oos_memberTest/center_schedule_tasks.o
                0x000000000000b908                leader_taskChooseMember
 .text.leader_slotAllocation
                0x000000000000b9cc      0x3c4 Output/Debug/Obj/08oos_memberTest/center_schedule_tasks.o
                0x000000000000b9cc                leader_slotAllocation
 .text.leader_assignTaskPrepare
                0x000000000000bd90      0x1e0 Output/Debug/Obj/08oos_memberTest/center_schedule_tasks.o
                0x000000000000bd90                leader_assignTaskPrepare
 .text.leader_handleTask
                0x000000000000bf70      0x2a4 Output/Debug/Obj/08oos_memberTest/center_schedule_tasks.o
                0x000000000000bf70                leader_handleTask
 .text.leader_handleTaskProgress
                0x000000000000c214      0x1f0 Output/Debug/Obj/08oos_memberTest/center_schedule_tasks.o
                0x000000000000c214                leader_handleTaskProgress
 .text.leader_taskCompleted
                0x000000000000c404      0x1a8 Output/Debug/Obj/08oos_memberTest/center_schedule_tasks.o
                0x000000000000c404                leader_taskCompleted
 .text.member_initTaskHandler
                0x000000000000c5ac       0xb0 Output/Debug/Obj/08oos_memberTest/center_schedule_tasks.o
                0x000000000000c5ac                member_initTaskHandler
 .text.member_handleTask
                0x000000000000c65c      0x324 Output/Debug/Obj/08oos_memberTest/center_schedule_tasks.o
                0x000000000000c65c                member_handleTask
 .text.member_notifTaskProgress
                0x000000000000c980      0x110 Output/Debug/Obj/08oos_memberTest/center_schedule_tasks.o
                0x000000000000c980                member_notifTaskProgress
 .text.member_sendProgress
                0x000000000000ca90       0x80 Output/Debug/Obj/08oos_memberTest/center_schedule_tasks.o
                0x000000000000ca90                member_sendProgress
 .text.task_queue_init
                0x000000000000cb10       0x40 Output/Debug/Obj/08oos_memberTest/center_schedule_tasks.o
                0x000000000000cb10                task_queue_init
 .text.task_queue_isEmpty
                0x000000000000cb50       0x34 Output/Debug/Obj/08oos_memberTest/center_schedule_tasks.o
                0x000000000000cb50                task_queue_isEmpty
 .text.task_queue_isFull
                0x000000000000cb84       0x38 Output/Debug/Obj/08oos_memberTest/center_schedule_tasks.o
                0x000000000000cb84                task_queue_isFull
 .text.task_queue_enqueue
                0x000000000000cbbc       0x80 Output/Debug/Obj/08oos_memberTest/center_schedule_tasks.o
                0x000000000000cbbc                task_queue_enqueue
 .text.task_queue_dequeue
                0x000000000000cc3c       0x90 Output/Debug/Obj/08oos_memberTest/center_schedule_tasks.o
                0x000000000000cc3c                task_queue_dequeue
 .text.task_queue_peek
                0x000000000000cccc       0x58 Output/Debug/Obj/08oos_memberTest/center_schedule_tasks.o
                0x000000000000cccc                task_queue_peek
 .text.task_queue_loop
                0x000000000000cd24       0x74 Output/Debug/Obj/08oos_memberTest/center_schedule_tasks.o
                0x000000000000cd24                task_queue_loop
 .text.task_queue_clear
                0x000000000000cd98       0x34 Output/Debug/Obj/08oos_memberTest/center_schedule_tasks.o
                0x000000000000cd98                task_queue_clear
 .text.task_findAvailSlots
                0x000000000000cdcc       0x6c Output/Debug/Obj/08oos_memberTest/center_schedule_tasks.o
                0x000000000000cdcc                task_findAvailSlots
 .text.task_findFirstInactive
                0x000000000000ce38       0xa8 Output/Debug/Obj/08oos_memberTest/center_schedule_tasks.o
                0x000000000000ce38                task_findFirstInactive
 .text.task_findFreeTaskContainer
                0x000000000000cee0       0xcc Output/Debug/Obj/08oos_memberTest/center_schedule_tasks.o
                0x000000000000cee0                task_findFreeTaskContainer
 .text.task_freeTaskContainer
                0x000000000000cfac       0x48 Output/Debug/Obj/08oos_memberTest/center_schedule_tasks.o
                0x000000000000cfac                task_freeTaskContainer
 .text.task_getFreeTaskList
                0x000000000000cff4       0xdc Output/Debug/Obj/08oos_memberTest/center_schedule_tasks.o
                0x000000000000cff4                task_getFreeTaskList
 .text.task_rslotToSlot
                0x000000000000d0d0       0xf6 Output/Debug/Obj/08oos_memberTest/center_schedule_tasks.o
                0x000000000000d0d0                task_rslotToSlot
 *fill*         0x000000000000d1c6        0x2 
 .text.task_slotToCslot
                0x000000000000d1c8       0xb4 Output/Debug/Obj/08oos_memberTest/center_schedule_tasks.o
                0x000000000000d1c8                task_slotToCslot
 .text.task_mayStart
                0x000000000000d27c      0x148 Output/Debug/Obj/08oos_memberTest/center_schedule_tasks.o
                0x000000000000d27c                task_mayStart
 .text.task_getGlobalTask
                0x000000000000d3c4       0x18 Output/Debug/Obj/08oos_memberTest/center_schedule_tasks.o
                0x000000000000d3c4                task_getGlobalTask
 .text.task_getPredefinedTask
                0x000000000000d3dc       0x30 Output/Debug/Obj/08oos_memberTest/center_schedule_tasks.o
                0x000000000000d3dc                task_getPredefinedTask
 .text.task_freeRootResources
                0x000000000000d40c      0x15c Output/Debug/Obj/08oos_memberTest/center_schedule_tasks.o
 .text.task_freeLeaderResources
                0x000000000000d568      0x144 Output/Debug/Obj/08oos_memberTest/center_schedule_tasks.o
 .text.task_freeMemberResources
                0x000000000000d6ac       0xdc Output/Debug/Obj/08oos_memberTest/center_schedule_tasks.o
 .text.task_freeAll
                0x000000000000d788       0x54 Output/Debug/Obj/08oos_memberTest/center_schedule_tasks.o
                0x000000000000d788                task_freeAll
 .text.msf_updateCellsElapsed
                0x000000000000d7dc       0x10 Output/Debug/Obj/08oos_memberTest/msf.o
                0x000000000000d7dc                msf_updateCellsElapsed
 .text.msf_updateCellsUsed
                0x000000000000d7ec       0x50 Output/Debug/Obj/08oos_memberTest/msf.o
                0x000000000000d7ec                msf_updateCellsUsed
 .text.neighbors_init
                0x000000000000d83c       0x18 Output/Debug/Obj/08oos_memberTest/neighbors.o
                0x000000000000d83c                neighbors_init
 .text.neighbors_getNumNeighbors
                0x000000000000d854       0x54 Output/Debug/Obj/08oos_memberTest/neighbors.o
                0x000000000000d854                neighbors_getNumNeighbors
 .text.neighbors_getKANeighbor
                0x000000000000d8a8       0x68 Output/Debug/Obj/08oos_memberTest/neighbors.o
                0x000000000000d8a8                neighbors_getKANeighbor
 .text.neighbors_getSequenceNumber
                0x000000000000d910       0x68 Output/Debug/Obj/08oos_memberTest/neighbors.o
                0x000000000000d910                neighbors_getSequenceNumber
 .text.neighbors_indicateRx
                0x000000000000d978      0x2c8 Output/Debug/Obj/08oos_memberTest/neighbors.o
                0x000000000000d978                neighbors_indicateRx
 .text.neighbors_indicateTx
                0x000000000000dc40      0x1f8 Output/Debug/Obj/08oos_memberTest/neighbors.o
                0x000000000000dc40                neighbors_indicateTx
 .text.neighbors_updateSequenceNumber
                0x000000000000de38       0xb8 Output/Debug/Obj/08oos_memberTest/neighbors.o
                0x000000000000de38                neighbors_updateSequenceNumber
 .text.neighbors_resetSequenceNumber
                0x000000000000def0       0x6c Output/Debug/Obj/08oos_memberTest/neighbors.o
                0x000000000000def0                neighbors_resetSequenceNumber
 .text.neighbors_getNeighborEui64
                0x000000000000df5c       0x88 Output/Debug/Obj/08oos_memberTest/neighbors.o
                0x000000000000df5c                neighbors_getNeighborEui64
 .text.neighbors_updateBackoff
                0x000000000000dfe4       0xe4 Output/Debug/Obj/08oos_memberTest/neighbors.o
                0x000000000000dfe4                neighbors_updateBackoff
 .text.neighbors_decreaseBackoff
                0x000000000000e0c8       0x9c Output/Debug/Obj/08oos_memberTest/neighbors.o
                0x000000000000e0c8                neighbors_decreaseBackoff
 .text.neighbors_backoffHitZero
                0x000000000000e164       0x8c Output/Debug/Obj/08oos_memberTest/neighbors.o
                0x000000000000e164                neighbors_backoffHitZero
 .text.neighbors_resetBackoff
                0x000000000000e1f0       0x84 Output/Debug/Obj/08oos_memberTest/neighbors.o
                0x000000000000e1f0                neighbors_resetBackoff
 .text.registerNewNeighbor
                0x000000000000e274      0x2c8 Output/Debug/Obj/08oos_memberTest/neighbors.o
                0x000000000000e274                registerNewNeighbor
 .text.isNeighbor
                0x000000000000e53c       0x46 Output/Debug/Obj/08oos_memberTest/neighbors.o
                0x000000000000e53c                isNeighbor
 *fill*         0x000000000000e582        0x2 
 .text.isThisRowMatching
                0x000000000000e584       0x7c Output/Debug/Obj/08oos_memberTest/neighbors.o
                0x000000000000e584                isThisRowMatching
 .text.schedule_init
                0x000000000000e600       0xac Output/Debug/Obj/08oos_memberTest/schedule.o
                0x000000000000e600                schedule_init
 .text.schedule_startDAGroot
                0x000000000000e6ac       0x7c Output/Debug/Obj/08oos_memberTest/schedule.o
                0x000000000000e6ac                schedule_startDAGroot
 .text.schedule_setFrameLength
                0x000000000000e728       0x38 Output/Debug/Obj/08oos_memberTest/schedule.o
                0x000000000000e728                schedule_setFrameLength
 .text.schedule_setFrameHandle
                0x000000000000e760       0x24 Output/Debug/Obj/08oos_memberTest/schedule.o
                0x000000000000e760                schedule_setFrameHandle
 .text.schedule_setFrameNumber
                0x000000000000e784       0x24 Output/Debug/Obj/08oos_memberTest/schedule.o
                0x000000000000e784                schedule_setFrameNumber
 .text.schedule_getSlotInfo
                0x000000000000e7a8       0xa4 Output/Debug/Obj/08oos_memberTest/schedule.o
                0x000000000000e7a8                schedule_getSlotInfo
 .text.schedule_addActiveSlot
                0x000000000000e84c      0x1dc Output/Debug/Obj/08oos_memberTest/schedule.o
                0x000000000000e84c                schedule_addActiveSlot
 .text.schedule_removeActiveSlot
                0x000000000000ea28      0x104 Output/Debug/Obj/08oos_memberTest/schedule.o
                0x000000000000ea28                schedule_removeActiveSlot
 .text.schedule_isSlotOffsetAvailable
                0x000000000000eb2c       0x60 Output/Debug/Obj/08oos_memberTest/schedule.o
                0x000000000000eb2c                schedule_isSlotOffsetAvailable
 .text.schedule_removeAllMoveableCells
                0x000000000000eb8c      0x32c Output/Debug/Obj/08oos_memberTest/schedule.o
                0x000000000000eb8c                schedule_removeAllMoveableCells
 .text.schedule_removeAllNegotiatedCellsToNeighbor
                0x000000000000eeb8       0xc4 Output/Debug/Obj/08oos_memberTest/schedule.o
                0x000000000000eeb8                schedule_removeAllNegotiatedCellsToNeighbor
 .text.schedule_getNumberOfFreeEntries
                0x000000000000ef7c       0x5c Output/Debug/Obj/08oos_memberTest/schedule.o
                0x000000000000ef7c                schedule_getNumberOfFreeEntries
 .text.schedule_hasNegotiatedCellToNeighbor
                0x000000000000efd8       0xb0 Output/Debug/Obj/08oos_memberTest/schedule.o
                0x000000000000efd8                schedule_hasNegotiatedCellToNeighbor
 .text.schedule_syncSlotOffset
                0x000000000000f088       0x34 Output/Debug/Obj/08oos_memberTest/schedule.o
                0x000000000000f088                schedule_syncSlotOffset
 .text.schedule_advanceSlot
                0x000000000000f0bc       0x20 Output/Debug/Obj/08oos_memberTest/schedule.o
                0x000000000000f0bc                schedule_advanceSlot
 .text.schedule_getNextActiveSlotOffset
                0x000000000000f0dc       0x28 Output/Debug/Obj/08oos_memberTest/schedule.o
                0x000000000000f0dc                schedule_getNextActiveSlotOffset
 .text.schedule_getFrameLength
                0x000000000000f104       0x24 Output/Debug/Obj/08oos_memberTest/schedule.o
                0x000000000000f104                schedule_getFrameLength
 .text.schedule_getType
                0x000000000000f128       0x24 Output/Debug/Obj/08oos_memberTest/schedule.o
                0x000000000000f128                schedule_getType
 .text.schedule_getShared
                0x000000000000f14c       0x24 Output/Debug/Obj/08oos_memberTest/schedule.o
                0x000000000000f14c                schedule_getShared
 .text.schedule_getIsAutoCell
                0x000000000000f170       0x24 Output/Debug/Obj/08oos_memberTest/schedule.o
                0x000000000000f170                schedule_getIsAutoCell
 .text.schedule_getNeighbor
                0x000000000000f194       0x2c Output/Debug/Obj/08oos_memberTest/schedule.o
                0x000000000000f194                schedule_getNeighbor
 .text.schedule_getSlottOffset
                0x000000000000f1c0       0x28 Output/Debug/Obj/08oos_memberTest/schedule.o
                0x000000000000f1c0                schedule_getSlottOffset
 .text.schedule_getChannelOffset
                0x000000000000f1e8       0x24 Output/Debug/Obj/08oos_memberTest/schedule.o
                0x000000000000f1e8                schedule_getChannelOffset
 .text.schedule_getOkToSend
                0x000000000000f20c       0x94 Output/Debug/Obj/08oos_memberTest/schedule.o
                0x000000000000f20c                schedule_getOkToSend
 .text.schedule_resetBackoff
                0x000000000000f2a0       0x20 Output/Debug/Obj/08oos_memberTest/schedule.o
                0x000000000000f2a0                schedule_resetBackoff
 .text.schedule_indicateRx
                0x000000000000f2c0       0x3c Output/Debug/Obj/08oos_memberTest/schedule.o
                0x000000000000f2c0                schedule_indicateRx
 .text.schedule_indicateTx
                0x000000000000f2fc      0x12c Output/Debug/Obj/08oos_memberTest/schedule.o
                0x000000000000f2fc                schedule_indicateTx
 .text.schedule_getOneCellAfterOffset
                0x000000000000f428       0xa4 Output/Debug/Obj/08oos_memberTest/schedule.o
                0x000000000000f428                schedule_getOneCellAfterOffset
 .text.schedule_resetEntry
                0x000000000000f4cc       0x72 Output/Debug/Obj/08oos_memberTest/schedule.o
                0x000000000000f4cc                schedule_resetEntry
 .text.schedule_resetBackupEntry
                0x000000000000f53e       0x6c Output/Debug/Obj/08oos_memberTest/schedule.o
                0x000000000000f53e                schedule_resetBackupEntry
 *fill*         0x000000000000f5aa        0x2 
 .text.sixtop_init
                0x000000000000f5ac       0xc0 Output/Debug/Obj/08oos_memberTest/sixtop.o
                0x000000000000f5ac                sixtop_init
 .text.sixtop_send
                0x000000000000f66c       0x62 Output/Debug/Obj/08oos_memberTest/sixtop.o
                0x000000000000f66c                sixtop_send
 *fill*         0x000000000000f6ce        0x2 
 .text.task_sixtopNotifSendDone
                0x000000000000f6d0       0xd0 Output/Debug/Obj/08oos_memberTest/sixtop.o
                0x000000000000f6d0                task_sixtopNotifSendDone
 .text.task_sixtopNotifReceive
                0x000000000000f7a0      0x144 Output/Debug/Obj/08oos_memberTest/sixtop.o
                0x000000000000f7a0                task_sixtopNotifReceive
 .text.sixtop_send_internal
                0x000000000000f8e4       0x8c Output/Debug/Obj/08oos_memberTest/sixtop.o
                0x000000000000f8e4                sixtop_send_internal
 .text.sixtop_sendingEb_timer_cb
                0x000000000000f970       0x16 Output/Debug/Obj/08oos_memberTest/sixtop.o
                0x000000000000f970                sixtop_sendingEb_timer_cb
 .text.sixtop_maintenance_timer_cb
                0x000000000000f986       0x16 Output/Debug/Obj/08oos_memberTest/sixtop.o
                0x000000000000f986                sixtop_maintenance_timer_cb
 .text.sixtop_timeout_timer_cb
                0x000000000000f99c       0x16 Output/Debug/Obj/08oos_memberTest/sixtop.o
                0x000000000000f99c                sixtop_timeout_timer_cb
 .text.timer_sixtop_sendEb_fired
                0x000000000000f9b2       0x1a Output/Debug/Obj/08oos_memberTest/sixtop.o
                0x000000000000f9b2                timer_sixtop_sendEb_fired
 .text.timer_sixtop_management_fired
                0x000000000000f9cc       0x50 Output/Debug/Obj/08oos_memberTest/sixtop.o
                0x000000000000f9cc                timer_sixtop_management_fired
 .text.sixtop_sendEB
                0x000000000000fa1c      0x204 Output/Debug/Obj/08oos_memberTest/sixtop.o
                0x000000000000fa1c                sixtop_sendEB
 .text.sixtop_sendKA
                0x000000000000fc20       0xe0 Output/Debug/Obj/08oos_memberTest/sixtop.o
                0x000000000000fc20                sixtop_sendKA
 .text.timer_sixtop_six2six_timeout_fired
                0x000000000000fd00       0x48 Output/Debug/Obj/08oos_memberTest/sixtop.o
                0x000000000000fd00                timer_sixtop_six2six_timeout_fired
 .text.sixtop_six2six_sendDone
                0x000000000000fd48      0x1d4 Output/Debug/Obj/08oos_memberTest/sixtop.o
                0x000000000000fd48                sixtop_six2six_sendDone
 .text.sixtop_processIEs
                0x000000000000ff1c      0x1f4 Output/Debug/Obj/08oos_memberTest/sixtop.o
                0x000000000000ff1c                sixtop_processIEs
 .text.sixtop_six2six_notifyReceive
                0x0000000000010110     0x1478 Output/Debug/Obj/08oos_memberTest/sixtop.o
                0x0000000000010110                sixtop_six2six_notifyReceive
 .text.sixtop_addCells
                0x0000000000011588       0xea Output/Debug/Obj/08oos_memberTest/sixtop.o
                0x0000000000011588                sixtop_addCells
 .text.sixtop_removeCells
                0x0000000000011672       0xcc Output/Debug/Obj/08oos_memberTest/sixtop.o
                0x0000000000011672                sixtop_removeCells
 .text.sixtop_areAvailableCellsToBeScheduled
                0x000000000001173e       0xe0 Output/Debug/Obj/08oos_memberTest/sixtop.o
                0x000000000001173e                sixtop_areAvailableCellsToBeScheduled
 .text.sixtop_areAvailableCellsToBeRemoved
                0x000000000001181e      0x16a Output/Debug/Obj/08oos_memberTest/sixtop.o
                0x000000000001181e                sixtop_areAvailableCellsToBeRemoved
 .text.idmanager_init
                0x0000000000011988      0x104 Output/Debug/Obj/08oos_memberTest/idmanager.o
                0x0000000000011988                idmanager_init
 .text.idmanager_getIsDAGroot
                0x0000000000011a8c       0x20 Output/Debug/Obj/08oos_memberTest/idmanager.o
                0x0000000000011a8c                idmanager_getIsDAGroot
 .text.idmanager_setIsDAGroot
                0x0000000000011aac       0x30 Output/Debug/Obj/08oos_memberTest/idmanager.o
                0x0000000000011aac                idmanager_setIsDAGroot
 .text.idmanager_getIsSlotSkip
                0x0000000000011adc       0x24 Output/Debug/Obj/08oos_memberTest/idmanager.o
                0x0000000000011adc                idmanager_getIsSlotSkip
 .text.idmanager_getMyID
                0x0000000000011b00       0x84 Output/Debug/Obj/08oos_memberTest/idmanager.o
                0x0000000000011b00                idmanager_getMyID
 .text.idmanager_setMyID
                0x0000000000011b84       0xcc Output/Debug/Obj/08oos_memberTest/idmanager.o
                0x0000000000011b84                idmanager_setMyID
 .text.idmanager_isMyAddress
                0x0000000000011c50      0x104 Output/Debug/Obj/08oos_memberTest/idmanager.o
                0x0000000000011c50                idmanager_isMyAddress
 .text.idmanager_triggerAboutRoot
                0x0000000000011d54      0x114 Output/Debug/Obj/08oos_memberTest/idmanager.o
                0x0000000000011d54                idmanager_triggerAboutRoot
 .text.openqueue_init
                0x0000000000011e68       0x44 Output/Debug/Obj/08oos_memberTest/openqueue.o
                0x0000000000011e68                openqueue_init
 .text.debugPrint_queue
                0x0000000000011eac       0xa4 Output/Debug/Obj/08oos_memberTest/openqueue.o
                0x0000000000011eac                debugPrint_queue
 .text.openqueue_getFreePacketBuffer
                0x0000000000011f50       0xc8 Output/Debug/Obj/08oos_memberTest/openqueue.o
                0x0000000000011f50                openqueue_getFreePacketBuffer
 .text.openqueue_freePacketBuffer
                0x0000000000012018       0xa4 Output/Debug/Obj/08oos_memberTest/openqueue.o
                0x0000000000012018                openqueue_freePacketBuffer
 .text.openqueue_removeAllCreatedBy
                0x00000000000120bc       0x80 Output/Debug/Obj/08oos_memberTest/openqueue.o
                0x00000000000120bc                openqueue_removeAllCreatedBy
 .text.openqueue_sixtopGetSentPacket
                0x000000000001213c       0x74 Output/Debug/Obj/08oos_memberTest/openqueue.o
                0x000000000001213c                openqueue_sixtopGetSentPacket
 .text.openqueue_sixtopGetReceivedPacket
                0x00000000000121b0       0x74 Output/Debug/Obj/08oos_memberTest/openqueue.o
                0x00000000000121b0                openqueue_sixtopGetReceivedPacket
 .text.openqueue_getNum6PResp
                0x0000000000012224       0x88 Output/Debug/Obj/08oos_memberTest/openqueue.o
                0x0000000000012224                openqueue_getNum6PResp
 .text.openqueue_remove6PrequestToNeighbor
                0x00000000000122ac       0xb4 Output/Debug/Obj/08oos_memberTest/openqueue.o
                0x00000000000122ac                openqueue_remove6PrequestToNeighbor
 .text.openqueue_isHighPriorityEntryEnough
                0x0000000000012360       0x7c Output/Debug/Obj/08oos_memberTest/openqueue.o
                0x0000000000012360                openqueue_isHighPriorityEntryEnough
 .text.openqueue_macGetBroadcastPacket
                0x00000000000123dc       0x8c Output/Debug/Obj/08oos_memberTest/openqueue.o
                0x00000000000123dc                openqueue_macGetBroadcastPacket
 .text.openqueue_macGetEBPacket
                0x0000000000012468       0x98 Output/Debug/Obj/08oos_memberTest/openqueue.o
                0x0000000000012468                openqueue_macGetEBPacket
 .text.openqueue_macGetKaPacket
                0x0000000000012500       0xa4 Output/Debug/Obj/08oos_memberTest/openqueue.o
                0x0000000000012500                openqueue_macGetKaPacket
 .text.openqueue_macGetDIOPacket
                0x00000000000125a4       0x98 Output/Debug/Obj/08oos_memberTest/openqueue.o
                0x00000000000125a4                openqueue_macGetDIOPacket
 .text.openqueue_macGetUnicastPacket
                0x000000000001263c      0x130 Output/Debug/Obj/08oos_memberTest/openqueue.o
                0x000000000001263c                openqueue_macGetUnicastPacket
 .text.openqueue_reset_entry
                0x000000000001276c       0xa8 Output/Debug/Obj/08oos_memberTest/openqueue.o
                0x000000000001276c                openqueue_reset_entry
 .text.openrandom_init
                0x0000000000012814       0x28 Output/Debug/Obj/08oos_memberTest/openrandom.o
                0x0000000000012814                openrandom_init
 .text.openrandom_get16b
                0x000000000001283c       0x7c Output/Debug/Obj/08oos_memberTest/openrandom.o
                0x000000000001283c                openrandom_get16b
 .text.packetfunctions_mac64bToMac16b
                0x00000000000128b8       0x48 Output/Debug/Obj/08oos_memberTest/packetfunctions.o
                0x00000000000128b8                packetfunctions_mac64bToMac16b
 .text.packetfunctions_isBroadcastMulticast
                0x0000000000012900       0x9a Output/Debug/Obj/08oos_memberTest/packetfunctions.o
                0x0000000000012900                packetfunctions_isBroadcastMulticast
 .text.packetfunctions_sameAddress
                0x000000000001299a       0xd4 Output/Debug/Obj/08oos_memberTest/packetfunctions.o
                0x000000000001299a                packetfunctions_sameAddress
 *fill*         0x0000000000012a6e        0x2 
 .text.packetfunctions_readAddress
                0x0000000000012a70       0xd4 Output/Debug/Obj/08oos_memberTest/packetfunctions.o
                0x0000000000012a70                packetfunctions_readAddress
 .text.packetfunctions_writeAddress
                0x0000000000012b44       0xd4 Output/Debug/Obj/08oos_memberTest/packetfunctions.o
                0x0000000000012b44                packetfunctions_writeAddress
 .text.packetfunctions_reserveHeader
                0x0000000000012c18       0xce Output/Debug/Obj/08oos_memberTest/packetfunctions.o
                0x0000000000012c18                packetfunctions_reserveHeader
 .text.packetfunctions_tossHeader
                0x0000000000012ce6       0x88 Output/Debug/Obj/08oos_memberTest/packetfunctions.o
                0x0000000000012ce6                packetfunctions_tossHeader
 .text.packetfunctions_reserveFooter
                0x0000000000012d6e       0x5c Output/Debug/Obj/08oos_memberTest/packetfunctions.o
                0x0000000000012d6e                packetfunctions_reserveFooter
 .text.packetfunctions_tossFooter
                0x0000000000012dca       0x56 Output/Debug/Obj/08oos_memberTest/packetfunctions.o
                0x0000000000012dca                packetfunctions_tossFooter
 .text.packetfunctions_duplicatePacket
                0x0000000000012e20       0x8a Output/Debug/Obj/08oos_memberTest/packetfunctions.o
                0x0000000000012e20                packetfunctions_duplicatePacket
 .text.openstack_init
                0x0000000000012eaa       0x8c Output/Debug/Obj/08oos_memberTest/openstack.o
                0x0000000000012eaa                openstack_init
 *fill*         0x0000000000012f36        0x2 
 .text.libc.strlen
                0x0000000000012f38       0x60 C:/Program Files/SEGGER/SEGGER Embedded Studio for ARM 6.30/lib/libc_v7em_fpv4_sp_d16_hard_t_le_eabi_balanced.a(strasmops_arm.o)
                0x0000000000012f38                strlen
 .text.libc.memcpy
                0x0000000000012f98       0x64 C:/Program Files/SEGGER/SEGGER Embedded Studio for ARM 6.30/lib/libc_v7em_fpv4_sp_d16_hard_t_le_eabi_balanced.a(strasmops_arm.o)
                0x0000000000012f98                __aeabi_memcpy
                0x0000000000012f98                memcpy
                0x0000000000012fba                __aeabi_memcpy8
                0x0000000000012fba                __aeabi_memcpy4
 .text.libc.__aeabi_memclr
                0x0000000000012ffc       0x68 C:/Program Files/SEGGER/SEGGER Embedded Studio for ARM 6.30/lib/libc_v7em_fpv4_sp_d16_hard_t_le_eabi_balanced.a(strasmops_arm.o)
                0x0000000000012ffc                __aeabi_memclr8
                0x0000000000012ffc                __aeabi_memclr
                0x0000000000012ffc                __aeabi_memclr4
                0x0000000000012ffe                __aeabi_memset4
                0x0000000000012ffe                __aeabi_memset8
                0x0000000000012ffe                __aeabi_memset
                0x0000000000013004                memset
 .text.libc.memcmp
                0x0000000000013064       0x46 C:/Program Files/SEGGER/SEGGER Embedded Studio for ARM 6.30/lib/libc_v7em_fpv4_sp_d16_hard_t_le_eabi_balanced.a(strops.o)
                0x0000000000013064                memcmp
 .text.libc.strnlen
                0x00000000000130aa       0x4c C:/Program Files/SEGGER/SEGGER Embedded Studio for ARM 6.30/lib/libc_v7em_fpv4_sp_d16_hard_t_le_eabi_balanced.a(strops.o)
                0x00000000000130aa                strnlen
 .text.libc.__SEGGER_RTL_putc
                0x00000000000130f6       0x90 C:/Program Files/SEGGER/SEGGER Embedded Studio for ARM 6.30/lib/libc_v7em_fpv4_sp_d16_hard_t_le_eabi_balanced.a(prinops.o)
                0x00000000000130f6                __SEGGER_RTL_putc
 .text.libc.__SEGGER_RTL_prin_flush
                0x0000000000013186       0x16 C:/Program Files/SEGGER/SEGGER Embedded Studio for ARM 6.30/lib/libc_v7em_fpv4_sp_d16_hard_t_le_eabi_balanced.a(prinops.o)
                0x0000000000013186                __SEGGER_RTL_prin_flush
 .text.libc.__SEGGER_RTL_print_padding
                0x000000000001319c       0x1e C:/Program Files/SEGGER/SEGGER Embedded Studio for ARM 6.30/lib/libc_v7em_fpv4_sp_d16_hard_t_le_eabi_balanced.a(prinops.o)
                0x000000000001319c                __SEGGER_RTL_print_padding
 .text.libc.__SEGGER_RTL_pre_padding
                0x00000000000131ba       0x12 C:/Program Files/SEGGER/SEGGER Embedded Studio for ARM 6.30/lib/libc_v7em_fpv4_sp_d16_hard_t_le_eabi_balanced.a(prinops.o)
                0x00000000000131ba                __SEGGER_RTL_pre_padding
 .text.libc.__SEGGER_RTL_init_prin
                0x00000000000131cc       0x18 C:/Program Files/SEGGER/SEGGER Embedded Studio for ARM 6.30/lib/libc_v7em_fpv4_sp_d16_hard_t_le_eabi_balanced.a(prinops.o)
                0x00000000000131cc                __SEGGER_RTL_init_prin
 .text.libc.snprintf
                0x00000000000131e4       0x32 C:/Program Files/SEGGER/SEGGER Embedded Studio for ARM 6.30/lib/libc_v7em_fpv4_sp_d16_hard_t_le_eabi_balanced.a(prinops.o)
                0x00000000000131e4                snprintf
 *fill*         0x0000000000013216        0x2 
 .text.libc.__SEGGER_RTL_vfprintf_long
                0x0000000000013218      0x570 C:/Program Files/SEGGER/SEGGER Embedded Studio for ARM 6.30/lib/libc_v7em_fpv4_sp_d16_hard_t_le_eabi_balanced.a(__SEGGER_RTL_vfprintf_long.o)
                0x0000000000013218                __SEGGER_RTL_vfprintf_long
 .text.libc.__aeabi_uldivmod
                0x0000000000013788      0x130 C:/Program Files/SEGGER/SEGGER Embedded Studio for ARM 6.30/lib/libc_v7em_fpv4_sp_d16_hard_t_le_eabi_balanced.a(intasmops_arm.o)
                0x0000000000013788                __aeabi_uldivmod
 .text.libc.__SEGGER_RTL_current_locale
                0x00000000000138b8       0x1a C:/Program Files/SEGGER/SEGGER Embedded Studio for ARM 6.30/lib/libc_v7em_fpv4_sp_d16_hard_t_le_eabi_balanced.a(mbops.o)
                0x00000000000138b8                __SEGGER_RTL_current_locale
 .text.libc.__SEGGER_RTL_ascii_mbtowc
                0x00000000000138d2       0x2e C:/Program Files/SEGGER/SEGGER Embedded Studio for ARM 6.30/lib/libc_v7em_fpv4_sp_d16_hard_t_le_eabi_balanced.a(mbops.o)
                0x00000000000138d2                __SEGGER_RTL_ascii_mbtowc
 .text.libc.__SEGGER_RTL_ascii_wctomb
                0x0000000000013900        0xe C:/Program Files/SEGGER/SEGGER Embedded Studio for ARM 6.30/lib/libc_v7em_fpv4_sp_d16_hard_t_le_eabi_balanced.a(mbops.o)
                0x0000000000013900                __SEGGER_RTL_ascii_wctomb
 .text.libc.__SEGGER_RTL_ascii_isctype
                0x000000000001390e       0x20 C:/Program Files/SEGGER/SEGGER Embedded Studio for ARM 6.30/lib/libc_v7em_fpv4_sp_d16_hard_t_le_eabi_balanced.a(mbops.o)
 .text.libc.__SEGGER_RTL_ascii_toupper
                0x000000000001392e        0xc C:/Program Files/SEGGER/SEGGER Embedded Studio for ARM 6.30/lib/libc_v7em_fpv4_sp_d16_hard_t_le_eabi_balanced.a(mbops.o)
 .text.libc.__SEGGER_RTL_ascii_tolower